Component: ARM Compiler 5.06 update 7 (build 960) Tool: armlink [4d3601]

==============================================================================

Section Cross References

    trabajo.o(i.ADC_IRQHandler) refers to _printf_percent.o(.ARM.Collect$$_printf_percent$$00000000) for _printf_percent
    trabajo.o(i.ADC_IRQHandler) refers to _printf_f.o(.ARM.Collect$$_printf_percent$$00000003) for _printf_f
    trabajo.o(i.ADC_IRQHandler) refers to printf1.o(x$fpl$printf1) for _printf_fp_dec
    trabajo.o(i.ADC_IRQHandler) refers to dflt_clz.o(x$fpl$dflt) for __aeabi_i2d
    trabajo.o(i.ADC_IRQHandler) refers to dmul.o(x$fpl$dmul) for __aeabi_dmul
    trabajo.o(i.ADC_IRQHandler) refers to ddiv.o(x$fpl$ddiv) for __aeabi_ddiv
    trabajo.o(i.ADC_IRQHandler) refers to daddsub_clz.o(x$fpl$dadd) for __aeabi_dadd
    trabajo.o(i.ADC_IRQHandler) refers to d2f.o(x$fpl$d2f) for __aeabi_d2f
    trabajo.o(i.ADC_IRQHandler) refers to trabajo.o(i._Z12send_comandoc) for send_comando(char)
    trabajo.o(i.ADC_IRQHandler) refers to noretval__2sprintf.o(.text) for __2sprintf
    trabajo.o(i.ADC_IRQHandler) refers to trabajo.o(i._Z9send_datoc) for send_dato(char)
    trabajo.o(i.ADC_IRQHandler) refers to trabajo.o(.data) for canalDC
    trabajo.o(i.ADC_IRQHandler) refers to trabajo.o(.bss) for distancia
    trabajo.o(i.SysTick_Handler) refers to trabajo.o(i._Z8PromedioPf) for Promedio(float*)
    trabajo.o(i.SysTick_Handler) refers to trabajo.o(i._Z11LuminosidadPff) for Luminosidad(float*, float)
    trabajo.o(i.SysTick_Handler) refers to dflt_clz.o(x$fpl$dflt) for __aeabi_i2d
    trabajo.o(i.SysTick_Handler) refers to dmul.o(x$fpl$dmul) for __aeabi_dmul
    trabajo.o(i.SysTick_Handler) refers to ddiv.o(x$fpl$ddiv) for __aeabi_ddiv
    trabajo.o(i.SysTick_Handler) refers to dfixu.o(x$fpl$dfixu) for __aeabi_d2uiz
    trabajo.o(i.SysTick_Handler) refers to usart2.o(i._Z10SendUsart2cPcif) for SendUsart2(char, char*, int, float)
    trabajo.o(i.SysTick_Handler) refers to trabajo.o(.data) for CondicionDatos
    trabajo.o(i.SysTick_Handler) refers to trabajo.o(.bss) for distancia
    trabajo.o(i.main) refers to usart2.o(i._Z19ConfiguracionUsart2v) for ConfiguracionUsart2()
    trabajo.o(i.main) refers to trabajo.o(i._Z12send_comandoc) for send_comando(char)
    trabajo.o(i.main) refers to trabajo.o(i._Z9send_datoc) for send_dato(char)
    trabajo.o(i.main) refers to system_stm32f4xx.o(i.SystemCoreClockUpdate) for SystemCoreClockUpdate
    trabajo.o(i.main) refers to trabajo.o(.data) for clear
    trabajo.o(i.main) refers to system_stm32f4xx.o(.data) for SystemCoreClock
    trabajo.o(.ARM.exidx) refers to trabajo.o(i._Z12send_comandoc) for i._Z12send_comandoc
    trabajo.o(.ARM.exidx) refers to trabajo.o(i._Z9send_datoc) for i._Z9send_datoc
    trabajo.o(.ARM.exidx) refers to trabajo.o(i._Z8PromedioPf) for i._Z8PromedioPf
    trabajo.o(.ARM.exidx) refers to trabajo.o(i._Z11LuminosidadPff) for i._Z11LuminosidadPff
    trabajo.o(.ARM.exidx) refers to trabajo.o(i.ADC_IRQHandler) for i.ADC_IRQHandler
    trabajo.o(.ARM.exidx) refers to trabajo.o(i.SysTick_Handler) for i.SysTick_Handler
    trabajo.o(.ARM.exidx) refers to trabajo.o(i.main) for i.main
    usart2.o(i._Z10SendUsart2cPcif) refers to _printf_percent.o(.ARM.Collect$$_printf_percent$$00000000) for _printf_percent
    usart2.o(i._Z10SendUsart2cPcif) refers to _printf_d.o(.ARM.Collect$$_printf_percent$$00000009) for _printf_d
    usart2.o(i._Z10SendUsart2cPcif) refers to _printf_dec.o(.text) for _printf_int_dec
    usart2.o(i._Z10SendUsart2cPcif) refers to _printf_f.o(.ARM.Collect$$_printf_percent$$00000003) for _printf_f
    usart2.o(i._Z10SendUsart2cPcif) refers to printf1.o(x$fpl$printf1) for _printf_fp_dec
    usart2.o(i._Z10SendUsart2cPcif) refers to noretval__2sprintf.o(.text) for __2sprintf
    usart2.o(i._Z10SendUsart2cPcif) refers to f2d.o(x$fpl$f2d) for __aeabi_f2d
    usart2.o(.ARM.exidx) refers to usart2.o(i._Z19ConfiguracionUsart2v) for i._Z19ConfiguracionUsart2v
    usart2.o(.ARM.exidx) refers to usart2.o(i._Z10SendUsart2cPcif) for i._Z10SendUsart2cPcif
    startup_stm32f401xe.o(STACK) refers (Special) to heapauxi.o(.text) for __use_two_region_memory
    startup_stm32f401xe.o(HEAP) refers (Special) to heapauxi.o(.text) for __use_two_region_memory
    startup_stm32f401xe.o(RESET) refers (Special) to heapauxi.o(.text) for __use_two_region_memory
    startup_stm32f401xe.o(RESET) refers to startup_stm32f401xe.o(STACK) for __initial_sp
    startup_stm32f401xe.o(RESET) refers to startup_stm32f401xe.o(.text) for Reset_Handler
    startup_stm32f401xe.o(RESET) refers to trabajo.o(i.SysTick_Handler) for SysTick_Handler
    startup_stm32f401xe.o(RESET) refers to trabajo.o(i.ADC_IRQHandler) for ADC_IRQHandler
    startup_stm32f401xe.o(.text) refers (Special) to heapauxi.o(.text) for __use_two_region_memory
    startup_stm32f401xe.o(.text) refers to system_stm32f4xx.o(i.SystemInit) for SystemInit
    startup_stm32f401xe.o(.text) refers to __main.o(!!!main) for __main
[...]
    ddiv.o(x$fpl$ddiv) refers (Special) to usenofp.o(x$fpl$usenofp) for __I$use$fp
    ddiv.o(x$fpl$ddiv) refers to dretinf.o(x$fpl$dretinf) for __fpl_dretinf
    ddiv.o(x$fpl$ddiv) refers to dnaninf.o(x$fpl$dnaninf) for __fpl_dnaninf
    dfixu.o(x$fpl$dfixu) refers (Special) to usenofp.o(x$fpl$usenofp) for __I$use$fp
    dfixu.o(x$fpl$dfixu) refers to dnaninf.o(x$fpl$dnaninf) for __fpl_dnaninf
    dfixu.o(x$fpl$dfixur) refers (Special) to usenofp.o(x$fpl$usenofp) for __I$use$fp
    dfixu.o(x$fpl$dfixur) refers to dnaninf.o(x$fpl$dnaninf) for __fpl_dnaninf
    dflt_clz.o(x$fpl$dfltu) refers (Special) to usenofp.o(x$fpl$usenofp) for __I$use$fp
    dflt_clz.o(x$fpl$dflt) refers (Special) to usenofp.o(x$fpl$usenofp) for __I$use$fp
    dflt_clz.o(x$fpl$dfltn) refers (Special) to usenofp.o(x$fpl$usenofp) for __I$use$fp
    dmul.o(x$fpl$dmul) refers (Special) to usenofp.o(x$fpl$usenofp) for __I$use$fp
    dmul.o(x$fpl$dmul) refers to dretinf.o(x$fpl$dretinf) for __fpl_dretinf
    dmul.o(x$fpl$dmul) refers to dnaninf.o(x$fpl$dnaninf) for __fpl_dnaninf
    f2d.o(x$fpl$f2d) refers (Special) to usenofp.o(x$fpl$usenofp) for __I$use$fp
    f2d.o(x$fpl$f2d) refers to fnaninf.o(x$fpl$fnaninf) for __fpl_fnaninf
    f2d.o(x$fpl$f2d) refers to dretinf.o(x$fpl$dretinf) for __fpl_dretinf
    printf1.o(x$fpl$printf1) refers to _printf_fp_dec.o(.text) for _printf_fp_dec_real
    __rtentry.o(.ARM.Collect$$rtentry$$00000000) refers (Special) to __rtentry2.o(.ARM.Collect$$rtentry$$0000000A) for __rt_entry_li
    __rtentry.o(.ARM.Collect$$rtentry$$00000000) refers (Special) to __rtentry2.o(.ARM.Collect$$rtentry$$0000000D) for __rt_entry_main
    __rtentry.o(.ARM.Collect$$rtentry$$00000000) refers (Special) to __rtentry2.o(.ARM.Collect$$rtentry$$0000000C) for __rt_entry_postli_1
    __rtentry.o(.ARM.Collect$$rtentry$$00000000) refers (Special) to __rtentry2.o(.ARM.Collect$$rtentry$$00000009) for __rt_entry_postsh_1
    __rtentry.o(.ARM.Collect$$rtentry$$00000000) refers (Special) to __rtentry2.o(.ARM.Collect$$rtentry$$00000002) for __rt_entry_presh_1
    __rtentry.o(.ARM.Collect$$rtentry$$00000000) refers (Special) to __rtentry4.o(.ARM.Collect$$rtentry$$00000004) for __rt_entry_sh
    _printf_fp_dec.o(.text) refers (Special) to usenofp.o(x$fpl$usenofp) for __I$use$fp
    _printf_fp_dec.o(.text) refers (Special) to lc_numeric_c.o(locale$$code) for _get_lc_numeric
    _printf_fp_dec.o(.text) refers to bigflt0.o(.text) for _btod_etento
    _printf_fp_dec.o(.text) refers to btod.o(CL$$btod_d2e) for _btod_d2e
    _printf_fp_dec.o(.text) refers to btod.o(CL$$btod_ediv) for _btod_ediv
    _printf_fp_dec.o(.text) refers to btod.o(CL$$btod_emul) for _btod_emul
    _printf_fp_dec.o(.text) refers to lludiv10.o(.text) for _ll_udiv10
    _printf_fp_dec.o(.text) refers to fpclassify.o(i.__ARM_fpclassify) for __ARM_fpclassify
    _printf_fp_dec.o(.text) refers to _printf_fp_infnan.o(.text) for _printf_fp_infnan
    _printf_fp_dec.o(.text) refers to rt_locale_intlibspace.o(.text) for __rt_locale
    _printf_char_common.o(.text) refers to __printf_flags_wp.o(.text) for __printf
    dnaninf.o(x$fpl$dnaninf) refers (Special) to usenofp.o(x$fpl$usenofp) for __I$use$fp
    dretinf.o(x$fpl$dretinf) refers (Special) to usenofp.o(x$fpl$usenofp) for __I$use$fp
    fnaninf.o(x$fpl$fnaninf) refers (Special) to usenofp.o(x$fpl$usenofp) for __I$use$fp
    fretinf.o(x$fpl$fretinf) refers (Special) to usenofp.o(x$fpl$usenofp) for __I$use$fp
    __rtentry2.o(.ARM.Collect$$rtentry$$00000008) refers to boardinit2.o(.text) for _platform_post_stackheap_init
    __rtentry2.o(.ARM.Collect$$rtentry$$0000000A) refers to libinit.o(.ARM.Collect$$libinit$$00000000) for __rt_lib_init
    __rtentry2.o(.ARM.Collect$$rtentry$$0000000B) refers to boardinit3.o(.text) for _platform_post_lib_init
    __rtentry2.o(.ARM.Collect$$rtentry$$0000000D) refers to trabajo.o(i.main) for main
    __rtentry2.o(.ARM.Collect$$rtentry$$0000000D) refers to exit.o(.text) for exit
    __rtentry2.o(.ARM.exidx) refers to __rtentry2.o(.ARM.Collect$$rtentry$$00000001) for .ARM.Collect$$rtentry$$00000001
    __rtentry2.o(.ARM.exidx) refers to __rtentry2.o(.ARM.Collect$$rtentry$$00000008) for .ARM.Collect$$rtentry$$00000008
    __rtentry2.o(.ARM.exidx) refers to __rtentry2.o(.ARM.Collect$$rtentry$$0000000A) for .ARM.Collect$$rtentry$$0000000A
    __rtentry2.o(.ARM.exidx) refers to __rtentry2.o(.ARM.Collect$$rtentry$$0000000B) for .ARM.Collect$$rtentry$$0000000B
    __rtentry2.o(.ARM.exidx) refers to __rtentry2.o(.ARM.Collect$$rtentry$$0000000D) for .ARM.Collect$$rtentry$$0000000D
    __rtentry4.o(.ARM.Collect$$rtentry$$00000004) refers to sys_stackheap_outer.o(.text) for __user_setup_stackheap
    __rtentry4.o(.ARM.exidx) refers to __rtentry4.o(.ARM.Collect$$rtentry$$00000004) for .ARM.Collect$$rtentry$$00000004
    rt_locale.o(.text) refers to rt_locale.o(.bss) for __rt_locale_data
    rt_locale_intlibspace.o(.text) refers to libspace.o(.bss) for __libspace_start
    bigflt0.o(.text) refers (Special) to usenofp.o(x$fpl$usenofp) for __I$use$fp
    bigflt0.o(.text) refers to btod.o(CL$$btod_emul) for _btod_emul
    bigflt0.o(.text) refers to btod.o(CL$$btod_ediv) for _btod_ediv
    bigflt0.o(.text) refers to bigflt0.o(.constdata) for .constdata
    bigflt0.o(.constdata) refers (Special) to usenofp.o(x$fpl$usenofp) for __I$use$fp
    btod.o(CL$$btod_d2e) refers (Special) to usenofp.o(x$fpl$usenofp) for __I$use$fp
    btod.o(CL$$btod_d2e) refers to btod.o(CL$$btod_d2e_norm_op1) for _d2e_norm_op1
    btod.o(CL$$btod_d2e_norm_op1) refers (Special) to usenofp.o(x$fpl$usenofp) for __I$use$fp
    btod.o(CL$$btod_d2e_norm_op1) refers to btod.o(CL$$btod_d2e_denorm_low) for _d2e_denorm_low
    btod.o(CL$$btod_d2e_denorm_low) refers (Special) to usenofp.o(x$fpl$usenofp) for __I$use$fp
    btod.o(CL$$btod_emul) refers (Special) to usenofp.o(x$fpl$usenofp) for __I$use$fp
    btod.o(CL$$btod_emul) refers to btod.o(CL$$btod_mult_common) for __btod_mult_common
    btod.o(CL$$btod_emul) refers to btod.o(CL$$btod_e2e) for _e2e
    btod.o(CL$$btod_ediv) refers (Special) to usenofp.o(x$fpl$usenofp) for __I$use$fp
    btod.o(CL$$btod_ediv) refers to btod.o(CL$$btod_div_common) for __btod_div_common
    btod.o(CL$$btod_ediv) refers to btod.o(CL$$btod_e2e) for _e2e
    btod.o(CL$$btod_emuld) refers (Special) to usenofp.o(x$fpl$usenofp) for __I$use$fp
    btod.o(CL$$btod_emuld) refers to btod.o(CL$$btod_mult_common) for __btod_mult_common
    btod.o(CL$$btod_emuld) refers to btod.o(CL$$btod_e2d) for _e2d
    btod.o(CL$$btod_edivd) refers (Special) to usenofp.o(x$fpl$usenofp) for __I$use$fp
    btod.o(CL$$btod_edivd) refers to btod.o(CL$$btod_div_common) for __btod_div_common
    btod.o(CL$$btod_edivd) refers to btod.o(CL$$btod_e2d) for _e2d
    btod.o(CL$$btod_e2e) refers (Special) to usenofp.o(x$fpl$usenofp) for __I$use$fp
    btod.o(CL$$btod_e2d) refers (Special) to usenofp.o(x$fpl$usenofp) for __I$use$fp
    btod.o(CL$$btod_e2d) refers to btod.o(CL$$btod_e2e) for _e2e
    btod.o(CL$$btod_mult_common) refers (Special) to usenofp.o(x$fpl$usenofp) for __I$use$fp
    btod.o(CL$$btod_div_common) refers (Special) to usenofp.o(x$fpl$usenofp) for __I$use$fp
    lc_numeric_c.o(locale$$data) refers (Special) to libinit2.o(.ARM.Collect$$libinit$$00000016) for __rt_lib_init_lc_numeric_2
    lc_numeric_c.o(locale$$code) refers (Special) to libinit2.o(.ARM.Collect$$libinit$$00000016) for __rt_lib_init_lc_numeric_2
    lc_numeric_c.o(locale$$code) refers to strcmpv7m.o(.text) for strcmp
    lc_numeric_c.o(locale$$code) refers to lc_numeric_c.o(locale$$data) for __lcnum_c_name
    istatus.o(x$fpl$ieeestatus) refers (Special) to usenofp.o(x$fpl$usenofp) for __I$use$fp
    fpclassify.o(i.__ARM_fpclassify) refers (Special) to usenofp.o(x$fpl$usenofp) for __I$use$fp
    libspace.o(.text) refers to libspace.o(.bss) for __libspace_start
    sys_stackheap_outer.o(.text) refers to libspace.o(.text) for __user_perproc_libspace
    sys_stackheap_outer.o(.text) refers to startup_stm32f401xe.o(.text) for __user_initial_stackheap
    exit.o(.text) refers to rtexit.o(.ARM.Collect$$rtexit$$00000000) for __rt_exit
    libinit.o(.ARM.Collect$$libinit$$00000000) refers (Special) to libinit2.o(.ARM.Collect$$libinit$$0000002E) for __rt_lib_init_alloca_1
    libinit.o(.ARM.Collect$$libinit$$00000000) refers (Special) to libinit2.o(.ARM.Collect$$libinit$$0000002C) for __rt_lib_init_argv_1
    libinit.o(.ARM.Collect$$libinit$$00000000) refers (Special) to libinit2.o(.ARM.Collect$$libinit$$0000001B) for __rt_lib_init_atexit_1
    libinit.o(.ARM.Collect$$libinit$$00000000) refers (Special) to libinit2.o(.ARM.Collect$$libinit$$00000021) for __rt_lib_init_clock_1
    libinit.o(.ARM.Collect$$libinit$$00000000) refers (Special) to libinit2.o(.ARM.Collect$$libinit$$00000032) for __rt_lib_init_cpp_1
    libinit.o(.ARM.Collect$$libinit$$00000000) refers (Special) to libinit2.o(.ARM.Collect$$libinit$$00000030) for __rt_lib_init_exceptions_1
    libinit.o(.ARM.Collect$$libinit$$00000000) refers (Special) to libinit2.o(.ARM.Collect$$libinit$$00000001) for __rt_lib_init_fp_1
    libinit.o(.ARM.Collect$$libinit$$00000000) refers (Special) to libinit2.o(.ARM.Collect$$libinit$$0000001F) for __rt_lib_init_fp_trap_1
    libinit.o(.ARM.Collect$$libinit$$00000000) refers (Special) to libinit2.o(.ARM.Collect$$libinit$$00000023) for __rt_lib_init_getenv_1
    libinit.o(.ARM.Collect$$libinit$$00000000) refers (Special) to libinit2.o(.ARM.Collect$$libinit$$0000000A) for __rt_lib_init_heap_1
    libinit.o(.ARM.Collect$$libinit$$00000000) refers (Special) to libinit2.o(.ARM.Collect$$libinit$$00000011) for __rt_lib_init_lc_collate_1
    libinit.o(.ARM.Collect$$libinit$$00000000) refers (Special) to libinit2.o(.ARM.Collect$$libinit$$00000013) for __rt_lib_init_lc_ctype_1
    libinit.o(.ARM.Collect$$libinit$$00000000) refers (Special) to libinit2.o(.ARM.Collect$$libinit$$00000015) for __rt_lib_init_lc_monetary_1
    libinit.o(.ARM.Collect$$libinit$$00000000) refers (Special) to libinit2.o(.ARM.Collect$$libinit$$00000017) for __rt_lib_init_lc_numeric_1
    libinit.o(.ARM.Collect$$libinit$$00000000) refers (Special) to libinit2.o(.ARM.Collect$$libinit$$00000019) for __rt_lib_init_lc_time_1
    libinit.o(.ARM.Collect$$libinit$$00000000) refers (Special) to libinit2.o(.ARM.Collect$$libinit$$00000004) for __rt_lib_init_preinit_1
    libinit.o(.ARM.Collect$$libinit$$00000000) refers (Special) to libinit2.o(.ARM.Collect$$libinit$$0000000E) for __rt_lib_init_rand_1
    libinit.o(.ARM.Collect$$libinit$$00000000) refers (Special) to libinit2.o(.ARM.Collect$$libinit$$00000033) for __rt_lib_init_return
    libinit.o(.ARM.Collect$$libinit$$00000000) refers (Special) to libinit2.o(.ARM.Collect$$libinit$$0000001D) for __rt_lib_init_signal_1
    libinit.o(.ARM.Collect$$libinit$$00000000) refers (Special) to libinit2.o(.ARM.Collect$$libinit$$00000025) for __rt_lib_init_stdio_1
    libinit.o(.ARM.Collect$$libinit$$00000000) refers (Special) to libinit2.o(.ARM.Collect$$libinit$$0000000C) for __rt_lib_init_user_alloc_1
    libinit2.o(.ARM.Collect$$libinit$$00000001) refers to fpinit.o(x$fpl$fpinit) for _fp_init
    libinit2.o(.ARM.Collect$$libinit$$0000000F) refers (Weak) to rt_locale_intlibspace.o(.text) for __rt_locale
    libinit2.o(.ARM.Collect$$libinit$$00000010) refers to libinit2.o(.ARM.Collect$$libinit$$0000000F) for .ARM.Collect$$libinit$$0000000F
    libinit2.o(.ARM.Collect$$libinit$$00000012) refers to libinit2.o(.ARM.Collect$$libinit$$0000000F) for .ARM.Collect$$libinit$$0000000F
    libinit2.o(.ARM.Collect$$libinit$$00000014) refers to libinit2.o(.ARM.Collect$$libinit$$0000000F) for .ARM.Collect$$libinit$$0000000F
    libinit2.o(.ARM.Collect$$libinit$$00000016) refers to libinit2.o(.ARM.Collect$$libinit$$0000000F) for .ARM.Collect$$libinit$$0000000F
    libinit2.o(.ARM.Collect$$libinit$$00000016) refers (Weak) to lc_numeric_c.o(locale$$code) for _get_lc_numeric
    libinit2.o(.ARM.Collect$$libinit$$00000018) refers to libinit2.o(.ARM.Collect$$libinit$$0000000F) for .ARM.Collect$$libinit$$0000000F
    libinit2.o(.ARM.Collect$$libinit$$00000026) refers to argv_veneer.o(.emb_text) for __ARM_argv_veneer
    libinit2.o(.ARM.Collect$$libinit$$00000027) refers to argv_veneer.o(.emb_text) for __ARM_argv_veneer
    rtexit.o(.ARM.Collect$$rtexit$$00000000) refers (Special) to rtexit2.o(.ARM.Collect$$rtexit$$00000004) for __rt_exit_exit
    rtexit.o(.ARM.Collect$$rtexit$$00000000) refers (Special) to rtexit2.o(.ARM.Collect$$rtexit$$00000003) for __rt_exit_ls
    rtexit.o(.ARM.Collect$$rtexit$$00000000) refers (Special) to rtexit2.o(.ARM.Collect$$rtexit$$00000002) for __rt_exit_prels_1
    rtexit.o(.ARM.exidx) refers (Special) to rtexit2.o(.ARM.Collect$$rtexit$$00000004) for __rt_exit_exit
    rtexit.o(.ARM.exidx) refers (Special) to rtexit2.o(.ARM.Collect$$rtexit$$00000003) for __rt_exit_ls
    rtexit.o(.ARM.exidx) refers (Special) to rtexit2.o(.ARM.Collect$$rtexit$$00000002) for __rt_exit_prels_1
    rtexit.o(.ARM.exidx) refers to rtexit.o(.ARM.Collect$$rtexit$$00000000) for .ARM.Collect$$rtexit$$00000000
    argv_veneer.o(.emb_text) refers to no_argv.o(.text) for __ARM_get_argv
    rtexit2.o(.ARM.Collect$$rtexit$$00000003) refers to libshutdown.o(.ARM.Collect$$libshutdown$$00000000) for __rt_lib_shutdown
    rtexit2.o(.ARM.Collect$$rtexit$$00000004) refers to sys_exit.o(.text) for _sys_exit
    rtexit2.o(.ARM.exidx) refers to rtexit2.o(.ARM.Collect$$rtexit$$00000001) for .ARM.Collect$$rtexit$$00000001
    rtexit2.o(.ARM.exidx) refers to rtexit2.o(.ARM.Collect$$rtexit$$00000003) for .ARM.Collect$$rtexit$$00000003
    rtexit2.o(.ARM.exidx) refers to rtexit2.o(.ARM.Collect$$rtexit$$00000004) for .ARM.Collect$$rtexit$$00000004
    _get_argv_nomalloc.o(.text) refers (Special) to hrguard.o(.text) for __heap_region$guard
    _get_argv_nomalloc.o(.text) refers to defsig_rtmem_outer.o(.text) for __rt_SIGRTMEM
    _get_argv_nomalloc.o(.text) refers to sys_command.o(.text) for _sys_command_string
    sys_command.o(.text) refers (Special) to use_no_semi.o(.text) for __I$use$semihosting
    sys_command.o(.text) refers (Special) to indicate_semi.o(.text) for __semihosting_library_function
    sys_exit.o(.text) refers (Special) to use_no_semi.o(.text) for __I$use$semihosting
    sys_exit.o(.text) refers (Special) to indicate_semi.o(.text) for __semihosting_library_function
    defsig_rtmem_outer.o(.text) refers to defsig_rtmem_inner.o(.text) for __rt_SIGRTMEM_inner
    defsig_rtmem_outer.o(.text) refers to defsig_exit.o(.text) for __sig_exit
    defsig_rtmem_formal.o(.text) refers to rt_raise.o(.text) for __rt_raise
    libshutdown.o(.ARM.Collect$$libshutdown$$00000000) refers (Special) to libshutdown2.o(.ARM.Collect$$libshutdown$$00000004) for __rt_lib_shutdown_cpp_1
    libshutdown.o(.ARM.Collect$$libshutdown$$00000000) refers (Special) to libshutdown2.o(.ARM.Collect$$libshutdown$$00000002) for __rt_lib_shutdown_fini_1
    libshutdown.o(.ARM.Collect$$libshutdown$$00000000) refers (Special) to libshutdown2.o(.ARM.Collect$$libshutdown$$00000009) for __rt_lib_shutdown_fp_trap_1
    libshutdown.o(.ARM.Collect$$libshutdown$$00000000) refers (Special) to libshutdown2.o(.ARM.Collect$$libshutdown$$00000011) for __rt_lib_shutdown_heap_1
    libshutdown.o(.ARM.Collect$$libshutdown$$00000000) refers (Special) to libshutdown2.o(.ARM.Collect$$libshutdown$$00000012) for __rt_lib_shutdown_return
    libshutdown.o(.ARM.Collect$$libshutdown$$00000000) refers (Special) to libshutdown2.o(.ARM.Collect$$libshutdown$$0000000C) for __rt_lib_shutdown_signal_1
    libshutdown.o(.ARM.Collect$$libshutdown$$00000000) refers (Special) to libshutdown2.o(.ARM.Collect$$libshutdown$$00000006) for __rt_lib_shutdown_stdio_1
    libshutdown.o(.ARM.Collect$$libshutdown$$00000000) refers (Special) to libshutdown2.o(.ARM.Collect$$libshutdown$$0000000E) for __rt_lib_shutdown_user_alloc_1
    rt_raise.o(.text) refers to __raise.o(.text) for __raise
    rt_raise.o(.text) refers to sys_exit.o(.text) for _sys_exit
    defsig_exit.o(.text) refers to sys_exit.o(.text) for _sys_exit
    defsig_rtmem_inner.o(.text) refers to defsig_general.o(.text) for __default_signal_display
    __raise.o(.text) refers to defsig.o(CL$$defsig) for __default_signal_handler
    defsig_general.o(.text) refers to sys_wrch.o(.text) for _ttywrch
    sys_wrch.o(.text) refers (Special) to use_no_semi.o(.text) for __I$use$semihosting
    sys_wrch.o(.text) refers (Special) to indicate_semi.o(.text) for __semihosting_library_function
    defsig.o(CL$$defsig) refers to defsig_rtmem_inner.o(.text) for __rt_SIGRTMEM_inner
    defsig_abrt_inner.o(.text) refers to defsig_general.o(.text) for __default_signal_display
    defsig_fpe_inner.o(.text) refers to defsig_general.o(.text) for __default_signal_display
    defsig_rtred_inner.o(.text) refers to defsig_general.o(.text) for __default_signal_display
    defsig_stak_inner.o(.text) refers to defsig_general.o(.text) for __default_signal_display
    defsig_pvfn_inner.o(.text) refers to defsig_general.o(.text) for __default_signal_display
    defsig_cppl_inner.o(.text) refers to defsig_general.o(.text) for __default_signal_display
    defsig_segv_inner.o(.text) refers to defsig_general.o(.text) for __default_signal_display
    defsig_other.o(.text) refers to defsig_general.o(.text) for __default_signal_display


==============================================================================

Removing Unused input sections from the image.

    Removing trabajo.o(.rev16_text), (4 bytes).
    Removing trabajo.o(.revsh_text), (4 bytes).
    Removing trabajo.o(.rrx_text), (6 bytes).
    Removing trabajo.o(.ARM.exidx), (8 bytes).
    Removing trabajo.o(.ARM.exidx), (8 bytes).
    Removing trabajo.o(.ARM.exidx), (8 bytes).
    Removing trabajo.o(.ARM.exidx), (8 bytes).
    Removing trabajo.o(.ARM.exidx), (8 bytes).
    Removing trabajo.o(.ARM.exidx), (8 bytes).
    Removing trabajo.o(.ARM.exidx), (8 bytes).
    Removing usart2.o(.rev16_text), (4 bytes).
    Removing usart2.o(.revsh_text), (4 bytes).
    Removing usart2.o(.rrx_text), (6 bytes).
    Removing usart2.o(.ARM.exidx), (8 bytes).
    Removing usart2.o(.ARM.exidx), (8 bytes).
    Removing system_stm32f4xx.o(.rev16_text), (4 bytes).
    Removing system_stm32f4xx.o(.revsh_text), (4 bytes).
    Removing system_stm32f4xx.o(.rrx_text), (6 bytes).

18 unused section(s) (total 114 bytes) removed from the image.

==============================================================================

Image Symbol Table

    Local Symbols

    Symbol Name                              Value     Ov Type        Size  Object(Section)

    ../clib/angel/boardlib.s                 0x00000000   Number         0  boardinit2.o ABSOLUTE
    ../clib/angel/boardlib.s                 0x00000000   Number         0  boardinit1.o ABSOLUTE
    ../clib/angel/boardlib.s                 0x00000000   Number         0  boardinit3.o ABSOLUTE
    ../clib/angel/boardlib.s                 0x00000000   Number         0  boardshut.o ABSOLUTE
    ../clib/angel/handlers.s                 0x00000000   Number         0  __scatter_copy.o ABSOLUTE
    ../clib/angel/handlers.s                 0x00000000   Number         0  __scatter_zi.o ABSOLUTE
    ../clib/angel/kernel.s                   0x00000000   Number         0  __rtentry4.o ABSOLUTE
    ../clib/angel/kernel.s                   0x00000000   Number         0  rtexit.o ABSOLUTE
    ../clib/angel/kernel.s                   0x00000000   Number         0  rtexit2.o ABSOLUTE
    ../clib/angel/kernel.s                   0x00000000   Number         0  __rtentry.o ABSOLUTE
    ../clib/angel/kernel.s                   0x00000000   Number         0  __rtentry2.o ABSOLUTE
    ../clib/angel/rt.s                       0x00000000   Number         0  rt_locale.o ABSOLUTE
    ../clib/angel/rt.s                       0x00000000   Number         0  rt_locale_intlibspace.o ABSOLUTE
    ../clib/angel/rt.s                       0x00000000   Number         0  rt_raise.o ABSOLUTE
    ../clib/angel/scatter.s                  0x00000000   Number         0  __scatter.o ABSOLUTE
    ../clib/angel/startup.s                  0x00000000   Number         0  __main.o ABSOLUTE
    ../clib/angel/sys.s                      0x00000000   Number         0  sys_stackheap_outer.o ABSOLUTE
    ../clib/angel/sys.s                      0x00000000   Number         0  indicate_semi.o ABSOLUTE
    ../clib/angel/sys.s                      0x00000000   Number         0  libspace.o ABSOLUTE
    ../clib/angel/sys.s                      0x00000000   Number         0  use_no_semi.o ABSOLUTE
    ../clib/angel/sysapp.c                   0x00000000   Number         0  sys_wrch.o ABSOLUTE
    ../clib/angel/sysapp.c                   0x00000000   Number         0  sys_command.o ABSOLUTE
    ../clib/angel/sysapp.c                   0x00000000   Number         0  sys_exit.o ABSOLUTE
    ../clib/armsys.c                         0x00000000   Number         0  no_argv.o ABSOLUTE
    ../clib/armsys.c                         0x00000000   Number         0  _get_argv_nomalloc.o ABSOLUTE
    ../clib/armsys.c                         0x00000000   Number         0  argv_veneer.o ABSOLUTE
    ../clib/armsys.c                         0x00000000   Number         0  argv_veneer.o ABSOLUTE
    ../clib/bigflt.c                         0x00000000   Number         0  bigflt0.o ABSOLUTE
    ../clib/btod.s                           0x00000000   Number         0  btod.o ABSOLUTE
    ../clib/heapalloc.c                      0x00000000   Number         0  hrguard.o ABSOLUTE
    ../clib/heapaux.c                        0x00000000   Number         0  heapauxi.o ABSOLUTE
    ../clib/libinit.s                        0x00000000   Number         0  libinit.o ABSOLUTE
    ../clib/libinit.s                        0x00000000   Number         0  libshutdown2.o ABSOLUTE
    ../clib/libinit.s                        0x00000000   Number         0  libshutdown.o ABSOLUTE
    ../clib/libinit.s                        0x00000000   Number         0  libinit2.o ABSOLUTE
    ../clib/locale.s                         0x00000000   Number         0  lc_numeric_c.o ABSOLUTE
    ../clib/longlong.s                       0x00000000   Number         0  lludiv10.o ABSOLUTE
    ../clib/memcpset.s                       0x00000000   Number         0  strcmpv7m.o ABSOLUTE
    ../clib/misc.s                           0x00000000   Number         0  printf_stubs.o ABSOLUTE
    ../clib/printf.c                         0x00000000   Number         0  _sputc.o ABSOLUTE
    ../clib/printf.c                         0x00000000   Number         0  _printf_intcommon.o ABSOLUTE
    ../clib/printf.c                         0x00000000   Number         0  __printf_nopercent.o ABSOLUTE
    ../clib/printf.c                         0x00000000   Number         0  _printf_fp_infnan.o ABSOLUTE
    ../clib/printf.c                         0x00000000   Number         0  noretval__2sprintf.o ABSOLUTE
    ../clib/printf.c                         0x00000000   Number         0  __printf.o ABSOLUTE
    ../clib/printf.c                         0x00000000   Number         0  _printf_dec.o ABSOLUTE
    ../clib/printf.c                         0x00000000   Number         0  __printf_flags.o ABSOLUTE
    ../clib/printf.c                         0x00000000   Number         0  __printf_ss.o ABSOLUTE
    ../clib/printf.c                         0x00000000   Number         0  __printf_wp.o ABSOLUTE
    ../clib/printf.c                         0x00000000   Number         0  __printf_flags_wp.o ABSOLUTE
    ../clib/printf.c                         0x00000000   Number         0  __printf_ss_wp.o ABSOLUTE
    ../clib/printf.c                         0x00000000   Number         0  __printf_flags_ss_wp.o ABSOLUTE
    ../clib/printf.c                         0x00000000   Number         0  __2sprintf.o ABSOLUTE
    ../clib/printf.c                         0x00000000   Number         0  __printf_flags_ss.o ABSOLUTE
    ../clib/printf.c                         0x00000000   Number         0  _printf_fp_dec.o ABSOLUTE
    ../clib/printf.c                         0x00000000   Number         0  _printf_char_common.o ABSOLUTE
    ../clib/printf_percent.s                 0x00000000   Number         0  _printf_d.o ABSOLUTE
    ../clib/printf_percent.s                 0x00000000   Number         0  _printf_percent.o ABSOLUTE
    ../clib/printf_percent.s                 0x00000000   Number         0  _printf_f.o ABSOLUTE
    ../clib/printf_percent.s                 0x00000000   Number         0  _printf_percent_end.o ABSOLUTE
    ../clib/signal.c                         0x00000000   Number         0  defsig_rtmem_formal.o ABSOLUTE
    ../clib/signal.c                         0x00000000   Number         0  defsig_segv_inner.o ABSOLUTE
    ../clib/signal.c                         0x00000000   Number         0  defsig_rtred_inner.o ABSOLUTE
    ../clib/signal.c                         0x00000000   Number         0  defsig_fpe_inner.o ABSOLUTE
    ../clib/signal.c                         0x00000000   Number         0  defsig_abrt_inner.o ABSOLUTE
    ../clib/signal.c                         0x00000000   Number         0  defsig_general.o ABSOLUTE
    ../clib/signal.c                         0x00000000   Number         0  __raise.o ABSOLUTE
    ../clib/signal.c                         0x00000000   Number         0  defsig_rtmem_inner.o ABSOLUTE
    ../clib/signal.c                         0x00000000   Number         0  defsig_exit.o ABSOLUTE
    ../clib/signal.c                         0x00000000   Number         0  defsig_other.o ABSOLUTE
    ../clib/signal.c                         0x00000000   Number         0  defsig_rtmem_outer.o ABSOLUTE
    ../clib/signal.c                         0x00000000   Number         0  defsig_pvfn_inner.o ABSOLUTE
    ../clib/signal.c                         0x00000000   Number         0  defsig_cppl_inner.o ABSOLUTE
    ../clib/signal.c                         0x00000000   Number         0  defsig_stak_inner.o ABSOLUTE
    ../clib/signal.s                         0x00000000   Number         0  defsig.o ABSOLUTE
    ../clib/stdlib.c                         0x00000000   Number         0  exit.o ABSOLUTE
    ../fplib/d2f.s                           0x00000000   Number         0  d2f.o ABSOLUTE
    ../fplib/daddsub.s                       0x00000000   Number         0  daddsub_clz.o ABSOLUTE
    ../fplib/ddiv.s                          0x00000000   Number         0  ddiv.o ABSOLUTE
    ../fplib/dfixu.s                         0x00000000   Number         0  dfixu.o ABSOLUTE
    ../fplib/dflt.s                          0x00000000   Number         0  dflt_clz.o ABSOLUTE
    ../fplib/dmul.s                          0x00000000   Number         0  dmul.o ABSOLUTE
    ../fplib/dnaninf.s                       0x00000000   Number         0  dnaninf.o ABSOLUTE
    ../fplib/dretinf.s                       0x00000000   Number         0  dretinf.o ABSOLUTE
    ../fplib/f2d.s                           0x00000000   Number         0  f2d.o ABSOLUTE
    ../fplib/fnaninf.s                       0x00000000   Number         0  fnaninf.o ABSOLUTE
    ../fplib/fpinit.s                        0x00000000   Number         0  fpinit.o ABSOLUTE
    ../fplib/fretinf.s                       0x00000000   Number         0  fretinf.o ABSOLUTE
    ../fplib/istatus.s                       0x00000000   Number         0  istatus.o ABSOLUTE
    ../fplib/printf1.s                       0x00000000   Number         0  printf1.o ABSOLUTE
    ../fplib/usenofp.s                       0x00000000   Number         0  usenofp.o ABSOLUTE
    ../mathlib/fpclassify.c                  0x00000000   Number         0  fpclassify.o ABSOLUTE
    RTE\Device\STM32F401RETx\startup_stm32f401xe.s 0x00000000   Number         0  startup_stm32f401xe.o ABSOLUTE
    RTE\Device\STM32F401RETx\system_stm32f4xx.c 0x00000000   Number         0  system_stm32f4xx.o ABSOLUTE
    RTE\\Device\\STM32F401RETx\\system_stm32f4xx.c 0x00000000   Number         0  system_stm32f4xx.o ABSOLUTE
    Source\Usart2.cpp                        0x00000000   Number         0  usart2.o ABSOLUTE
    Source\\Usart2.cpp                       0x00000000   Number         0  usart2.o ABSOLUTE
    Source\\trabajo.cpp                      0x00000000   Number         0  trabajo.o ABSOLUTE
    Source\trabajo.cpp                       0x00000000   Number         0  trabajo.o ABSOLUTE
    dc.s                                     0x00000000   Number         0  dc.o ABSOLUTE
    RESET                                    0x08000000   Section      404  startup_stm32f401xe.o(RESET)
    !!!main                                  0x08000194   Section        8  __main.o(!!!main)
    !!!scatter                               0x0800019c   Section       52  __scatter.o(!!!scatter)
    !!handler_copy                           0x080001d0   Section       26  __scatter_copy.o(!!handler_copy)
    !!handler_zi                             0x080001ec   Section       28  __scatter_zi.o(!!handler_zi)
    .ARM.Collect$$_printf_percent$$00000000  0x08000208   Section        0  _printf_percent.o(.ARM.Collect$$_printf_percent$$00000000)
    .ARM.Collect$$_printf_percent$$00000003  0x08000208   Section        6  _printf_f.o(.ARM.Collect$$_printf_percent$$00000003)
    .ARM.Collect$$_printf_percent$$00000009  0x0800020e   Section        6  _printf_d.o(.ARM.Collect$$_printf_percent$$00000009)
    .ARM.Collect$$_printf_percent$$00000017  0x08000214   Section        4  _printf_percent_end.o(.ARM.Collect$$_printf_percent$$00000017)
    .ARM.Collect$$libinit$$00000000          0x08000218   Section        2  libinit.o(.ARM.Collect$$libinit$$00000000)
    .ARM.Collect$$libinit$$00000001          0x0800021a   Section        4  libinit2.o(.ARM.Collect$$libinit$$00000001)
    .ARM.Collect$$libinit$$00000004          0x0800021e   Section        0  libinit2.o(.ARM.Collect$$libinit$$00000004)
    .ARM.Collect$$libinit$$0000000A          0x0800021e   Section        0  libinit2.o(.ARM.Collect$$libinit$$0000000A)
    .ARM.Collect$$libinit$$0000000C          0x0800021e   Section        0  libinit2.o(.ARM.Collect$$libinit$$0000000C)
    .ARM.Collect$$libinit$$0000000E          0x0800021e   Section        0  libinit2.o(.ARM.Collect$$libinit$$0000000E)
    .ARM.Collect$$libinit$$0000000F          0x0800021e   Section        6  libinit2.o(.ARM.Collect$$libinit$$0000000F)
    .ARM.Collect$$libinit$$00000011          0x08000224   Section        0  libinit2.o(.ARM.Collect$$libinit$$00000011)
    .ARM.Collect$$libinit$$00000013          0x08000224   Section        0  libinit2.o(.ARM.Collect$$libinit$$00000013)
    .ARM.Collect$$libinit$$00000015          0x08000224   Section        0  libinit2.o(.ARM.Collect$$libinit$$00000015)
    .ARM.Collect$$libinit$$00000016          0x08000224   Section       10  libinit2.o(.ARM.Collect$$libinit$$00000016)
    .ARM.Collect$$libinit$$00000017          0x0800022e   Section        0  libinit2.o(.ARM.Collect$$libinit$$00000017)
    .ARM.Collect$$libinit$$00000019          0x0800022e   Section        0  libinit2.o(.ARM.Collect$$libinit$$00000019)
    .ARM.Collect$$libinit$$0000001B          0x0800022e   Section        0  libinit2.o(.ARM.Collect$$libinit$$0000001B)
    .ARM.Collect$$libinit$$0000001D          0x0800022e   Section        0  libinit2.o(.ARM.Collect$$libinit$$0000001D)
    .ARM.Collect$$libinit$$0000001F          0x0800022e   Section        0  libinit2.o(.ARM.Collect$$libinit$$0000001F)
    .ARM.Collect$$libinit$$00000021          0x0800022e   Section        0  libinit2.o(.ARM.Collect$$libinit$$00000021)
    .ARM.Collect$$libinit$$00000023          0x0800022e   Section        0  libinit2.o(.ARM.Collect$$libinit$$00000023)
    .ARM.Collect$$libinit$$00000025          0x0800022e   Section        0  libinit2.o(.ARM.Collect$$libinit$$00000025)
    .ARM.Collect$$libinit$$0000002C          0x0800022e   Section        0  libinit2.o(.ARM.Collect$$libinit$$0000002C)
    .ARM.Collect$$libinit$$0000002E          0x0800022e   Section        0  libinit2.o(.ARM.Collect$$libinit$$0000002E)
    .ARM.Collect$$libinit$$00000030          0x0800022e   Section        0  libinit2.o(.ARM.Collect$$libinit$$00000030)
    .ARM.Collect$$libinit$$00000032          0x0800022e   Section        0  libinit2.o(.ARM.Collect$$libinit$$00000032)
    .ARM.Collect$$libinit$$00000033          0x0800022e   Section        2  libinit2.o(.ARM.Collect$$libinit$$00000033)
    .ARM.Collect$$libshutdown$$00000000      0x08000230   Section        2  libshutdown.o(.ARM.Collect$$libshutdown$$00000000)
    .ARM.Collect$$libshutdown$$00000002      0x08000232   Section        0  libshutdown2.o(.ARM.Collect$$libshutdown$$00000002)
    .ARM.Collect$$libshutdown$$00000004      0x08000232   Section        0  libshutdown2.o(.ARM.Collect$$libshutdown$$00000004)
    .ARM.Collect$$libshutdown$$00000006      0x08000232   Section        0  libshutdown2.o(.ARM.Collect$$libshutdown$$00000006)
    .ARM.Collect$$libshutdown$$00000009      0x08000232   Section        0  libshutdown2.o(.ARM.Collect$$libshutdown$$00000009)
    .ARM.Collect$$libshutdown$$0000000C      0x08000232   Section        0  libshutdown2.o(.ARM.Collect$$libshutdown$$0000000C)
    .ARM.Collect$$libshutdown$$0000000E      0x08000232   Section        0  libshutdown2.o(.ARM.Collect$$libshutdown$$0000000E)
    .ARM.Collect$$libshutdown$$00000011      0x08000232   Section        0  libshutdown2.o(.ARM.Collect$$libshutdown$$00000011)
    .ARM.Collect$$libshutdown$$00000012      0x08000232   Section        2  libshutdown2.o(.ARM.Collect$$libshutdown$$00000012)
    .ARM.Collect$$rtentry$$00000000          0x08000234   Section        0  __rtentry.o(.ARM.Collect$$rtentry$$00000000)
    .ARM.Collect$$rtentry$$00000002          0x08000234   Section        0  __rtentry2.o(.ARM.Collect$$rtentry$$00000002)
    .ARM.Collect$$rtentry$$00000004          0x08000234   Section        6  __rtentry4.o(.ARM.Collect$$rtentry$$00000004)
    .ARM.Collect$$rtentry$$00000009          0x0800023a   Section        0  __rtentry2.o(.ARM.Collect$$rtentry$$00000009)
    .ARM.Collect$$rtentry$$0000000A          0x0800023a   Section        4  __rtentry2.o(.ARM.Collect$$rtentry$$0000000A)
    .ARM.Collect$$rtentry$$0000000C          0x0800023e   Section        0  __rtentry2.o(.ARM.Collect$$rtentry$$0000000C)
    .ARM.Collect$$rtentry$$0000000D          0x0800023e   Section        8  __rtentry2.o(.ARM.Collect$$rtentry$$0000000D)
    .ARM.Collect$$rtexit$$00000000           0x08000246   Section        2  rtexit.o(.ARM.Collect$$rtexit$$00000000)
    .ARM.Collect$$rtexit$$00000002           0x08000248   Section        0  rtexit2.o(.ARM.Collect$$rtexit$$00000002)
    .ARM.Collect$$rtexit$$00000003           0x08000248   Section        4  rtexit2.o(.ARM.Collect$$rtexit$$00000003)
    .ARM.Collect$$rtexit$$00000004           0x0800024c   Section        6  rtexit2.o(.ARM.Collect$$rtexit$$00000004)
    .text                                    0x08000254   Section       64  startup_stm32f401xe.o(.text)
    $v0                                      0x08000254   Number         0  startup_stm32f401xe.o(.text)
    .text                                    0x08000294   Section        0  noretval__2sprintf.o(.text)
    .text                                    0x080002bc   Section        0  _printf_dec.o(.text)
    .text                                    0x08000334   Section        0  __printf_flags_wp.o(.text)
    .text                                    0x0800046c   Section        0  heapauxi.o(.text)
    .text                                    0x08000472   Section        0  _printf_intcommon.o(.text)
    .text                                    0x08000524   Section        0  _printf_fp_dec.o(.text)
    _fp_digits                               0x08000527   Thumb Code   432  _printf_fp_dec.o(.text)
    .text                                    0x08000944   Section        0  _printf_char_common.o(.text)
    _printf_input_char                       0x08000945   Thumb Code    10  _printf_char_common.o(.text)
    .text                                    0x08000974   Section        0  _sputc.o(.text)
    .text                                    0x08000980   Section        8  rt_locale_intlibspace.o(.text)
    .text                                    0x08000988   Section      138  lludiv10.o(.text)
    .text                                    0x08000a14   Section        0  _printf_fp_infnan.o(.text)
    .text                                    0x08000a94   Section        0  bigflt0.o(.text)
    .text                                    0x08000b78   Section        8  libspace.o(.text)
    .text                                    0x08000b80   Section       74  sys_stackheap_outer.o(.text)
    .text                                    0x08000bca   Section        0  exit.o(.text)
    .text                                    0x08000bdc   Section      128  strcmpv7m.o(.text)
    .text                                    0x08000c5c   Section        0  sys_exit.o(.text)
    .text                                    0x08000c68   Section        2  use_no_semi.o(.text)
    .text                                    0x08000c6a   Section        0  indicate_semi.o(.text)
    CL$$btod_d2e                             0x08000c6a   Section       62  btod.o(CL$$btod_d2e)
    CL$$btod_d2e_denorm_low                  0x08000ca8   Section       70  btod.o(CL$$btod_d2e_denorm_low)
    CL$$btod_d2e_norm_op1                    0x08000cee   Section       96  btod.o(CL$$btod_d2e_norm_op1)
    CL$$btod_div_common                      0x08000d4e   Section      824  btod.o(CL$$btod_div_common)
    CL$$btod_e2e                             0x08001086   Section      220  btod.o(CL$$btod_e2e)
    CL$$btod_ediv                            0x08001162   Section       42  btod.o(CL$$btod_ediv)
    CL$$btod_emul                            0x0800118c   Section       42  btod.o(CL$$btod_emul)
    CL$$btod_mult_common                     0x080011b6   Section      580  btod.o(CL$$btod_mult_common)
    i.ADC_IRQHandler                         0x080013fc   Section        0  trabajo.o(i.ADC_IRQHandler)
    i.SysTick_Handler                        0x080015f8   Section        0  trabajo.o(i.SysTick_Handler)
    i.SystemCoreClockUpdate                  0x080017b0   Section        0  system_stm32f4xx.o(i.SystemCoreClockUpdate)
    i.SystemInit                             0x08001870   Section        0  system_stm32f4xx.o(i.SystemInit)
    i._Z10SendUsart2cPcif                    0x08001884   Section        0  usart2.o(i._Z10SendUsart2cPcif)
    i._Z11LuminosidadPff                     0x08001928   Section        0  trabajo.o(i._Z11LuminosidadPff)
    i._Z12send_comandoc                      0x0800198c   Section        0  trabajo.o(i._Z12send_comandoc)
    i._Z19ConfiguracionUsart2v               0x080019b8   Section        0  usart2.o(i._Z19ConfiguracionUsart2v)
    i._Z8PromedioPf                          0x080019f8   Section        0  trabajo.o(i._Z8PromedioPf)
    i._Z9send_datoc                          0x08001a3c   Section        0  trabajo.o(i._Z9send_datoc)
    i.__ARM_fpclassify                       0x08001a68   Section        0  fpclassify.o(i.__ARM_fpclassify)
    i._is_digit                              0x08001a98   Section        0  __printf_wp.o(i._is_digit)
    i.main                                   0x08001aa8   Section        0  trabajo.o(i.main)
    locale$$code                             0x08001d78   Section       44  lc_numeric_c.o(locale$$code)
    x$fpl$d2f                                0x08001da4   Section       98  d2f.o(x$fpl$d2f)
    $v0                                      0x08001da4   Number         0  d2f.o(x$fpl$d2f)
    x$fpl$dadd                               0x08001e08   Section      336  daddsub_clz.o(x$fpl$dadd)
    $v0                                      0x08001e08   Number         0  daddsub_clz.o(x$fpl$dadd)
    _dadd1                                   0x08001e19   Thumb Code     0  daddsub_clz.o(x$fpl$dadd)
    x$fpl$ddiv                               0x08001f58   Section      688  ddiv.o(x$fpl$ddiv)
    $v0                                      0x08001f58   Number         0  ddiv.o(x$fpl$ddiv)
    ddiv_entry                               0x08001f5f   Thumb Code     0  ddiv.o(x$fpl$ddiv)
    x$fpl$dfixu                              0x08002208   Section       90  dfixu.o(x$fpl$dfixu)
    $v0                                      0x08002208   Number         0  dfixu.o(x$fpl$dfixu)
    x$fpl$dflt                               0x08002262   Section       46  dflt_clz.o(x$fpl$dflt)
    $v0                                      0x08002262   Number         0  dflt_clz.o(x$fpl$dflt)
    x$fpl$dmul                               0x08002290   Section      340  dmul.o(x$fpl$dmul)
    $v0                                      0x08002290   Number         0  dmul.o(x$fpl$dmul)
    x$fpl$dnaninf                            0x080023e4   Section      156  dnaninf.o(x$fpl$dnaninf)
    $v0                                      0x080023e4   Number         0  dnaninf.o(x$fpl$dnaninf)
    x$fpl$dretinf                            0x08002480   Section       12  dretinf.o(x$fpl$dretinf)
    $v0                                      0x08002480   Number         0  dretinf.o(x$fpl$dretinf)
    x$fpl$dsub                               0x0800248c   Section      468  daddsub_clz.o(x$fpl$dsub)
    $v0                                      0x0800248c   Number         0  daddsub_clz.o(x$fpl$dsub)
    _dsub1                                   0x0800249d   Thumb Code     0  daddsub_clz.o(x$fpl$dsub)
    x$fpl$f2d                                0x08002660   Section       86  f2d.o(x$fpl$f2d)
    $v0                                      0x08002660   Number         0  f2d.o(x$fpl$f2d)
    x$fpl$fnaninf                            0x080026b6   Section      140  fnaninf.o(x$fpl$fnaninf)
    $v0                                      0x080026b6   Number         0  fnaninf.o(x$fpl$fnaninf)
    x$fpl$fpinit                             0x08002742   Section       10  fpinit.o(x$fpl$fpinit)
    $v0                                      0x08002742   Number         0  fpinit.o(x$fpl$fpinit)
    x$fpl$fretinf                            0x0800274c   Section       10  fretinf.o(x$fpl$fretinf)
    $v0                                      0x0800274c   Number         0  fretinf.o(x$fpl$fretinf)
    x$fpl$printf1                            0x08002756   Section        4  printf1.o(x$fpl$printf1)
    $v0                                      0x08002756   Number         0  printf1.o(x$fpl$printf1)
    .constdata                               0x0800275a   Section       24  system_stm32f4xx.o(.constdata)
    x$fpl$usenofp                            0x0800275a   Section        0  usenofp.o(x$fpl$usenofp)
    .constdata                               0x08002772   Section       17  __printf_flags_wp.o(.constdata)
    maptable                                 0x08002772   Data          17  __printf_flags_wp.o(.constdata)
    .constdata                               0x08002784   Section      148  bigflt0.o(.constdata)
    tenpwrs_x                                0x08002784   Data          60  bigflt0.o(.constdata)
    tenpwrs_i                                0x080027c0   Data          64  bigflt0.o(.constdata)
    locale$$data                             0x08002838   Section       28  lc_numeric_c.o(locale$$data)
    __lcnum_c_name                           0x0800283c   Data           2  lc_numeric_c.o(locale$$data)
    __lcnum_c_start                          0x08002844   Data           0  lc_numeric_c.o(locale$$data)
    __lcnum_c_point                          0x08002850   Data           0  lc_numeric_c.o(locale$$data)
    __lcnum_c_thousands                      0x08002852   Data           0  lc_numeric_c.o(locale$$data)
    __lcnum_c_grouping                       0x08002853   Data           0  lc_numeric_c.o(locale$$data)
    __lcnum_c_end                            0x08002854   Data           0  lc_numeric_c.o(locale$$data)
    .data                                    0x20000000   Section      128  trabajo.o(.data)
    .data                                    0x20000080   Section        4  system_stm32f4xx.o(.data)
    .bss                                     0x20000084   Section      150  trabajo.o(.bss)
    .bss                                     0x2000011c   Section       96  libspace.o(.bss)
    HEAP                                     0x20000180   Section      512  startup_stm32f401xe.o(HEAP)
    Heap_Mem                                 0x20000180   Data         512  startup_stm32f401xe.o(HEAP)
    STACK                                    0x20000380   Section     1024  startup_stm32f401xe.o(STACK)
    Stack_Mem                                0x20000380   Data        1024  startup_stm32f401xe.o(STACK)
    __initial_sp                             0x20000780   Data           0  startup_stm32f401xe.o(STACK)

    Global Symbols

    Symbol Name                              Value     Ov Type        Size  Object(Section)

    BuildAttributes$$THM_ISAv4$E$P$D$K$B$S$7EM$VFPi3$EXTD16$VFPS$VFMA$PE$A:L22UL41UL21$X:L11$S22US41US21$IEEE1$IW$USESV6$~STKCKD$USESV7$~SHL$OTIME$ROPI$IEEEJ$EBA8$UX$STANDARDLIB$REQ8$PRES8$EABIv2 0x00000000   Number         0  anon$$obj.o ABSOLUTE
    __ARM_use_no_argv                        0x00000000   Number         0  trabajo.o ABSOLUTE
    _printf_flags                            0x00000000   Number         0  printf_stubs.o ABSOLUTE
    _printf_return_value                     0x00000000   Number         0  printf_stubs.o ABSOLUTE
    _printf_sizespec                         0x00000000   Number         0  printf_stubs.o ABSOLUTE
    _printf_widthprec                        0x00000000   Number         0  printf_stubs.o ABSOLUTE
    __ARM_exceptions_init                     - Undefined Weak Reference
    __alloca_initialize                       - Undefined Weak Reference
    __arm_fini_                               - Undefined Weak Reference
    __arm_preinit_                            - Undefined Weak Reference
    __cpp_initialize__aeabi_                  - Undefined Weak Reference
    __cxa_finalize                            - Undefined Weak Reference
    __sigvec_lookup                           - Undefined Weak Reference
    _atexit_init                              - Undefined Weak Reference
    _call_atexit_fns                          - Undefined Weak Reference
    _clock_init                               - Undefined Weak Reference
    _fp_trap_init                             - Undefined Weak Reference
    _fp_trap_shutdown                         - Undefined Weak Reference
    _get_lc_collate                           - Undefined Weak Reference
    _get_lc_ctype                             - Undefined Weak Reference
    _get_lc_monetary                          - Undefined Weak Reference
    _get_lc_time                              - Undefined Weak Reference
    _getenv_init                              - Undefined Weak Reference
    _handle_redirection                       - Undefined Weak Reference
    _init_alloc                               - Undefined Weak Reference
    _init_user_alloc                          - Undefined Weak Reference
    _initio                                   - Undefined Weak Reference
    _printf_post_padding                      - Undefined Weak Reference
    _printf_pre_padding                       - Undefined Weak Reference
    _printf_truncate_signed                   - Undefined Weak Reference
    _printf_truncate_unsigned                 - Undefined Weak Reference
    _rand_init                                - Undefined Weak Reference
    _signal_finish                            - Undefined Weak Reference
    _signal_init                              - Undefined Weak Reference
    _terminate_alloc                          - Undefined Weak Reference
    _terminate_user_alloc                     - Undefined Weak Reference
    _terminateio                              - Undefined Weak Reference
    __Vectors_Size                           0x00000194   Number         0  startup_stm32f401xe.o ABSOLUTE
    __Vectors                                0x08000000   Data           4  startup_stm32f401xe.o(RESET)
    __Vectors_End                            0x08000194   Data           0  startup_stm32f401xe.o(RESET)
    __main                                   0x08000195   Thumb Code     8  __main.o(!!!main)
    __scatterload                            0x0800019d   Thumb Code     0  __scatter.o(!!!scatter)
    __scatterload_rt2                        0x0800019d   Thumb Code    44  __scatter.o(!!!scatter)
    __scatterload_rt2_thumb_only             0x0800019d   Thumb Code     0  __scatter.o(!!!scatter)
    __scatterload_null                       0x080001ab   Thumb Code     0  __scatter.o(!!!scatter)
    __scatterload_copy                       0x080001d1   Thumb Code    26  __scatter_copy.o(!!handler_copy)
    __scatterload_zeroinit                   0x080001ed   Thumb Code    28  __scatter_zi.o(!!handler_zi)
    _printf_f                                0x08000209   Thumb Code     0  _printf_f.o(.ARM.Collect$$_printf_percent$$00000003)
    _printf_percent                          0x08000209   Thumb Code     0  _printf_percent.o(.ARM.Collect$$_printf_percent$$00000000)
    _printf_d                                0x0800020f   Thumb Code     0  _printf_d.o(.ARM.Collect$$_printf_percent$$00000009)
    _printf_percent_end                      0x08000215   Thumb Code     0  _printf_percent_end.o(.ARM.Collect$$_printf_percent$$00000017)
    __rt_lib_init                            0x08000219   Thumb Code     0  libinit.o(.ARM.Collect$$libinit$$00000000)
    __rt_lib_init_fp_1                       0x0800021b   Thumb Code     0  libinit2.o(.ARM.Collect$$libinit$$00000001)
    __rt_lib_init_heap_1                     0x0800021f   Thumb Code     0  libinit2.o(.ARM.Collect$$libinit$$0000000A)
    __rt_lib_init_lc_common                  0x0800021f   Thumb Code     0  libinit2.o(.ARM.Collect$$libinit$$0000000F)
    __rt_lib_init_preinit_1                  0x0800021f   Thumb Code     0  libinit2.o(.ARM.Collect$$libinit$$00000004)
    __rt_lib_init_rand_1                     0x0800021f   Thumb Code     0  libinit2.o(.ARM.Collect$$libinit$$0000000E)
    __rt_lib_init_user_alloc_1               0x0800021f   Thumb Code     0  libinit2.o(.ARM.Collect$$libinit$$0000000C)
    __rt_lib_init_lc_collate_1               0x08000225   Thumb Code     0  libinit2.o(.ARM.Collect$$libinit$$00000011)
    __rt_lib_init_lc_ctype_1                 0x08000225   Thumb Code     0  libinit2.o(.ARM.Collect$$libinit$$00000013)
    __rt_lib_init_lc_monetary_1              0x08000225   Thumb Code     0  libinit2.o(.ARM.Collect$$libinit$$00000015)
    __rt_lib_init_lc_numeric_2               0x08000225   Thumb Code     0  libinit2.o(.ARM.Collect$$libinit$$00000016)
    __rt_lib_init_alloca_1                   0x0800022f   Thumb Code     0  libinit2.o(.ARM.Collect$$libinit$$0000002E)
    __rt_lib_init_argv_1                     0x0800022f   Thumb Code     0  libinit2.o(.ARM.Collect$$libinit$$0000002C)
    __rt_lib_init_atexit_1                   0x0800022f   Thumb Code     0  libinit2.o(.ARM.Collect$$libinit$$0000001B)
    __rt_lib_init_clock_1                    0x0800022f   Thumb Code     0  libinit2.o(.ARM.Collect$$libinit$$00000021)
    __rt_lib_init_cpp_1                      0x0800022f   Thumb Code     0  libinit2.o(.ARM.Collect$$libinit$$00000032)
    __rt_lib_init_exceptions_1               0x0800022f   Thumb Code     0  libinit2.o(.ARM.Collect$$libinit$$00000030)
    __rt_lib_init_fp_trap_1                  0x0800022f   Thumb Code     0  libinit2.o(.ARM.Collect$$libinit$$0000001F)
    __rt_lib_init_getenv_1                   0x0800022f   Thumb Code     0  libinit2.o(.ARM.Collect$$libinit$$00000023)
    __rt_lib_init_lc_numeric_1               0x0800022f   Thumb Code     0  libinit2.o(.ARM.Collect$$libinit$$00000017)
    __rt_lib_init_lc_time_1                  0x0800022f   Thumb Code     0  libinit2.o(.ARM.Collect$$libinit$$00000019)
    __rt_lib_init_return                     0x0800022f   Thumb Code     0  libinit2.o(.ARM.Collect$$libinit$$00000033)
    __rt_lib_init_signal_1                   0x0800022f   Thumb Code     0  libinit2.o(.ARM.Collect$$libinit$$0000001D)
    __rt_lib_init_stdio_1                    0x0800022f   Thumb Code     0  libinit2.o(.ARM.Collect$$libinit$$00000025)
    __rt_lib_shutdown                        0x08000231   Thumb Code     0  libshutdown.o(.ARM.Collect$$libshutdown$$00000000)
    __rt_lib_shutdown_cpp_1                  0x08000233   Thumb Code     0  libshutdown2.o(.ARM.Collect$$libshutdown$$00000004)
    __rt_lib_shutdown_fini_1                 0x08000233   Thumb Code     0  libshutdown2.o(.ARM.Collect$$libshutdown$$00000002)
    __rt_lib_shutdown_fp_trap_1              0x08000233   Thumb Code     0  libshutdown2.o(.ARM.Collect$$libshutdown$$00000009)
    __rt_lib_shutdown_heap_1                 0x08000233   Thumb Code     0  libshutdown2.o(.ARM.Collect$$libshutdown$$00000011)
    __rt_lib_shutdown_return                 0x08000233   Thumb Code     0  libshutdown2.o(.ARM.Collect$$libshutdown$$00000012)
    __rt_lib_shutdown_signal_1               0x08000233   Thumb Code     0  libshutdown2.o(.ARM.Collect$$libshutdown$$0000000C)
    __rt_lib_shutdown_stdio_1                0x08000233   Thumb Code     0  libshutdown2.o(.ARM.Collect$$libshutdown$$00000006)
    __rt_lib_shutdown_user_alloc_1           0x08000233   Thumb Code     0  libshutdown2.o(.ARM.Collect$$libshutdown$$0000000E)
    __rt_entry                               0x08000235   Thumb Code     0  __rtentry.o(.ARM.Collect$$rtentry$$00000000)
    __rt_entry_presh_1                       0x08000235   Thumb Code     0  __rtentry2.o(.ARM.Collect$$rtentry$$00000002)
    __rt_entry_sh                            0x08000235   Thumb Code     0  __rtentry4.o(.ARM.Collect$$rtentry$$00000004)
    __rt_entry_li                            0x0800023b   Thumb Code     0  __rtentry2.o(.ARM.Collect$$rtentry$$0000000A)
    __rt_entry_postsh_1                      0x0800023b   Thumb Code     0  __rtentry2.o(.ARM.Collect$$rtentry$$00000009)
    __rt_entry_main                          0x0800023f   Thumb Code     0  __rtentry2.o(.ARM.Collect$$rtentry$$0000000D)
    __rt_entry_postli_1                      0x0800023f   Thumb Code     0  __rtentry2.o(.ARM.Collect$$rtentry$$0000000C)
    __rt_exit                                0x08000247   Thumb Code     0  rtexit.o(.ARM.Collect$$rtexit$$00000000)
    __rt_exit_ls                             0x08000249   Thumb Code     0  rtexit2.o(.ARM.Collect$$rtexit$$00000003)
    __rt_exit_prels_1                        0x08000249   Thumb Code     0  rtexit2.o(.ARM.Collect$$rtexit$$00000002)
    __rt_exit_exit                           0x0800024d   Thumb Code     0  rtexit2.o(.ARM.Collect$$rtexit$$00000004)
    Reset_Handler                            0x08000255   Thumb Code     8  startup_stm32f401xe.o(.text)
    NMI_Handler                              0x0800025d   Thumb Code     2  startup_stm32f401xe.o(.text)
    HardFault_Handler                        0x0800025f   Thumb Code     2  startup_stm32f401xe.o(.text)
    MemManage_Handler                        0x08000261   Thumb Code     2  startup_stm32f401xe.o(.text)
    BusFault_Handler                         0x08000263   Thumb Code     2  startup_stm32f401xe.o(.text)
    UsageFault_Handler                       0x08000265   Thumb Code     2  startup_stm32f401xe.o(.text)
    SVC_Handler                              0x08000267   Thumb Code     2  startup_stm32f401xe.o(.text)
    DebugMon_Handler                         0x08000269   Thumb Code     2  startup_stm32f401xe.o(.text)
    PendSV_Handler                           0x0800026b   Thumb Code     2  startup_stm32f401xe.o(.text)
    DMA1_Stream0_IRQHandler                  0x0800026f   Thumb Code     0  startup_stm32f401xe.o(.text)
    DMA1_Stream1_IRQHandler                  0x0800026f   Thumb Code     0  startup_stm32f401xe.o(.text)
    DMA1_Stream2_IRQHandler                  0x0800026f   Thumb Code     0  startup_stm32f401xe.o(.text)
    DMA1_Stream3_IRQHandler                  0x0800026f   Thumb Code     0  startup_stm32f401xe.o(.text)
    DMA1_Stream4_IRQHandler                  0x0800026f   Thumb Code     0  startup_stm32f401xe.o(.text)
    DMA1_Stream5_IRQHandler                  0x0800026f   Thumb Code     0  startup_stm32f401xe.o(.text)
    DMA1_Stream6_IRQHandler                  0x0800026f   Thumb Code     0  startup_stm32f401xe.o(.text)
    DMA1_Stream7_IRQHandler                  0x0800026f   Thumb Code     0  startup_stm32f401xe.o(.text)
    DMA2_Stream0_IRQHandler                  0x0800026f   Thumb Code     0  startup_stm32f401xe.o(.text)
    DMA2_Stream1_IRQHandler                  0x0800026f   Thumb Code     0  startup_stm32f401xe.o(.text)
    DMA2_Stream2_IRQHandler                  0x0800026f   Thumb Code     0  startup_stm32f401xe.o(.text)
    DMA2_Stream3_IRQHandler                  0x0800026f   Thumb Code     0  startup_stm32f401xe.o(.text)
    DMA2_Stream4_IRQHandler                  0x0800026f   Thumb Code     0  startup_stm32f401xe.o(.text)
    DMA2_Stream5_IRQHandler                  0x0800026f   Thumb Code     0  startup_stm32f401xe.o(.text)
    DMA2_Stream6_IRQHandler                  0x0800026f   Thumb Code     0  startup_stm32f401xe.o(.text)
    DMA2_Stream7_IRQHandler                  0x0800026f   Thumb Code     0  startup_stm32f401xe.o(.text)
    EXTI0_IRQHandler                         0x0800026f   Thumb Code     0  startup_stm32f401xe.o(.text)
    EXTI15_10_IRQHandler                     0x0800026f   Thumb Code     0  startup_stm32f401xe.o(.text)
    EXTI1_IRQHandler                         0x0800026f   Thumb Code     0  startup_stm32f401xe.o(.text)
    EXTI2_IRQHandler                         0x0800026f   Thumb Code     0  startup_stm32f401xe.o(.text)
    EXTI3_IRQHandler                         0x0800026f   Thumb Code     0  startup_stm32f401xe.o(.text)
    EXTI4_IRQHandler                         0x0800026f   Thumb Code     0  startup_stm32f401xe.o(.text)
    EXTI9_5_IRQHandler                       0x0800026f   Thumb Code     0  startup_stm32f401xe.o(.text)
    FLASH_IRQHandler                         0x0800026f   Thumb Code     0  startup_stm32f401xe.o(.text)
    FPU_IRQHandler                           0x0800026f   Thumb Code     0  startup_stm32f401xe.o(.text)
    I2C1_ER_IRQHandler                       0x0800026f   Thumb Code     0  startup_stm32f401xe.o(.text)
    I2C1_EV_IRQHandler                       0x0800026f   Thumb Code     0  startup_stm32f401xe.o(.text)
    I2C2_ER_IRQHandler                       0x0800026f   Thumb Code     0  startup_stm32f401xe.o(.text)
    I2C2_EV_IRQHandler                       0x0800026f   Thumb Code     0  startup_stm32f401xe.o(.text)
    I2C3_ER_IRQHandler                       0x0800026f   Thumb Code     0  startup_stm32f401xe.o(.text)
    I2C3_EV_IRQHandler                       0x0800026f   Thumb Code     0  startup_stm32f401xe.o(.text)
    OTG_FS_IRQHandler                        0x0800026f   Thumb Code     0  startup_stm32f401xe.o(.text)
    OTG_FS_WKUP_IRQHandler                   0x0800026f   Thumb Code     0  startup_stm32f401xe.o(.text)
    PVD_IRQHandler                           0x0800026f   Thumb Code     0  startup_stm32f401xe.o(.text)
    RCC_IRQHandler                           0x0800026f   Thumb Code     0  startup_stm32f401xe.o(.text)
    RTC_Alarm_IRQHandler                     0x0800026f   Thumb Code     0  startup_stm32f401xe.o(.text)
    RTC_WKUP_IRQHandler                      0x0800026f   Thumb Code     0  startup_stm32f401xe.o(.text)
    SDIO_IRQHandler                          0x0800026f   Thumb Code     0  startup_stm32f401xe.o(.text)
    SPI1_IRQHandler                          0x0800026f   Thumb Code     0  startup_stm32f401xe.o(.text)
    SPI2_IRQHandler                          0x0800026f   Thumb Code     0  startup_stm32f401xe.o(.text)
    SPI3_IRQHandler                          0x0800026f   Thumb Code     0  startup_stm32f401xe.o(.text)
    SPI4_IRQHandler                          0x0800026f   Thumb Code     0  startup_stm32f401xe.o(.text)
    TAMP_STAMP_IRQHandler                    0x0800026f   Thumb Code     0  startup_stm32f401xe.o(.text)
    TIM1_BRK_TIM9_IRQHandler                 0x0800026f   Thumb Code     0  startup_stm32f401xe.o(.text)
    TIM1_CC_IRQHandler                       0x0800026f   Thumb Code     0  startup_stm32f401xe.o(.text)
    TIM1_TRG_COM_TIM11_IRQHandler            0x0800026f   Thumb Code     0  startup_stm32f401xe.o(.text)
    TIM1_UP_TIM10_IRQHandler                 0x0800026f   Thumb Code     0  startup_stm32f401xe.o(.text)
    TIM2_IRQHandler                          0x0800026f   Thumb Code     0  startup_stm32f401xe.o(.text)
    TIM3_IRQHandler                          0x0800026f   Thumb Code     0  startup_stm32f401xe.o(.text)
    TIM4_IRQHandler                          0x0800026f   Thumb Code     0  startup_stm32f401xe.o(.text)
    TIM5_IRQHandler                          0x0800026f   Thumb Code     0  startup_stm32f401xe.o(.text)
    USART1_IRQHandler                        0x0800026f   Thumb Code     0  startup_stm32f401xe.o(.text)
    USART2_IRQHandler                        0x0800026f   Thumb Code     0  startup_stm32f401xe.o(.text)
    USART6_IRQHandler                        0x0800026f   Thumb Code     0  startup_stm32f401xe.o(.text)
    WWDG_IRQHandler                          0x0800026f   Thumb Code     0  startup_stm32f401xe.o(.text)
    __user_initial_stackheap                 0x08000271   Thumb Code     0  startup_stm32f401xe.o(.text)
    __2sprintf                               0x08000295   Thumb Code    34  noretval__2sprintf.o(.text)
    _printf_int_dec                          0x080002bd   Thumb Code   104  _printf_dec.o(.text)
    __printf                                 0x08000335   Thumb Code   308  __printf_flags_wp.o(.text)
    __use_two_region_memory                  0x0800046d   Thumb Code     2  heapauxi.o(.text)
    __rt_heap_escrow$2region                 0x0800046f   Thumb Code     2  heapauxi.o(.text)
    __rt_heap_expand$2region                 0x08000471   Thumb Code     2  heapauxi.o(.text)
    _printf_int_common                       0x08000473   Thumb Code   178  _printf_intcommon.o(.text)
    __lib_sel_fp_printf                      0x08000525   Thumb Code     2  _printf_fp_dec.o(.text)
    _printf_fp_dec_real                      0x080006d7   Thumb Code   620  _printf_fp_dec.o(.text)
    _printf_char_common                      0x0800094f   Thumb Code    32  _printf_char_common.o(.text)
    _sputc                                   0x08000975   Thumb Code    10  _sputc.o(.text)
    __rt_locale                              0x08000981   Thumb Code     8  rt_locale_intlibspace.o(.text)
    _ll_udiv10                               0x08000989   Thumb Code   138  lludiv10.o(.text)
    _printf_fp_infnan                        0x08000a15   Thumb Code   112  _printf_fp_infnan.o(.text)
    _btod_etento                             0x08000a95   Thumb Code   224  bigflt0.o(.text)
    __user_libspace                          0x08000b79   Thumb Code     8  libspace.o(.text)
    __user_perproc_libspace                  0x08000b79   Thumb Code     0  libspace.o(.text)
    __user_perthread_libspace                0x08000b79   Thumb Code     0  libspace.o(.text)
    __user_setup_stackheap                   0x08000b81   Thumb Code    74  sys_stackheap_outer.o(.text)
    exit                                     0x08000bcb   Thumb Code    18  exit.o(.text)
    strcmp                                   0x08000bdd   Thumb Code   128  strcmpv7m.o(.text)
    _sys_exit                                0x08000c5d   Thumb Code     8  sys_exit.o(.text)
    __I$use$semihosting                      0x08000c69   Thumb Code     0  use_no_semi.o(.text)
    __use_no_semihosting_swi                 0x08000c69   Thumb Code     2  use_no_semi.o(.text)
    __semihosting_library_function           0x08000c6b   Thumb Code     0  indicate_semi.o(.text)
    _btod_d2e                                0x08000c6b   Thumb Code    62  btod.o(CL$$btod_d2e)
    _d2e_denorm_low                          0x08000ca9   Thumb Code    70  btod.o(CL$$btod_d2e_denorm_low)
    _d2e_norm_op1                            0x08000cef   Thumb Code    96  btod.o(CL$$btod_d2e_norm_op1)
    __btod_div_common                        0x08000d4f   Thumb Code   696  btod.o(CL$$btod_div_common)
    _e2e                                     0x08001087   Thumb Code   220  btod.o(CL$$btod_e2e)
    _btod_ediv                               0x08001163   Thumb Code    42  btod.o(CL$$btod_ediv)
    _btod_emul                               0x0800118d   Thumb Code    42  btod.o(CL$$btod_emul)
    __btod_mult_common                       0x080011b7   Thumb Code   580  btod.o(CL$$btod_mult_common)
    ADC_IRQHandler                           0x080013fd   Thumb Code   384  trabajo.o(i.ADC_IRQHandler)
    SysTick_Handler                          0x080015f9   Thumb Code   380  trabajo.o(i.SysTick_Handler)
    SystemCoreClockUpdate                    0x080017b1   Thumb Code   170  system_stm32f4xx.o(i.SystemCoreClockUpdate)
    SystemInit                               0x08001871   Thumb Code    14  system_stm32f4xx.o(i.SystemInit)
    SendUsart2(char, char*, int, float)      0x08001885   Thumb Code   142  usart2.o(i._Z10SendUsart2cPcif)
    Luminosidad(float*, float)               0x08001929   Thumb Code    92  trabajo.o(i._Z11LuminosidadPff)
    send_comando(char)                       0x0800198d   Thumb Code    38  trabajo.o(i._Z12send_comandoc)
    ConfiguracionUsart2()                    0x080019b9   Thumb Code    50  usart2.o(i._Z19ConfiguracionUsart2v)
    Promedio(float*)                         0x080019f9   Thumb Code    62  trabajo.o(i._Z8PromedioPf)
    send_dato(char)                          0x08001a3d   Thumb Code    38  trabajo.o(i._Z9send_datoc)
    __ARM_fpclassify                         0x08001a69   Thumb Code    48  fpclassify.o(i.__ARM_fpclassify)
    _is_digit                                0x08001a99   Thumb Code    14  __printf_wp.o(i._is_digit)
    main                                     0x08001aa9   Thumb Code   640  trabajo.o(i.main)
    _get_lc_numeric                          0x08001d79   Thumb Code    44  lc_numeric_c.o(locale$$code)
    __aeabi_d2f                              0x08001da5   Thumb Code     0  d2f.o(x$fpl$d2f)
    _d2f                                     0x08001da5   Thumb Code    98  d2f.o(x$fpl$d2f)
    __aeabi_dadd                             0x08001e09   Thumb Code     0  daddsub_clz.o(x$fpl$dadd)
    _dadd                                    0x08001e09   Thumb Code   332  daddsub_clz.o(x$fpl$dadd)
    __aeabi_ddiv                             0x08001f59   Thumb Code     0  ddiv.o(x$fpl$ddiv)
    _ddiv                                    0x08001f59   Thumb Code   552  ddiv.o(x$fpl$ddiv)
    __aeabi_d2uiz                            0x08002209   Thumb Code     0  dfixu.o(x$fpl$dfixu)
    _dfixu                                   0x08002209   Thumb Code    90  dfixu.o(x$fpl$dfixu)
    __aeabi_i2d                              0x08002263   Thumb Code     0  dflt_clz.o(x$fpl$dflt)
    _dflt                                    0x08002263   Thumb Code    46  dflt_clz.o(x$fpl$dflt)
    __aeabi_dmul                             0x08002291   Thumb Code     0  dmul.o(x$fpl$dmul)
    _dmul                                    0x08002291   Thumb Code   332  dmul.o(x$fpl$dmul)
    __fpl_dnaninf                            0x080023e5   Thumb Code   156  dnaninf.o(x$fpl$dnaninf)
    __fpl_dretinf                            0x08002481   Thumb Code    12  dretinf.o(x$fpl$dretinf)
    __aeabi_dsub                             0x0800248d   Thumb Code     0  daddsub_clz.o(x$fpl$dsub)
    _dsub                                    0x0800248d   Thumb Code   464  daddsub_clz.o(x$fpl$dsub)
    __aeabi_f2d                              0x08002661   Thumb Code     0  f2d.o(x$fpl$f2d)
    _f2d                                     0x08002661   Thumb Code    86  f2d.o(x$fpl$f2d)
    __fpl_fnaninf                            0x080026b7   Thumb Code   140  fnaninf.o(x$fpl$fnaninf)
    _fp_init                                 0x08002743   Thumb Code    10  fpinit.o(x$fpl$fpinit)
    __fplib_config_fpu_vfp                   0x0800274b   Thumb Code     0  fpinit.o(x$fpl$fpinit)
    __fplib_config_pureend_doubles           0x0800274b   Thumb Code     0  fpinit.o(x$fpl$fpinit)
    __fpl_fretinf                            0x0800274d   Thumb Code    10  fretinf.o(x$fpl$fretinf)
    _printf_fp_dec                           0x08002757   Thumb Code     4  printf1.o(x$fpl$printf1)
    AHBPrescTable                            0x0800275a   Data          16  system_stm32f4xx.o(.constdata)
    __I$use$fp                               0x0800275a   Number         0  usenofp.o(x$fpl$usenofp)
    APBPrescTable                            0x0800276a   Data           8  system_stm32f4xx.o(.constdata)
    Region$$Table$$Base                      0x08002818   Number         0  anon$$obj.o(Region$$Table)
    Region$$Table$$Limit                     0x08002838   Number         0  anon$$obj.o(Region$$Table)
    volt                                     0x20000000   Data           8  trabajo.o(.data)
    dis                                      0x20000008   Data           8  trabajo.o(.data)
    temp                                     0x20000010   Data           8  trabajo.o(.data)
    foto                                     0x20000018   Data           8  trabajo.o(.data)
    contadorADC1                             0x20000020   Data           4  trabajo.o(.data)
    cen                                      0x20000024   Data           4  trabajo.o(.data)
    de                                       0x20000028   Data           4  trabajo.o(.data)
    un                                       0x2000002c   Data           4  trabajo.o(.data)
    del1                                     0x20000030   Data           4  trabajo.o(.data)
    del2                                     0x20000034   Data           4  trabajo.o(.data)
    error1                                   0x20000038   Data           4  trabajo.o(.data)
    error2                                   0x2000003c   Data           4  trabajo.o(.data)
    error3                                   0x20000040   Data           4  trabajo.o(.data)
    xx                                       0x20000044   Data           4  trabajo.o(.data)
    adc                                      0x20000048   Data           4  trabajo.o(.data)
    Label                                    0x2000004c   Data          11  trabajo.o(.data)
    PromedioDistacia                         0x20000058   Data           4  trabajo.o(.data)
    PromedioTemperatura                      0x2000005c   Data           4  trabajo.o(.data)
    PromedioFoto                             0x20000060   Data           4  trabajo.o(.data)
    sumdis                                   0x20000064   Data           4  trabajo.o(.data)
    time                                     0x20000068   Data           4  trabajo.o(.data)
    clear                                    0x2000006c   Data           1  trabajo.o(.data)
    Set                                      0x2000006d   Data           1  trabajo.o(.data)
    Disp_On                                  0x2000006e   Data           1  trabajo.o(.data)
    mode                                     0x2000006f   Data           1  trabajo.o(.data)
    ddram1L                                  0x20000070   Data           1  trabajo.o(.data)
    ddram2L                                  0x20000071   Data           1  trabajo.o(.data)
    contadorToSendLCD                        0x20000074   Data           4  trabajo.o(.data)
    CondicionDatos                           0x20000078   Data           4  trabajo.o(.data)
    canalDC                                  0x2000007c   Data           4  trabajo.o(.data)
    SystemCoreClock                          0x20000080   Data           4  system_stm32f4xx.o(.data)
    distancia                                0x20000084   Data          40  trabajo.o(.bss)
    temperatura                              0x200000ac   Data          40  trabajo.o(.bss)
    Lumens                                   0x200000d4   Data          40  trabajo.o(.bss)
    DatosDistancia                           0x200000fc   Data          30  trabajo.o(.bss)
    __libspace_start                         0x2000011c   Data          96  libspace.o(.bss)
    __temporary_stack_top$libspace           0x2000017c   Data           0  libspace.o(.bss)



==============================================================================

Memory Map of the image

  Image Entry point : 0x08000255

  Load Region LR_1 (Base: 0x08000000, Size: 0x000028d8, Max: 0xffffffff, ABSOLUTE)

    Execution Region ER_RO (Exec base: 0x08000000, Load base: 0x08000000, Size: 0x00002854, Max: 0xffffffff, ABSOLUTE)

    Exec Addr    Load Addr    Size         Type   Attr      Idx    E Section Name        Object

    0x08000000   0x08000000   0x00000194   Data   RO          149    RESET               startup_stm32f401xe.o
    0x08000194   0x08000194   0x00000008   Code   RO          252  * !!!main             c_w.l(__main.o)
    0x0800019c   0x0800019c   0x00000034   Code   RO          502    !!!scatter          c_w.l(__scatter.o)
    0x080001d0   0x080001d0   0x0000001a   Code   RO          504    !!handler_copy      c_w.l(__scatter_copy.o)
    0x080001ea   0x080001ea   0x00000002   PAD
    0x080001ec   0x080001ec   0x0000001c   Code   RO          506    !!handler_zi        c_w.l(__scatter_zi.o)
    0x08000208   0x08000208   0x00000000   Code   RO          249    .ARM.Collect$$_printf_percent$$00000000  c_w.l(_printf_percent.o)
    0x08000208   0x08000208   0x00000006   Code   RO          248    .ARM.Collect$$_printf_percent$$00000003  c_w.l(_printf_f.o)
    0x0800020e   0x0800020e   0x00000006   Code   RO          247    .ARM.Collect$$_printf_percent$$00000009  c_w.l(_printf_d.o)
    0x08000214   0x08000214   0x00000004   Code   RO          291    .ARM.Collect$$_printf_percent$$00000017  c_w.l(_printf_percent_end.o)
    0x08000218   0x08000218   0x00000002   Code   RO          373    .ARM.Collect$$libinit$$00000000  c_w.l(libinit.o)
    0x0800021a   0x0800021a   0x00000004   Code   RO          374    .ARM.Collect$$libinit$$00000001  c_w.l(libinit2.o)
    0x0800021e   0x0800021e   0x00000000   Code   RO          377    .ARM.Collect$$libinit$$00000004  c_w.l(libinit2.o)
    0x0800021e   0x0800021e   0x00000000   Code   RO          380    .ARM.Collect$$libinit$$0000000A  c_w.l(libinit2.o)
    0x0800021e   0x0800021e   0x00000000   Code   RO          382    .ARM.Collect$$libinit$$0000000C  c_w.l(libinit2.o)
    0x0800021e   0x0800021e   0x00000000   Code   RO          384    .ARM.Collect$$libinit$$0000000E  c_w.l(libinit2.o)
    0x0800021e   0x0800021e   0x00000006   Code   RO          385    .ARM.Collect$$libinit$$0000000F  c_w.l(libinit2.o)
    0x08000224   0x08000224   0x00000000   Code   RO          387    .ARM.Collect$$libinit$$00000011  c_w.l(libinit2.o)
    0x08000224   0x08000224   0x00000000   Code   RO          389    .ARM.Collect$$libinit$$00000013  c_w.l(libinit2.o)
    0x08000224   0x08000224   0x00000000   Code   RO          391    .ARM.Collect$$libinit$$00000015  c_w.l(libinit2.o)
    0x08000224   0x08000224   0x0000000a   Code   RO          392    .ARM.Collect$$libinit$$00000016  c_w.l(libinit2.o)
    0x0800022e   0x0800022e   0x00000000   Code   RO          393    .ARM.Collect$$libinit$$00000017  c_w.l(libinit2.o)
    0x0800022e   0x0800022e   0x00000000   Code   RO          395    .ARM.Collect$$libinit$$00000019  c_w.l(libinit2.o)
    0x0800022e   0x0800022e   0x00000000   Code   RO          397    .ARM.Collect$$libinit$$0000001B  c_w.l(libinit2.o)
    0x0800022e   0x0800022e   0x00000000   Code   RO          399    .ARM.Collect$$libinit$$0000001D  c_w.l(libinit2.o)
    0x0800022e   0x0800022e   0x00000000   Code   RO          401    .ARM.Collect$$libinit$$0000001F  c_w.l(libinit2.o)
    0x0800022e   0x0800022e   0x00000000   Code   RO          403    .ARM.Collect$$libinit$$00000021  c_w.l(libinit2.o)
    0x0800022e   0x0800022e   0x00000000   Code   RO          405    .ARM.Collect$$libinit$$00000023  c_w.l(libinit2.o)
    0x0800022e   0x0800022e   0x00000000   Code   RO          407    .ARM.Collect$$libinit$$00000025  c_w.l(libinit2.o)
    0x0800022e   0x0800022e   0x00000000   Code   RO          411    .ARM.Collect$$libinit$$0000002C  c_w.l(libinit2.o)
    0x0800022e   0x0800022e   0x00000000   Code   RO          413    .ARM.Collect$$libinit$$0000002E  c_w.l(libinit2.o)
    0x0800022e   0x0800022e   0x00000000   Code   RO          415    .ARM.Collect$$libinit$$00000030  c_w.l(libinit2.o)
    0x0800022e   0x0800022e   0x00000000   Code   RO          417    .ARM.Collect$$libinit$$00000032  c_w.l(libinit2.o)
    0x0800022e   0x0800022e   0x00000002   Code   RO          418    .ARM.Collect$$libinit$$00000033  c_w.l(libinit2.o)
    0x08000230   0x08000230   0x00000002   Code   RO          448    .ARM.Collect$$libshutdown$$00000000  c_w.l(libshutdown.o)
    0x08000232   0x08000232   0x00000000   Code   RO          459    .ARM.Collect$$libshutdown$$00000002  c_w.l(libshutdown2.o)
    0x08000232   0x08000232   0x00000000   Code   RO          461    .ARM.Collect$$libshutdown$$00000004  c_w.l(libshutdown2.o)
    0x08000232   0x08000232   0x00000000   Code   RO          463    .ARM.Collect$$libshutdown$$00000006  c_w.l(libshutdown2.o)
    0x08000232   0x08000232   0x00000000   Code   RO          466    .ARM.Collect$$libshutdown$$00000009  c_w.l(libshutdown2.o)
    0x08000232   0x08000232   0x00000000   Code   RO          469    .ARM.Collect$$libshutdown$$0000000C  c_w.l(libshutdown2.o)
    0x08000232   0x08000232   0x00000000   Code   RO          471    .ARM.Collect$$libshutdown$$0000000E  c_w.l(libshutdown2.o)
    0x08000232   0x08000232   0x00000000   Code   RO          474    .ARM.Collect$$libshutdown$$00000011  c_w.l(libshutdown2.o)
    0x08000232   0x08000232   0x00000002   Code   RO          475    .ARM.Collect$$libshutdown$$00000012  c_w.l(libshutdown2.o)
    0x08000234   0x08000234   0x00000000   Code   RO          282    .ARM.Collect$$rtentry$$00000000  c_w.l(__rtentry.o)
    0x08000234   0x08000234   0x00000000   Code   RO          302    .ARM.Collect$$rtentry$$00000002  c_w.l(__rtentry2.o)
    0x08000234   0x08000234   0x00000006   Code   RO          314    .ARM.Collect$$rtentry$$00000004  c_w.l(__rtentry4.o)
    0x0800023a   0x0800023a   0x00000000   Code   RO          304    .ARM.Collect$$rtentry$$00000009  c_w.l(__rtentry2.o)
    0x0800023a   0x0800023a   0x00000004   Code   RO          305    .ARM.Collect$$rtentry$$0000000A  c_w.l(__rtentry2.o)
    0x0800023e   0x0800023e   0x00000000   Code   RO          307    .ARM.Collect$$rtentry$$0000000C  c_w.l(__rtentry2.o)
    0x0800023e   0x0800023e   0x00000008   Code   RO          308    .ARM.Collect$$rtentry$$0000000D  c_w.l(__rtentry2.o)
    0x08000246   0x08000246   0x00000002   Code   RO          419    .ARM.Collect$$rtexit$$00000000  c_w.l(rtexit.o)
    0x08000248   0x08000248   0x00000000   Code   RO          426    .ARM.Collect$$rtexit$$00000002  c_w.l(rtexit2.o)
    0x08000248   0x08000248   0x00000004   Code   RO          427    .ARM.Collect$$rtexit$$00000003  c_w.l(rtexit2.o)
    0x0800024c   0x0800024c   0x00000006   Code   RO          428    .ARM.Collect$$rtexit$$00000004  c_w.l(rtexit2.o)
    0x08000252   0x08000252   0x00000002   PAD
    0x08000254   0x08000254   0x00000040   Code   RO          150  * .text               startup_stm32f401xe.o
    0x08000294   0x08000294   0x00000028   Code   RO          221    .text               c_w.l(noretval__2sprintf.o)
    0x080002bc   0x080002bc   0x00000078   Code   RO          225    .text               c_w.l(_printf_dec.o)
    0x08000334   0x08000334   0x00000138   Code   RO          239    .text               c_w.l(__printf_flags_wp.o)
    0x0800046c   0x0800046c   0x00000006   Code   RO          250    .text               c_w.l(heapauxi.o)
    0x08000472   0x08000472   0x000000b2   Code   RO          283    .text               c_w.l(_printf_intcommon.o)
    0x08000524   0x08000524   0x0000041e   Code   RO          285    .text               c_w.l(_printf_fp_dec.o)
    0x08000942   0x08000942   0x00000002   PAD
    0x08000944   0x08000944   0x00000030   Code   RO          287    .text               c_w.l(_printf_char_common.o)
    0x08000974   0x08000974   0x0000000a   Code   RO          289    .text               c_w.l(_sputc.o)
    0x0800097e   0x0800097e   0x00000002   PAD
    0x08000980   0x08000980   0x00000008   Code   RO          319    .text               c_w.l(rt_locale_intlibspace.o)
    0x08000988   0x08000988   0x0000008a   Code   RO          321    .text               c_w.l(lludiv10.o)
    0x08000a12   0x08000a12   0x00000002   PAD
    0x08000a14   0x08000a14   0x00000080   Code   RO          323    .text               c_w.l(_printf_fp_infnan.o)
    0x08000a94   0x08000a94   0x000000e4   Code   RO          327    .text               c_w.l(bigflt0.o)
    0x08000b78   0x08000b78   0x00000008   Code   RO          359    .text               c_w.l(libspace.o)
    0x08000b80   0x08000b80   0x0000004a   Code   RO          362    .text               c_w.l(sys_stackheap_outer.o)
    0x08000bca   0x08000bca   0x00000012   Code   RO          364    .text               c_w.l(exit.o)
    0x08000bdc   0x08000bdc   0x00000080   Code   RO          366    .text               c_w.l(strcmpv7m.o)
    0x08000c5c   0x08000c5c   0x0000000c   Code   RO          438    .text               c_w.l(sys_exit.o)
    0x08000c68   0x08000c68   0x00000002   Code   RO          449    .text               c_w.l(use_no_semi.o)
    0x08000c6a   0x08000c6a   0x00000000   Code   RO          451    .text               c_w.l(indicate_semi.o)
    0x08000c6a   0x08000c6a   0x0000003e   Code   RO          330    CL$$btod_d2e        c_w.l(btod.o)
    0x08000ca8   0x08000ca8   0x00000046   Code   RO          332    CL$$btod_d2e_denorm_low  c_w.l(btod.o)
    0x08000cee   0x08000cee   0x00000060   Code   RO          331    CL$$btod_d2e_norm_op1  c_w.l(btod.o)
    0x08000d4e   0x08000d4e   0x00000338   Code   RO          340    CL$$btod_div_common  c_w.l(btod.o)
    0x08001086   0x08001086   0x000000dc   Code   RO          337    CL$$btod_e2e        c_w.l(btod.o)
    0x08001162   0x08001162   0x0000002a   Code   RO          334    CL$$btod_ediv       c_w.l(btod.o)
    0x0800118c   0x0800118c   0x0000002a   Code   RO          333    CL$$btod_emul       c_w.l(btod.o)
    0x080011b6   0x080011b6   0x00000244   Code   RO          339    CL$$btod_mult_common  c_w.l(btod.o)
    0x080013fa   0x080013fa   0x00000002   PAD
    0x080013fc   0x080013fc   0x000001fc   Code   RO            4    i.ADC_IRQHandler    trabajo.o
    0x080015f8   0x080015f8   0x000001b8   Code   RO            5    i.SysTick_Handler   trabajo.o
    0x080017b0   0x080017b0   0x000000c0   Code   RO          157    i.SystemCoreClockUpdate  system_stm32f4xx.o
    0x08001870   0x08001870   0x00000014   Code   RO          158    i.SystemInit        system_stm32f4xx.o
    0x08001884   0x08001884   0x000000a4   Code   RO          114    i._Z10SendUsart2cPcif  usart2.o
    0x08001928   0x08001928   0x00000064   Code   RO            6    i._Z11LuminosidadPff  trabajo.o
    0x0800198c   0x0800198c   0x0000002c   Code   RO            7    i._Z12send_comandoc  trabajo.o
    0x080019b8   0x080019b8   0x00000040   Code   RO          115    i._Z19ConfiguracionUsart2v  usart2.o
    0x080019f8   0x080019f8   0x00000044   Code   RO            8    i._Z8PromedioPf     trabajo.o
    0x08001a3c   0x08001a3c   0x0000002c   Code   RO            9    i._Z9send_datoc     trabajo.o
    0x08001a68   0x08001a68   0x00000030   Code   RO          357    i.__ARM_fpclassify  m_wm.l(fpclassify.o)
    0x08001a98   0x08001a98   0x0000000e   Code   RO          237    i._is_digit         c_w.l(__printf_wp.o)
    0x08001aa6   0x08001aa6   0x00000002   PAD
    0x08001aa8   0x08001aa8   0x000002d0   Code   RO           10    i.main              trabajo.o
    0x08001d78   0x08001d78   0x0000002c   Code   RO          353    locale$$code        c_w.l(lc_numeric_c.o)
    0x08001da4   0x08001da4   0x00000062   Code   RO          254    x$fpl$d2f           fz_wm.l(d2f.o)
    0x08001e06   0x08001e06   0x00000002   PAD
    0x08001e08   0x08001e08   0x00000150   Code   RO          256    x$fpl$dadd          fz_wm.l(daddsub_clz.o)
    0x08001f58   0x08001f58   0x000002b0   Code   RO          263    x$fpl$ddiv          fz_wm.l(ddiv.o)
    0x08002208   0x08002208   0x0000005a   Code   RO          266    x$fpl$dfixu         fz_wm.l(dfixu.o)
    0x08002262   0x08002262   0x0000002e   Code   RO          271    x$fpl$dflt          fz_wm.l(dflt_clz.o)
    0x08002290   0x08002290   0x00000154   Code   RO          276    x$fpl$dmul          fz_wm.l(dmul.o)
    0x080023e4   0x080023e4   0x0000009c   Code   RO          292    x$fpl$dnaninf       fz_wm.l(dnaninf.o)
    0x08002480   0x08002480   0x0000000c   Code   RO          294    x$fpl$dretinf       fz_wm.l(dretinf.o)
    0x0800248c   0x0800248c   0x000001d4   Code   RO          258    x$fpl$dsub          fz_wm.l(daddsub_clz.o)
    0x08002660   0x08002660   0x00000056   Code   RO          278    x$fpl$f2d           fz_wm.l(f2d.o)
    0x080026b6   0x080026b6   0x0000008c   Code   RO          296    x$fpl$fnaninf       fz_wm.l(fnaninf.o)
    0x08002742   0x08002742   0x0000000a   Code   RO          423    x$fpl$fpinit        fz_wm.l(fpinit.o)
    0x0800274c   0x0800274c   0x0000000a   Code   RO          298    x$fpl$fretinf       fz_wm.l(fretinf.o)
    0x08002756   0x08002756   0x00000004   Code   RO          280    x$fpl$printf1       fz_wm.l(printf1.o)
    0x0800275a   0x0800275a   0x00000000   Code   RO          300    x$fpl$usenofp       fz_wm.l(usenofp.o)
    0x0800275a   0x0800275a   0x00000018   Data   RO          159    .constdata          system_stm32f4xx.o
    0x08002772   0x08002772   0x00000011   Data   RO          240    .constdata          c_w.l(__printf_flags_wp.o)
    0x08002783   0x08002783   0x00000001   PAD
    0x08002784   0x08002784   0x00000094   Data   RO          328    .constdata          c_w.l(bigflt0.o)
    0x08002818   0x08002818   0x00000020   Data   RO          500    Region$$Table       anon$$obj.o
    0x08002838   0x08002838   0x0000001c   Data   RO          352    locale$$data        c_w.l(lc_numeric_c.o)


    Execution Region ER_RW (Exec base: 0x20000000, Load base: 0x08002854, Size: 0x00000084, Max: 0xffffffff, ABSOLUTE)

    Exec Addr    Load Addr    Size         Type   Attr      Idx    E Section Name        Object

    0x20000000   0x08002854   0x00000080   Data   RW           19    .data               trabajo.o
    0x20000080   0x080028d4   0x00000004   Data   RW          160    .data               system_stm32f4xx.o


    Execution Region ER_ZI (Exec base: 0x20000084, Load base: 0x080028d8, Size: 0x000006fc, Max: 0xffffffff, ABSOLUTE)

    Exec Addr    Load Addr    Size         Type   Attr      Idx    E Section Name        Object

    0x20000084        -       0x00000096   Zero   RW           18    .bss                trabajo.o
    0x2000011a   0x080028d8   0x00000002   PAD
    0x2000011c        -       0x00000060   Zero   RW          360    .bss                c_w.l(libspace.o)
    0x2000017c   0x080028d8   0x00000004   PAD
    0x20000180        -       0x00000200   Zero   RW          148    HEAP                startup_stm32f401xe.o
    0x20000380        -       0x00000400   Zero   RW          147    STACK               startup_stm32f401xe.o


==============================================================================

Image component sizes


      Code (inc. data)   RO Data    RW Data    ZI Data      Debug   Object Name

        64         26        404          0       1536        848   startup_stm32f401xe.o
       212         28         24          4          0       6443   system_stm32f4xx.o
      1924        290          0        128        150     347119   trabajo.o
       228         36          0          0          0       1431   usart2.o

    ----------------------------------------------------------------------
      2428        380        460        132       1688     355841   Object Totals
         0          0         32          0          0          0   (incl. Generated)
         0          0          0          0          2          0   (incl. Padding)

    ----------------------------------------------------------------------

      Code (inc. data)   RO Data    RW Data    ZI Data      Debug   Library Member Name

         8          0          0          0          0         68   __main.o
       312          4         17          0          0         92   __printf_flags_wp.o
        14          0          0          0          0         68   __printf_wp.o
         0          0          0          0          0          0   __rtentry.o
        12          0          0          0          0          0   __rtentry2.o
         6          0          0          0          0          0   __rtentry4.o
        52          8          0          0          0          0   __scatter.o
        26          0          0          0          0          0   __scatter_copy.o
        28          0          0          0          0          0   __scatter_zi.o
        48          6          0          0          0         96   _printf_char_common.o
         6          0          0          0          0          0   _printf_d.o
       120         16          0          0          0         92   _printf_dec.o
         6          0          0          0          0          0   _printf_f.o
      1054          0          0          0          0        216   _printf_fp_dec.o
       128         16          0          0          0         84   _printf_fp_infnan.o
       178          0          0          0          0         88   _printf_intcommon.o
         0          0          0          0          0          0   _printf_percent.o
         4          0          0          0          0          0   _printf_percent_end.o
        10          0          0          0          0         68   _sputc.o
       228          4        148          0          0         96   bigflt0.o
      1936        128          0          0          0        672   btod.o
        18          0          0          0          0         80   exit.o
         6          0          0          0          0        152   heapauxi.o
         0          0          0          0          0          0   indicate_semi.o
        44         10         28          0          0         76   lc_numeric_c.o
         2          0          0          0          0          0   libinit.o
        22          0          0          0          0          0   libinit2.o
         2          0          0          0          0          0   libshutdown.o
         2          0          0          0          0          0   libshutdown2.o
         8          4          0          0         96         68   libspace.o
       138          0          0          0          0         80   lludiv10.o
        40          6          0          0          0         84   noretval__2sprintf.o
         8          4          0          0          0         68   rt_locale_intlibspace.o
         2          0          0          0          0          0   rtexit.o
        10          0          0          0          0          0   rtexit2.o
       128          0          0          0          0         68   strcmpv7m.o
        12          4          0          0          0         68   sys_exit.o
        74          0          0          0          0         80   sys_stackheap_outer.o
         2          0          0          0          0         68   use_no_semi.o
        98          4          0          0          0        140   d2f.o
       804         16          0          0          0        368   daddsub_clz.o
       688        140          0          0          0        256   ddiv.o
        90          4          0          0          0        140   dfixu.o
        46          0          0          0          0        116   dflt_clz.o
       340         12          0          0          0        152   dmul.o
       156          4          0          0          0        140   dnaninf.o
        12          0          0          0          0        116   dretinf.o
        86          4          0          0          0        132   f2d.o
       140          4          0          0          0        132   fnaninf.o
        10          0          0          0          0        116   fpinit.o
        10          0          0          0          0        116   fretinf.o
         4          0          0          0          0        116   printf1.o
         0          0          0          0          0          0   usenofp.o
        48          0          0          0          0        124   fpclassify.o

    ----------------------------------------------------------------------
      7242        398        194          0        100       4696   Library Totals
        16          0          1          0          4          0   (incl. Padding)

    ----------------------------------------------------------------------

      Code (inc. data)   RO Data    RW Data    ZI Data      Debug   Library Name

      4694        210        193          0         96       2532   c_w.l
      2484        188          0          0          0       2040   fz_wm.l
        48          0          0          0          0        124   m_wm.l

    ----------------------------------------------------------------------
      7242        398        194          0        100       4696   Library Totals

    ----------------------------------------------------------------------

==============================================================================


      Code (inc. data)   RO Data    RW Data    ZI Data      Debug   

      9670        778        654        132       1788     357285   Grand Totals
      9670        778        654        132       1788     357285   ELF Image Totals
      9670        778        654        132          0          0   ROM Totals

==============================================================================

    Total RO  Size (Code + RO Data)                10324 (  10.08kB)
    Total RW  Size (RW Data + ZI Data)              1920 (   1.88kB)
    Total ROM Size (Code + RO Data + RW Data)      10456 (  10.21kB)

==============================================================================

