Component: ARM Compiler 6.16 Tool: armlink [5dfeaa00]

==============================================================================

Section Cross References

    main.o(.text) refers (Special) to _printf_d.o(.ARM.Collect$$_printf_percent$$00000009) for _printf_d
    main.o(.text) refers (Special) to _printf_dec.o(.text) for _printf_int_dec
    main.o(.text) refers (Special) to _printf_percent.o(.ARM.Collect$$_printf_percent$$00000000) for _printf_percent
    main.o(.text._Z13Uniciar_Clockv) refers (Special) to _printf_d.o(.ARM.Collect$$_printf_percent$$00000009) for _printf_d
    main.o(.text._Z13Uniciar_Clockv) refers (Special) to _printf_dec.o(.text) for _printf_int_dec
    main.o(.text._Z13Uniciar_Clockv) refers (Special) to _printf_percent.o(.ARM.Collect$$_printf_percent$$00000000) for _printf_percent
    main.o(.ARM.exidx.text._Z13Uniciar_Clockv) refers (Special) to _printf_d.o(.ARM.Collect$$_printf_percent$$00000009) for _printf_d
    main.o(.ARM.exidx.text._Z13Uniciar_Clockv) refers (Special) to _printf_dec.o(.text) for _printf_int_dec
    main.o(.ARM.exidx.text._Z13Uniciar_Clockv) refers (Special) to _printf_percent.o(.ARM.Collect$$_printf_percent$$00000000) for _printf_percent
    main.o(.ARM.exidx.text._Z13Uniciar_Clockv) refers to main.o(.text._Z13Uniciar_Clockv) for [Anonymous Symbol]
    main.o(.text.main) refers (Special) to _printf_d.o(.ARM.Collect$$_printf_percent$$00000009) for _printf_d
    main.o(.text.main) refers (Special) to _printf_dec.o(.text) for _printf_int_dec
    main.o(.text.main) refers (Special) to _printf_percent.o(.ARM.Collect$$_printf_percent$$00000000) for _printf_percent
    main.o(.text.main) refers to main.o(.text._Z13Uniciar_Clockv) for Uniciar_Clock()
    main.o(.text.main) refers to oled.o(.text._Z12SSD1306_Initv) for SSD1306_Init()
    main.o(.text.main) refers to oled.o(.text._Z14SSD1306_GotoXYtt) for SSD1306_GotoXY(unsigned short, unsigned short)
    main.o(.text.main) refers to fonts.o(.data.Font_7x10) for Font_7x10
    main.o(.text.main) refers to oled.o(.text._Z12SSD1306_PutsPcP9FontDef_t15SSD1306_COLOR_t) for SSD1306_Puts(char*, FontDef_t*, SSD1306_COLOR_t)
    main.o(.text.main) refers to main.o(.rodata._ZL7corazon) for corazon
    main.o(.text.main) refers to oled.o(.text._Z18SSD1306_DrawBitmapssPKhsst) for SSD1306_DrawBitmap(short, short, unsigned char const*, short, short, unsigned short)
    main.o(.text.main) refers to oled.o(.text._Z20SSD1306_UpdateScreenv) for SSD1306_UpdateScreen()
    main.o(.text.main) refers to main.o(.bss.zz) for zz
    main.o(.text.main) refers to noretval__2sprintf.o(.text) for __2sprintf
    main.o(.text.main) refers to delay.o(.text._Z5Dalayi) for Dalay(int)
    main.o(.text.main) refers to oled.o(.text._Z21SSD1306_DrawRectangletttt15SSD1306_COLOR_t) for SSD1306_DrawRectangle(unsigned short, unsigned short, unsigned short, unsigned short, SSD1306_COLOR_t)
    main.o(.text.main) refers to oled.o(.text._Z20SSD1306_DrawTriangletttttt15SSD1306_COLOR_t) for SSD1306_DrawTriangle(unsigned short, unsigned short, unsigned short, unsigned short, unsigned short, unsigned short, SSD1306_COLOR_t)
    main.o(.text.main) refers to oled.o(.text._Z18SSD1306_DrawCirclesss15SSD1306_COLOR_t) for SSD1306_DrawCircle(short, short, short, SSD1306_COLOR_t)
    main.o(.text.main) refers to main.o(.rodata._ZL6horse5) for horse5
    main.o(.text.main) refers to main.o(.rodata._ZL6horse6) for horse6
    main.o(.text.main) refers to main.o(.rodata._ZL6horse7) for horse7
    main.o(.text.main) refers to main.o(.rodata._ZL6horse8) for horse8
    main.o(.text.main) refers to main.o(.rodata._ZL6horse9) for horse9
    main.o(.text.main) refers to main.o(.rodata._ZL7horse10) for horse10
    main.o(.text.main) refers to oled.o(.text._Z13SSD1306_Clearv) for SSD1306_Clear()
    main.o(.text.main) refers to main.o(.rodata._ZL6horse1) for horse1
    main.o(.text.main) refers to main.o(.rodata._ZL6horse2) for horse2
    main.o(.text.main) refers to main.o(.rodata._ZL6horse3) for horse3
    main.o(.text.main) refers to main.o(.rodata._ZL6horse4) for horse4
    main.o(.ARM.exidx.text.main) refers (Special) to _printf_d.o(.ARM.Collect$$_printf_percent$$00000009) for _printf_d
    main.o(.ARM.exidx.text.main) refers (Special) to _printf_dec.o(.text) for _printf_int_dec
    main.o(.ARM.exidx.text.main) refers (Special) to _printf_percent.o(.ARM.Collect$$_printf_percent$$00000000) for _printf_percent
    main.o(.ARM.exidx.text.main) refers to main.o(.text.main) for [Anonymous Symbol]
    main.o(.bss.zz) refers (Special) to _printf_d.o(.ARM.Collect$$_printf_percent$$00000009) for _printf_d
    main.o(.bss.zz) refers (Special) to _printf_dec.o(.text) for _printf_int_dec
    main.o(.bss.zz) refers (Special) to _printf_percent.o(.ARM.Collect$$_printf_percent$$00000000) for _printf_percent
    main.o(.rodata._ZL7corazon) refers (Special) to _printf_d.o(.ARM.Collect$$_printf_percent$$00000009) for _printf_d
[...]
    oled.o(.ARM.exidx.text._Z16SSD1306_DrawLinetttt15SSD1306_COLOR_t) refers to oled.o(.text._Z16SSD1306_DrawLinetttt15SSD1306_COLOR_t) for [Anonymous Symbol]
    oled.o(.text._Z21SSD1306_DrawRectangletttt15SSD1306_COLOR_t) refers to oled.o(.text._Z16SSD1306_DrawLinetttt15SSD1306_COLOR_t) for SSD1306_DrawLine(unsigned short, unsigned short, unsigned short, unsigned short, SSD1306_COLOR_t)
    oled.o(.ARM.exidx.text._Z21SSD1306_DrawRectangletttt15SSD1306_COLOR_t) refers to oled.o(.text._Z21SSD1306_DrawRectangletttt15SSD1306_COLOR_t) for [Anonymous Symbol]
    oled.o(.text._Z27SSD1306_DrawFilledRectangletttt15SSD1306_COLOR_t) refers to oled.o(.text._Z16SSD1306_DrawLinetttt15SSD1306_COLOR_t) for SSD1306_DrawLine(unsigned short, unsigned short, unsigned short, unsigned short, SSD1306_COLOR_t)
    oled.o(.ARM.exidx.text._Z27SSD1306_DrawFilledRectangletttt15SSD1306_COLOR_t) refers to oled.o(.text._Z27SSD1306_DrawFilledRectangletttt15SSD1306_COLOR_t) for [Anonymous Symbol]
    oled.o(.text._Z20SSD1306_DrawTriangletttttt15SSD1306_COLOR_t) refers to oled.o(.text._Z16SSD1306_DrawLinetttt15SSD1306_COLOR_t) for SSD1306_DrawLine(unsigned short, unsigned short, unsigned short, unsigned short, SSD1306_COLOR_t)
    oled.o(.ARM.exidx.text._Z20SSD1306_DrawTriangletttttt15SSD1306_COLOR_t) refers to oled.o(.text._Z20SSD1306_DrawTriangletttttt15SSD1306_COLOR_t) for [Anonymous Symbol]
    oled.o(.text._Z26SSD1306_DrawFilledTriangletttttt15SSD1306_COLOR_t) refers to oled.o(.text._Z16SSD1306_DrawLinetttt15SSD1306_COLOR_t) for SSD1306_DrawLine(unsigned short, unsigned short, unsigned short, unsigned short, SSD1306_COLOR_t)
    oled.o(.ARM.exidx.text._Z26SSD1306_DrawFilledTriangletttttt15SSD1306_COLOR_t) refers to oled.o(.text._Z26SSD1306_DrawFilledTriangletttttt15SSD1306_COLOR_t) for [Anonymous Symbol]
    oled.o(.text._Z18SSD1306_DrawCirclesss15SSD1306_COLOR_t) refers to oled.o(.text._Z17SSD1306_DrawPixeltt15SSD1306_COLOR_t) for SSD1306_DrawPixel(unsigned short, unsigned short, SSD1306_COLOR_t)
    oled.o(.ARM.exidx.text._Z18SSD1306_DrawCirclesss15SSD1306_COLOR_t) refers to oled.o(.text._Z18SSD1306_DrawCirclesss15SSD1306_COLOR_t) for [Anonymous Symbol]
    oled.o(.text._Z24SSD1306_DrawFilledCirclesss15SSD1306_COLOR_t) refers to oled.o(.text._Z17SSD1306_DrawPixeltt15SSD1306_COLOR_t) for SSD1306_DrawPixel(unsigned short, unsigned short, SSD1306_COLOR_t)
    oled.o(.text._Z24SSD1306_DrawFilledCirclesss15SSD1306_COLOR_t) refers to oled.o(.text._Z16SSD1306_DrawLinetttt15SSD1306_COLOR_t) for SSD1306_DrawLine(unsigned short, unsigned short, unsigned short, unsigned short, SSD1306_COLOR_t)
    oled.o(.ARM.exidx.text._Z24SSD1306_DrawFilledCirclesss15SSD1306_COLOR_t) refers to oled.o(.text._Z24SSD1306_DrawFilledCirclesss15SSD1306_COLOR_t) for [Anonymous Symbol]
    oled.o(.text._Z13SSD1306_Clearv) refers to oled.o(.text._Z12SSD1306_Fill15SSD1306_COLOR_t) for SSD1306_Fill(SSD1306_COLOR_t)
    oled.o(.text._Z13SSD1306_Clearv) refers to oled.o(.text._Z20SSD1306_UpdateScreenv) for SSD1306_UpdateScreen()
    oled.o(.ARM.exidx.text._Z13SSD1306_Clearv) refers to oled.o(.text._Z13SSD1306_Clearv) for [Anonymous Symbol]
    oled.o(.text._Z10SSD1306_ONv) refers to oled.o(.bss.SDD1306I2C) for SDD1306I2C
    oled.o(.text._Z10SSD1306_ONv) refers to i2c.o(.text._ZN13I2C_Direccion15I2C_Enviar_DatoEhh) for I2C_Direccion::I2C_Enviar_Dato(unsigned char, unsigned char)
    oled.o(.ARM.exidx.text._Z10SSD1306_ONv) refers to oled.o(.text._Z10SSD1306_ONv) for [Anonymous Symbol]
    oled.o(.text._Z11SSD1306_OFFv) refers to oled.o(.bss.SDD1306I2C) for SDD1306I2C
    oled.o(.text._Z11SSD1306_OFFv) refers to i2c.o(.text._ZN13I2C_Direccion15I2C_Enviar_DatoEhh) for I2C_Direccion::I2C_Enviar_Dato(unsigned char, unsigned char)
    oled.o(.ARM.exidx.text._Z11SSD1306_OFFv) refers to oled.o(.text._Z11SSD1306_OFFv) for [Anonymous Symbol]
    oled.o(.text._Z17ssd1306_I2C_Writehcc) refers to oled.o(.bss.SDD1306I2C) for SDD1306I2C
    oled.o(.text._Z17ssd1306_I2C_Writehcc) refers to i2c.o(.text._ZN13I2C_Direccion15I2C_Enviar_DatoEhh) for I2C_Direccion::I2C_Enviar_Dato(unsigned char, unsigned char)
    oled.o(.ARM.exidx.text._Z17ssd1306_I2C_Writehcc) refers to oled.o(.text._Z17ssd1306_I2C_Writehcc) for [Anonymous Symbol]
    startup_stm32f401xe.o(STACK) refers (Special) to heapauxi.o(.text) for __use_two_region_memory
    startup_stm32f401xe.o(HEAP) refers (Special) to heapauxi.o(.text) for __use_two_region_memory
    startup_stm32f401xe.o(RESET) refers (Special) to heapauxi.o(.text) for __use_two_region_memory
    startup_stm32f401xe.o(RESET) refers to startup_stm32f401xe.o(STACK) for __initial_sp
    startup_stm32f401xe.o(RESET) refers to startup_stm32f401xe.o(.text) for Reset_Handler
    startup_stm32f401xe.o(.text) refers (Special) to heapauxi.o(.text) for __use_two_region_memory
    startup_stm32f401xe.o(.text) refers to system_stm32f4xx.o(.text.SystemInit) for SystemInit
    startup_stm32f401xe.o(.text) refers to __main.o(!!!main) for __main
    startup_stm32f401xe.o(.text) refers to startup_stm32f401xe.o(HEAP) for Heap_Mem
    startup_stm32f401xe.o(.text) refers to startup_stm32f401xe.o(STACK) for Stack_Mem
    system_stm32f4xx.o(.ARM.exidx.text.SystemInit) refers to system_stm32f4xx.o(.text.SystemInit) for [Anonymous Symbol]
    system_stm32f4xx.o(.text.SystemCoreClockUpdate) refers to system_stm32f4xx.o(.data.SystemCoreClock) for SystemCoreClock
    system_stm32f4xx.o(.text.SystemCoreClockUpdate) refers to system_stm32f4xx.o(.rodata.AHBPrescTable) for AHBPrescTable
    system_stm32f4xx.o(.ARM.exidx.text.SystemCoreClockUpdate) refers to system_stm32f4xx.o(.text.SystemCoreClockUpdate) for [Anonymous Symbol]
    __2sprintf.o(.text) refers to _printf_char_common.o(.text) for _printf_char_common
    __2sprintf.o(.text) refers to _sputc.o(.text) for _sputc
    noretval__2sprintf.o(.text) refers to _printf_char_common.o(.text) for _printf_char_common
    noretval__2sprintf.o(.text) refers to _sputc.o(.text) for _sputc
    __printf.o(.text) refers to _printf_percent.o(.ARM.Collect$$_printf_percent$$00000000) for _printf_percent
    _printf_dec.o(.text) refers to _printf_intcommon.o(.text) for _printf_int_common
    __printf_flags.o(.text) refers to _printf_percent.o(.ARM.Collect$$_printf_percent$$00000000) for _printf_percent
    __printf_flags.o(.text) refers to __printf_flags.o(.constdata) for .constdata
    __printf_ss.o(.text) refers to _printf_percent.o(.ARM.Collect$$_printf_percent$$00000000) for _printf_percent
    __printf_flags_ss.o(.text) refers to _printf_percent.o(.ARM.Collect$$_printf_percent$$00000000) for _printf_percent
    __printf_flags_ss.o(.text) refers to __printf_flags_ss.o(.constdata) for .constdata
    __printf_wp.o(.text) refers to __printf_wp.o(i._is_digit) for _is_digit
    __printf_wp.o(.text) refers to _printf_percent.o(.ARM.Collect$$_printf_percent$$00000000) for _printf_percent
    __printf_flags_wp.o(.text) refers to __printf_wp.o(i._is_digit) for _is_digit
    __printf_flags_wp.o(.text) refers to _printf_percent.o(.ARM.Collect$$_printf_percent$$00000000) for _printf_percent
    __printf_flags_wp.o(.text) refers to __printf_flags_wp.o(.constdata) for .constdata
    __printf_ss_wp.o(.text) refers to __printf_wp.o(i._is_digit) for _is_digit
    __printf_ss_wp.o(.text) refers to _printf_percent.o(.ARM.Collect$$_printf_percent$$00000000) for _printf_percent
    __printf_flags_ss_wp.o(.text) refers to __printf_wp.o(i._is_digit) for _is_digit
    __printf_flags_ss_wp.o(.text) refers to _printf_percent.o(.ARM.Collect$$_printf_percent$$00000000) for _printf_percent
    __printf_flags_ss_wp.o(.text) refers to __printf_flags_ss_wp.o(.constdata) for .constdata
    _printf_d.o(.ARM.Collect$$_printf_percent$$00000009) refers (Weak) to _printf_dec.o(.text) for _printf_int_dec
    _printf_percent.o(.ARM.Collect$$_printf_percent$$00000000) refers (Special) to _printf_percent_end.o(.ARM.Collect$$_printf_percent$$00000017) for _printf_percent_end
    aeabi_memset4.o(.text) refers to rt_memclr_w.o(.text) for _memset_w
    __main.o(!!!main) refers to __rtentry.o(.ARM.Collect$$rtentry$$00000000) for __rt_entry
    __rtentry.o(.ARM.Collect$$rtentry$$00000000) refers (Special) to __rtentry2.o(.ARM.Collect$$rtentry$$0000000A) for __rt_entry_li
    __rtentry.o(.ARM.Collect$$rtentry$$00000000) refers (Special) to __rtentry2.o(.ARM.Collect$$rtentry$$0000000D) for __rt_entry_main
    __rtentry.o(.ARM.Collect$$rtentry$$00000000) refers (Special) to __rtentry2.o(.ARM.Collect$$rtentry$$0000000C) for __rt_entry_postli_1
    __rtentry.o(.ARM.Collect$$rtentry$$00000000) refers (Special) to __rtentry2.o(.ARM.Collect$$rtentry$$00000009) for __rt_entry_postsh_1
    __rtentry.o(.ARM.Collect$$rtentry$$00000000) refers (Special) to __rtentry2.o(.ARM.Collect$$rtentry$$00000002) for __rt_entry_presh_1
    __rtentry.o(.ARM.Collect$$rtentry$$00000000) refers (Special) to __rtentry4.o(.ARM.Collect$$rtentry$$00000004) for __rt_entry_sh
    _printf_char_common.o(.text) refers to __printf.o(.text) for __printf
    __rtentry2.o(.ARM.Collect$$rtentry$$00000008) refers to boardinit2.o(.text) for _platform_post_stackheap_init
    __rtentry2.o(.ARM.Collect$$rtentry$$0000000A) refers to libinit.o(.ARM.Collect$$libinit$$00000000) for __rt_lib_init
    __rtentry2.o(.ARM.Collect$$rtentry$$0000000B) refers to boardinit3.o(.text) for _platform_post_lib_init
    __rtentry2.o(.ARM.Collect$$rtentry$$0000000D) refers to main.o(.text.main) for main
    __rtentry2.o(.ARM.Collect$$rtentry$$0000000D) refers to exit.o(.text) for exit
    __rtentry2.o(.ARM.exidx) refers to __rtentry2.o(.ARM.Collect$$rtentry$$00000001) for .ARM.Collect$$rtentry$$00000001
    __rtentry2.o(.ARM.exidx) refers to __rtentry2.o(.ARM.Collect$$rtentry$$00000008) for .ARM.Collect$$rtentry$$00000008
    __rtentry2.o(.ARM.exidx) refers to __rtentry2.o(.ARM.Collect$$rtentry$$0000000A) for .ARM.Collect$$rtentry$$0000000A
    __rtentry2.o(.ARM.exidx) refers to __rtentry2.o(.ARM.Collect$$rtentry$$0000000B) for .ARM.Collect$$rtentry$$0000000B
    __rtentry2.o(.ARM.exidx) refers to __rtentry2.o(.ARM.Collect$$rtentry$$0000000D) for .ARM.Collect$$rtentry$$0000000D
    __rtentry4.o(.ARM.Collect$$rtentry$$00000004) refers to sys_stackheap_outer.o(.text) for __user_setup_stackheap
    __rtentry4.o(.ARM.exidx) refers to __rtentry4.o(.ARM.Collect$$rtentry$$00000004) for .ARM.Collect$$rtentry$$00000004
    sys_stackheap_outer.o(.text) refers to libspace.o(.text) for __user_perproc_libspace
    sys_stackheap_outer.o(.text) refers to startup_stm32f401xe.o(.text) for __user_initial_stackheap
    exit.o(.text) refers to rtexit.o(.ARM.Collect$$rtexit$$00000000) for __rt_exit
    libinit.o(.ARM.Collect$$libinit$$00000000) refers (Special) to libinit2.o(.ARM.Collect$$libinit$$0000002E) for __rt_lib_init_alloca_1
    libinit.o(.ARM.Collect$$libinit$$00000000) refers (Special) to libinit2.o(.ARM.Collect$$libinit$$0000002C) for __rt_lib_init_argv_1
    libinit.o(.ARM.Collect$$libinit$$00000000) refers (Special) to libinit2.o(.ARM.Collect$$libinit$$0000001B) for __rt_lib_init_atexit_1
    libinit.o(.ARM.Collect$$libinit$$00000000) refers (Special) to libinit2.o(.ARM.Collect$$libinit$$00000021) for __rt_lib_init_clock_1
    libinit.o(.ARM.Collect$$libinit$$00000000) refers (Special) to libinit2.o(.ARM.Collect$$libinit$$00000032) for __rt_lib_init_cpp_1
    libinit.o(.ARM.Collect$$libinit$$00000000) refers (Special) to libinit2.o(.ARM.Collect$$libinit$$00000030) for __rt_lib_init_exceptions_1
    libinit.o(.ARM.Collect$$libinit$$00000000) refers (Special) to libinit2.o(.ARM.Collect$$libinit$$00000001) for __rt_lib_init_fp_1
    libinit.o(.ARM.Collect$$libinit$$00000000) refers (Special) to libinit2.o(.ARM.Collect$$libinit$$0000001F) for __rt_lib_init_fp_trap_1
    libinit.o(.ARM.Collect$$libinit$$00000000) refers (Special) to libinit2.o(.ARM.Collect$$libinit$$00000023) for __rt_lib_init_getenv_1
    libinit.o(.ARM.Collect$$libinit$$00000000) refers (Special) to libinit2.o(.ARM.Collect$$libinit$$0000000A) for __rt_lib_init_heap_1
    libinit.o(.ARM.Collect$$libinit$$00000000) refers (Special) to libinit2.o(.ARM.Collect$$libinit$$00000011) for __rt_lib_init_lc_collate_1
    libinit.o(.ARM.Collect$$libinit$$00000000) refers (Special) to libinit2.o(.ARM.Collect$$libinit$$00000013) for __rt_lib_init_lc_ctype_1
    libinit.o(.ARM.Collect$$libinit$$00000000) refers (Special) to libinit2.o(.ARM.Collect$$libinit$$00000015) for __rt_lib_init_lc_monetary_1
    libinit.o(.ARM.Collect$$libinit$$00000000) refers (Special) to libinit2.o(.ARM.Collect$$libinit$$00000017) for __rt_lib_init_lc_numeric_1
    libinit.o(.ARM.Collect$$libinit$$00000000) refers (Special) to libinit2.o(.ARM.Collect$$libinit$$00000019) for __rt_lib_init_lc_time_1
    libinit.o(.ARM.Collect$$libinit$$00000000) refers (Special) to libinit2.o(.ARM.Collect$$libinit$$00000004) for __rt_lib_init_preinit_1
    libinit.o(.ARM.Collect$$libinit$$00000000) refers (Special) to libinit2.o(.ARM.Collect$$libinit$$0000000E) for __rt_lib_init_rand_1
    libinit.o(.ARM.Collect$$libinit$$00000000) refers (Special) to libinit2.o(.ARM.Collect$$libinit$$00000033) for __rt_lib_init_return
    libinit.o(.ARM.Collect$$libinit$$00000000) refers (Special) to libinit2.o(.ARM.Collect$$libinit$$0000001D) for __rt_lib_init_signal_1
    libinit.o(.ARM.Collect$$libinit$$00000000) refers (Special) to libinit2.o(.ARM.Collect$$libinit$$00000025) for __rt_lib_init_stdio_1
    libinit.o(.ARM.Collect$$libinit$$00000000) refers (Special) to libinit2.o(.ARM.Collect$$libinit$$0000000C) for __rt_lib_init_user_alloc_1
    libspace.o(.text) refers to libspace.o(.bss) for __libspace_start
    rtexit.o(.ARM.Collect$$rtexit$$00000000) refers (Special) to rtexit2.o(.ARM.Collect$$rtexit$$00000004) for __rt_exit_exit
    rtexit.o(.ARM.Collect$$rtexit$$00000000) refers (Special) to rtexit2.o(.ARM.Collect$$rtexit$$00000003) for __rt_exit_ls
    rtexit.o(.ARM.Collect$$rtexit$$00000000) refers (Special) to rtexit2.o(.ARM.Collect$$rtexit$$00000002) for __rt_exit_prels_1
    rtexit.o(.ARM.exidx) refers (Special) to rtexit2.o(.ARM.Collect$$rtexit$$00000004) for __rt_exit_exit
    rtexit.o(.ARM.exidx) refers (Special) to rtexit2.o(.ARM.Collect$$rtexit$$00000003) for __rt_exit_ls
    rtexit.o(.ARM.exidx) refers (Special) to rtexit2.o(.ARM.Collect$$rtexit$$00000002) for __rt_exit_prels_1
    rtexit.o(.ARM.exidx) refers to rtexit.o(.ARM.Collect$$rtexit$$00000000) for .ARM.Collect$$rtexit$$00000000
    libinit2.o(.ARM.Collect$$libinit$$00000001) refers to fpinit.o(x$fpl$fpinit) for _fp_init
    libinit2.o(.ARM.Collect$$libinit$$00000010) refers to libinit2.o(.ARM.Collect$$libinit$$0000000F) for .ARM.Collect$$libinit$$0000000F
    libinit2.o(.ARM.Collect$$libinit$$00000012) refers to libinit2.o(.ARM.Collect$$libinit$$0000000F) for .ARM.Collect$$libinit$$0000000F
    libinit2.o(.ARM.Collect$$libinit$$00000014) refers to libinit2.o(.ARM.Collect$$libinit$$0000000F) for .ARM.Collect$$libinit$$0000000F
    libinit2.o(.ARM.Collect$$libinit$$00000016) refers to libinit2.o(.ARM.Collect$$libinit$$0000000F) for .ARM.Collect$$libinit$$0000000F
    libinit2.o(.ARM.Collect$$libinit$$00000018) refers to libinit2.o(.ARM.Collect$$libinit$$0000000F) for .ARM.Collect$$libinit$$0000000F
    libinit2.o(.ARM.Collect$$libinit$$00000026) refers to argv_veneer.o(.emb_text) for __ARM_argv_veneer
    libinit2.o(.ARM.Collect$$libinit$$00000027) refers to argv_veneer.o(.emb_text) for __ARM_argv_veneer
    rtexit2.o(.ARM.Collect$$rtexit$$00000003) refers to libshutdown.o(.ARM.Collect$$libshutdown$$00000000) for __rt_lib_shutdown
    rtexit2.o(.ARM.Collect$$rtexit$$00000004) refers to sys_exit.o(.text) for _sys_exit
    rtexit2.o(.ARM.exidx) refers to rtexit2.o(.ARM.Collect$$rtexit$$00000001) for .ARM.Collect$$rtexit$$00000001
    rtexit2.o(.ARM.exidx) refers to rtexit2.o(.ARM.Collect$$rtexit$$00000003) for .ARM.Collect$$rtexit$$00000003
    rtexit2.o(.ARM.exidx) refers to rtexit2.o(.ARM.Collect$$rtexit$$00000004) for .ARM.Collect$$rtexit$$00000004
    argv_veneer.o(.emb_text) refers to no_argv.o(.text) for __ARM_get_argv
    sys_exit.o(.text) refers (Special) to use_no_semi.o(.text) for __I$use$semihosting
    sys_exit.o(.text) refers (Special) to indicate_semi.o(.text) for __semihosting_library_function
    sys_exit_hlt.o(.text) refers (Special) to use_no_semi.o(.text) for __I$use$semihosting
    sys_exit_hlt.o(.text) refers (Special) to indicate_semi.o(.text) for __semihosting_library_function
    _get_argv_nomalloc.o(.text) refers (Special) to hrguard.o(.text) for __heap_region$guard
    _get_argv_nomalloc.o(.text) refers to defsig_rtmem_outer.o(.text) for __rt_SIGRTMEM
    _get_argv_nomalloc.o(.text) refers to sys_command.o(.text) for _sys_command_string
    libshutdown.o(.ARM.Collect$$libshutdown$$00000000) refers (Special) to libshutdown2.o(.ARM.Collect$$libshutdown$$00000002) for __rt_lib_shutdown_cpp_1
    libshutdown.o(.ARM.Collect$$libshutdown$$00000000) refers (Special) to libshutdown2.o(.ARM.Collect$$libshutdown$$00000007) for __rt_lib_shutdown_fp_trap_1
    libshutdown.o(.ARM.Collect$$libshutdown$$00000000) refers (Special) to libshutdown2.o(.ARM.Collect$$libshutdown$$0000000F) for __rt_lib_shutdown_heap_1
    libshutdown.o(.ARM.Collect$$libshutdown$$00000000) refers (Special) to libshutdown2.o(.ARM.Collect$$libshutdown$$00000010) for __rt_lib_shutdown_return
    libshutdown.o(.ARM.Collect$$libshutdown$$00000000) refers (Special) to libshutdown2.o(.ARM.Collect$$libshutdown$$0000000A) for __rt_lib_shutdown_signal_1
    libshutdown.o(.ARM.Collect$$libshutdown$$00000000) refers (Special) to libshutdown2.o(.ARM.Collect$$libshutdown$$00000004) for __rt_lib_shutdown_stdio_1
    libshutdown.o(.ARM.Collect$$libshutdown$$00000000) refers (Special) to libshutdown2.o(.ARM.Collect$$libshutdown$$0000000C) for __rt_lib_shutdown_user_alloc_1
    sys_command.o(.text) refers (Special) to use_no_semi.o(.text) for __I$use$semihosting
    sys_command.o(.text) refers (Special) to indicate_semi.o(.text) for __semihosting_library_function
    sys_command_hlt.o(.text) refers (Special) to use_no_semi.o(.text) for __I$use$semihosting
    sys_command_hlt.o(.text) refers (Special) to indicate_semi.o(.text) for __semihosting_library_function
    defsig_rtmem_outer.o(.text) refers to defsig_rtmem_inner.o(.text) for __rt_SIGRTMEM_inner
    defsig_rtmem_outer.o(.text) refers to defsig_exit.o(.text) for __sig_exit
    defsig_rtmem_formal.o(.text) refers to rt_raise.o(.text) for __rt_raise
    rt_raise.o(.text) refers to __raise.o(.text) for __raise
    rt_raise.o(.text) refers to sys_exit.o(.text) for _sys_exit
    defsig_exit.o(.text) refers to sys_exit.o(.text) for _sys_exit
    defsig_rtmem_inner.o(.text) refers to defsig_general.o(.text) for __default_signal_display
    __raise.o(.text) refers to defsig.o(CL$$defsig) for __default_signal_handler
    defsig_general.o(.text) refers to sys_wrch.o(.text) for _ttywrch
    sys_wrch.o(.text) refers (Special) to use_no_semi.o(.text) for __I$use$semihosting
    sys_wrch.o(.text) refers (Special) to indicate_semi.o(.text) for __semihosting_library_function
    sys_wrch_hlt.o(.text) refers (Special) to use_no_semi.o(.text) for __I$use$semihosting
    sys_wrch_hlt.o(.text) refers (Special) to indicate_semi.o(.text) for __semihosting_library_function
    defsig.o(CL$$defsig) refers to defsig_rtmem_inner.o(.text) for __rt_SIGRTMEM_inner
    defsig_abrt_inner.o(.text) refers to defsig_general.o(.text) for __default_signal_display
    defsig_fpe_inner.o(.text) refers to defsig_general.o(.text) for __default_signal_display
    defsig_rtred_inner.o(.text) refers to defsig_general.o(.text) for __default_signal_display
    defsig_stak_inner.o(.text) refers to defsig_general.o(.text) for __default_signal_display
    defsig_pvfn_inner.o(.text) refers to defsig_general.o(.text) for __default_signal_display
    defsig_cppl_inner.o(.text) refers to defsig_general.o(.text) for __default_signal_display
    defsig_segv_inner.o(.text) refers to defsig_general.o(.text) for __default_signal_display
    defsig_other.o(.text) refers to defsig_general.o(.text) for __default_signal_display


==============================================================================

Removing Unused input sections from the image.

    Removing main.o(.text), (0 bytes).
    Removing main.o(.ARM.exidx.text._Z13Uniciar_Clockv), (8 bytes).
    Removing main.o(.ARM.exidx.text.main), (8 bytes).
    Removing main.o(.ARM.use_no_argv), (4 bytes).
    Removing delay.o(.text), (0 bytes).
    Removing delay.o(.ARM.exidx.text._Z5Dalayi), (8 bytes).
    Removing i2c.o(.text), (0 bytes).
    Removing i2c.o(.ARM.exidx.text._Z10IniciarI2Cv), (8 bytes).
    Removing i2c.o(.ARM.exidx.text._ZN13I2C_Direccion9getAdressEv), (8 bytes).
    Removing i2c.o(.ARM.exidx.text._ZN13I2C_Direccion9setAdressEh), (8 bytes).
    Removing i2c.o(.text._ZN13I2C_Direccion13setRegistro_1Eh), (4 bytes).
    Removing i2c.o(.ARM.exidx.text._ZN13I2C_Direccion13setRegistro_1Eh), (8 bytes).
    Removing i2c.o(.text._ZN13I2C_Direccion13getRegistro_1Ev), (4 bytes).
    Removing i2c.o(.ARM.exidx.text._ZN13I2C_Direccion13getRegistro_1Ev), (8 bytes).
    Removing i2c.o(.text._ZN13I2C_Direccion13setRegistro_2Eh), (4 bytes).
    Removing i2c.o(.ARM.exidx.text._ZN13I2C_Direccion13setRegistro_2Eh), (8 bytes).
    Removing i2c.o(.text._ZN13I2C_Direccion13getRegistro_2Ev), (4 bytes).
    Removing i2c.o(.ARM.exidx.text._ZN13I2C_Direccion13getRegistro_2Ev), (8 bytes).
    Removing i2c.o(.text._ZN13I2C_Direccion13setRegistro_3Eh), (4 bytes).
    Removing i2c.o(.ARM.exidx.text._ZN13I2C_Direccion13setRegistro_3Eh), (8 bytes).
    Removing i2c.o(.text._ZN13I2C_Direccion13getRegistro_3Ev), (4 bytes).
    Removing i2c.o(.ARM.exidx.text._ZN13I2C_Direccion13getRegistro_3Ev), (8 bytes).
    Removing i2c.o(.ARM.exidx.text._ZN13I2C_Direccion10I2C_InicioEv), (8 bytes).
    Removing i2c.o(.ARM.exidx.text._ZN13I2C_Direccion19I2C_Envio_DireccionEv), (8 bytes).
    Removing i2c.o(.ARM.exidx.text._ZN13I2C_Direccion18I2C_Envio_RegistroEh), (8 bytes).
    Removing i2c.o(.ARM.exidx.text._ZN13I2C_Direccion17I2C_Escribir_DatoEh), (8 bytes).
    Removing i2c.o(.ARM.exidx.text._ZN13I2C_Direccion8I2C_StopEv), (8 bytes).
    Removing i2c.o(.text._ZN13I2C_Direccion10I2C_No_ACKEv), (18 bytes).
    Removing i2c.o(.ARM.exidx.text._ZN13I2C_Direccion10I2C_No_ACKEv), (8 bytes).
    Removing i2c.o(.ARM.exidx.text._ZN13I2C_Direccion14I2C_WriteMultiEPch), (8 bytes).
    Removing i2c.o(.text._ZN13I2C_Direccion20I2C_Enviar_Un_BufferEh), (32 bytes).
    Removing i2c.o(.ARM.exidx.text._ZN13I2C_Direccion20I2C_Enviar_Un_BufferEh), (8 bytes).
    Removing i2c.o(.text._ZN13I2C_Direccion26I2C_Enviar_Multiples_DatosEPch), (32 bytes).
    Removing i2c.o(.ARM.exidx.text._ZN13I2C_Direccion26I2C_Enviar_Multiples_DatosEPch), (8 bytes).
    Removing i2c.o(.ARM.exidx.text._ZN13I2C_Direccion38I2C_Enviar_Multiples_Datos_ConRegistroEhPch), (8 bytes).
    Removing i2c.o(.ARM.exidx.text._ZN13I2C_Direccion15I2C_Enviar_DatoEhh), (8 bytes).
    Removing fonts.o(.text), (0 bytes).
    Removing fonts.o(.text._Z19FONTS_GetStringSizePcP12FONTS_SIZE_tP9FontDef_t), (28 bytes).
    Removing fonts.o(.ARM.exidx.text._Z19FONTS_GetStringSizePcP12FONTS_SIZE_tP9FontDef_t), (8 bytes).
    Removing fonts.o(.data.Font_11x18), (8 bytes).
    Removing fonts.o(.data.Font_16x26), (8 bytes).
    Removing fonts.o(.rodata._ZL9Font11x18), (3420 bytes).
    Removing fonts.o(.rodata._ZL9Font16x26), (4940 bytes).
    Removing oled.o(.text), (0 bytes).
    Removing oled.o(.text._Z19SSD1306_ScrollRighthh), (96 bytes).
    Removing oled.o(.ARM.exidx.text._Z19SSD1306_ScrollRighthh), (8 bytes).
    Removing oled.o(.text._Z18SSD1306_ScrollLefthh), (96 bytes).
    Removing oled.o(.ARM.exidx.text._Z18SSD1306_ScrollLefthh), (8 bytes).
    Removing oled.o(.text._Z23SSD1306_Scrolldiagrighthh), (116 bytes).
    Removing oled.o(.ARM.exidx.text._Z23SSD1306_Scrolldiagrighthh), (8 bytes).
    Removing oled.o(.text._Z22SSD1306_Scrolldiaglefthh), (116 bytes).
    Removing oled.o(.ARM.exidx.text._Z22SSD1306_Scrolldiaglefthh), (8 bytes).
    Removing oled.o(.text._Z18SSD1306_Stopscrollv), (20 bytes).
    Removing oled.o(.ARM.exidx.text._Z18SSD1306_Stopscrollv), (8 bytes).
    Removing oled.o(.text._Z21SSD1306_InvertDisplayi), (30 bytes).
    Removing oled.o(.ARM.exidx.text._Z21SSD1306_InvertDisplayi), (8 bytes).
    Removing oled.o(.ARM.exidx.text._Z17SSD1306_DrawPixeltt15SSD1306_COLOR_t), (8 bytes).
    Removing oled.o(.ARM.exidx.text._Z18SSD1306_DrawBitmapssPKhsst), (8 bytes).
    Removing oled.o(.ARM.exidx.text._Z12SSD1306_Initv), (8 bytes).
    Removing oled.o(.text._Z16ssd1306_I2C_Initv), (2 bytes).
    Removing oled.o(.ARM.exidx.text._Z16ssd1306_I2C_Initv), (8 bytes).
    Removing oled.o(.ARM.exidx.text._Z12SSD1306_Fill15SSD1306_COLOR_t), (8 bytes).
    Removing oled.o(.ARM.exidx.text._Z20SSD1306_UpdateScreenv), (8 bytes).
    Removing oled.o(.ARM.exidx.text._Z22ssd1306_I2C_WriteMultihhPct), (8 bytes).
    Removing oled.o(.text._Z20SSD1306_ToggleInvertv), (54 bytes).
    Removing oled.o(.ARM.exidx.text._Z20SSD1306_ToggleInvertv), (8 bytes).
    Removing oled.o(.ARM.exidx.text._Z14SSD1306_GotoXYtt), (8 bytes).
    Removing oled.o(.ARM.exidx.text._Z12SSD1306_PutccP9FontDef_t15SSD1306_COLOR_t), (8 bytes).
    Removing oled.o(.ARM.exidx.text._Z12SSD1306_PutsPcP9FontDef_t15SSD1306_COLOR_t), (8 bytes).
    Removing oled.o(.ARM.exidx.text._Z16SSD1306_DrawLinetttt15SSD1306_COLOR_t), (8 bytes).
    Removing oled.o(.ARM.exidx.text._Z21SSD1306_DrawRectangletttt15SSD1306_COLOR_t), (8 bytes).
    Removing oled.o(.text._Z27SSD1306_DrawFilledRectangletttt15SSD1306_COLOR_t), (88 bytes).
    Removing oled.o(.ARM.exidx.text._Z27SSD1306_DrawFilledRectangletttt15SSD1306_COLOR_t), (8 bytes).
    Removing oled.o(.ARM.exidx.text._Z20SSD1306_DrawTriangletttttt15SSD1306_COLOR_t), (8 bytes).
    Removing oled.o(.text._Z26SSD1306_DrawFilledTriangletttttt15SSD1306_COLOR_t), (176 bytes).
    Removing oled.o(.ARM.exidx.text._Z26SSD1306_DrawFilledTriangletttttt15SSD1306_COLOR_t), (8 bytes).
    Removing oled.o(.ARM.exidx.text._Z18SSD1306_DrawCirclesss15SSD1306_COLOR_t), (8 bytes).
    Removing oled.o(.text._Z24SSD1306_DrawFilledCirclesss15SSD1306_COLOR_t), (300 bytes).
    Removing oled.o(.ARM.exidx.text._Z24SSD1306_DrawFilledCirclesss15SSD1306_COLOR_t), (8 bytes).
    Removing oled.o(.ARM.exidx.text._Z13SSD1306_Clearv), (8 bytes).
    Removing oled.o(.text._Z10SSD1306_ONv), (42 bytes).
    Removing oled.o(.ARM.exidx.text._Z10SSD1306_ONv), (8 bytes).
    Removing oled.o(.text._Z11SSD1306_OFFv), (42 bytes).
    Removing oled.o(.ARM.exidx.text._Z11SSD1306_OFFv), (8 bytes).
    Removing oled.o(.text._Z17ssd1306_I2C_Writehcc), (16 bytes).
    Removing oled.o(.ARM.exidx.text._Z17ssd1306_I2C_Writehcc), (8 bytes).
    Removing system_stm32f4xx.o(.text), (0 bytes).
    Removing system_stm32f4xx.o(.ARM.exidx.text.SystemInit), (8 bytes).
    Removing system_stm32f4xx.o(.text.SystemCoreClockUpdate), (126 bytes).
    Removing system_stm32f4xx.o(.ARM.exidx.text.SystemCoreClockUpdate), (8 bytes).
    Removing system_stm32f4xx.o(.data.SystemCoreClock), (4 bytes).
    Removing system_stm32f4xx.o(.rodata.AHBPrescTable), (16 bytes).
    Removing system_stm32f4xx.o(.rodata.APBPrescTable), (8 bytes).

93 unused section(s) (total 10294 bytes) removed from the image.

==============================================================================

Image Symbol Table

    Local Symbols

    Symbol Name                              Value     Ov Type        Size  Object(Section)

    ../clib/angel/boardlib.s                 0x00000000   Number         0  boardinit1.o ABSOLUTE
    ../clib/angel/boardlib.s                 0x00000000   Number         0  boardinit2.o ABSOLUTE
    ../clib/angel/boardlib.s                 0x00000000   Number         0  boardinit3.o ABSOLUTE
    ../clib/angel/boardlib.s                 0x00000000   Number         0  boardshut.o ABSOLUTE
    ../clib/angel/handlers.s                 0x00000000   Number         0  __scatter_copy.o ABSOLUTE
    ../clib/angel/handlers.s                 0x00000000   Number         0  __scatter_zi.o ABSOLUTE
    ../clib/angel/kernel.s                   0x00000000   Number         0  __rtentry.o ABSOLUTE
    ../clib/angel/kernel.s                   0x00000000   Number         0  __rtentry2.o ABSOLUTE
    ../clib/angel/kernel.s                   0x00000000   Number         0  __rtentry4.o ABSOLUTE
    ../clib/angel/kernel.s                   0x00000000   Number         0  rtexit.o ABSOLUTE
    ../clib/angel/kernel.s                   0x00000000   Number         0  rtexit2.o ABSOLUTE
    ../clib/angel/rt.s                       0x00000000   Number         0  rt_raise.o ABSOLUTE
    ../clib/angel/scatter.s                  0x00000000   Number         0  __scatter.o ABSOLUTE
    ../clib/angel/startup.s                  0x00000000   Number         0  __main.o ABSOLUTE
    ../clib/angel/sys.s                      0x00000000   Number         0  sys_stackheap_outer.o ABSOLUTE
    ../clib/angel/sys.s                      0x00000000   Number         0  libspace.o ABSOLUTE
    ../clib/angel/sys.s                      0x00000000   Number         0  use_no_semi.o ABSOLUTE
    ../clib/angel/sys.s                      0x00000000   Number         0  indicate_semi.o ABSOLUTE
    ../clib/angel/sysapp.c                   0x00000000   Number         0  sys_exit.o ABSOLUTE
    ../clib/angel/sysapp.c                   0x00000000   Number         0  sys_exit_hlt.o ABSOLUTE
    ../clib/angel/sysapp.c                   0x00000000   Number         0  sys_command.o ABSOLUTE
    ../clib/angel/sysapp.c                   0x00000000   Number         0  sys_command_hlt.o ABSOLUTE
    ../clib/angel/sysapp.c                   0x00000000   Number         0  sys_wrch.o ABSOLUTE
    ../clib/angel/sysapp.c                   0x00000000   Number         0  sys_wrch_hlt.o ABSOLUTE
    ../clib/armsys.c                         0x00000000   Number         0  argv_veneer.o ABSOLUTE
    ../clib/armsys.c                         0x00000000   Number         0  argv_veneer.o ABSOLUTE
    ../clib/armsys.c                         0x00000000   Number         0  _get_argv_nomalloc.o ABSOLUTE
    ../clib/armsys.c                         0x00000000   Number         0  no_argv.o ABSOLUTE
    ../clib/heapalloc.c                      0x00000000   Number         0  hrguard.o ABSOLUTE
    ../clib/heapaux.c                        0x00000000   Number         0  heapauxi.o ABSOLUTE
    ../clib/libinit.s                        0x00000000   Number         0  libinit.o ABSOLUTE
    ../clib/libinit.s                        0x00000000   Number         0  libinit2.o ABSOLUTE
    ../clib/libinit.s                        0x00000000   Number         0  libshutdown.o ABSOLUTE
    ../clib/libinit.s                        0x00000000   Number         0  libshutdown2.o ABSOLUTE
    ../clib/memcpset.s                       0x00000000   Number         0  aeabi_memset4.o ABSOLUTE
    ../clib/memcpset.s                       0x00000000   Number         0  rt_memclr_w.o ABSOLUTE
    ../clib/printf.c                         0x00000000   Number         0  __2sprintf.o ABSOLUTE
    ../clib/printf.c                         0x00000000   Number         0  noretval__2sprintf.o ABSOLUTE
    ../clib/printf.c                         0x00000000   Number         0  __printf.o ABSOLUTE
    ../clib/printf.c                         0x00000000   Number         0  _printf_dec.o ABSOLUTE
    ../clib/printf.c                         0x00000000   Number         0  __printf_flags.o ABSOLUTE
    ../clib/printf.c                         0x00000000   Number         0  __printf_ss.o ABSOLUTE
    ../clib/printf.c                         0x00000000   Number         0  __printf_flags_ss.o ABSOLUTE
    ../clib/printf.c                         0x00000000   Number         0  __printf_wp.o ABSOLUTE
    ../clib/printf.c                         0x00000000   Number         0  __printf_flags_wp.o ABSOLUTE
    ../clib/printf.c                         0x00000000   Number         0  __printf_ss_wp.o ABSOLUTE
    ../clib/printf.c                         0x00000000   Number         0  __printf_flags_ss_wp.o ABSOLUTE
    ../clib/printf.c                         0x00000000   Number         0  _printf_intcommon.o ABSOLUTE
    ../clib/printf.c                         0x00000000   Number         0  _printf_char_common.o ABSOLUTE
    ../clib/printf.c                         0x00000000   Number         0  _sputc.o ABSOLUTE
    ../clib/printf.c                         0x00000000   Number         0  __printf_nopercent.o ABSOLUTE
    ../clib/printf_percent.s                 0x00000000   Number         0  _printf_d.o ABSOLUTE
    ../clib/printf_percent.s                 0x00000000   Number         0  _printf_percent.o ABSOLUTE
    ../clib/printf_percent.s                 0x00000000   Number         0  _printf_percent_end.o ABSOLUTE
    ../clib/signal.c                         0x00000000   Number         0  defsig_rtmem_outer.o ABSOLUTE
    ../clib/signal.c                         0x00000000   Number         0  defsig_rtmem_formal.o ABSOLUTE
    ../clib/signal.c                         0x00000000   Number         0  defsig_exit.o ABSOLUTE
    ../clib/signal.c                         0x00000000   Number         0  defsig_rtmem_inner.o ABSOLUTE
    ../clib/signal.c                         0x00000000   Number         0  __raise.o ABSOLUTE
    ../clib/signal.c                         0x00000000   Number         0  defsig_general.o ABSOLUTE
    ../clib/signal.c                         0x00000000   Number         0  defsig_abrt_inner.o ABSOLUTE
    ../clib/signal.c                         0x00000000   Number         0  defsig_fpe_inner.o ABSOLUTE
    ../clib/signal.c                         0x00000000   Number         0  defsig_rtred_inner.o ABSOLUTE
    ../clib/signal.c                         0x00000000   Number         0  defsig_stak_inner.o ABSOLUTE
    ../clib/signal.c                         0x00000000   Number         0  defsig_pvfn_inner.o ABSOLUTE
    ../clib/signal.c                         0x00000000   Number         0  defsig_cppl_inner.o ABSOLUTE
    ../clib/signal.c                         0x00000000   Number         0  defsig_segv_inner.o ABSOLUTE
    ../clib/signal.c                         0x00000000   Number         0  defsig_other.o ABSOLUTE
    ../clib/signal.s                         0x00000000   Number         0  defsig.o ABSOLUTE
    ../clib/stdlib.c                         0x00000000   Number         0  exit.o ABSOLUTE
    ../clib/string.c                         0x00000000   Number         0  strlen.o ABSOLUTE
    ../fplib/fpinit.s                        0x00000000   Number         0  fpinit.o ABSOLUTE
    Delay.cpp                                0x00000000   Number         0  delay.o ABSOLUTE
    I2C.cpp                                  0x00000000   Number         0  i2c.o ABSOLUTE
    RTE/Device/STM32F401RETx/startup_stm32f401xe.s 0x00000000   Number         0  startup_stm32f401xe.o ABSOLUTE
    dc.s                                     0x00000000   Number         0  dc.o ABSOLUTE
    fonts.cpp                                0x00000000   Number         0  fonts.o ABSOLUTE
    main.cpp                                 0x00000000   Number         0  main.o ABSOLUTE
    oled.cpp                                 0x00000000   Number         0  oled.o ABSOLUTE
    system_stm32f4xx.c                       0x00000000   Number         0  system_stm32f4xx.o ABSOLUTE
    RESET                                    0x08000000   Section      404  startup_stm32f401xe.o(RESET)
    !!!main                                  0x08000194   Section        8  __main.o(!!!main)
    !!!scatter                               0x0800019c   Section       52  __scatter.o(!!!scatter)
    !!handler_copy                           0x080001d0   Section       26  __scatter_copy.o(!!handler_copy)
    !!handler_zi                             0x080001ec   Section       28  __scatter_zi.o(!!handler_zi)
    .ARM.Collect$$_printf_percent$$00000000  0x08000208   Section        0  _printf_percent.o(.ARM.Collect$$_printf_percent$$00000000)
    .ARM.Collect$$_printf_percent$$00000009  0x08000208   Section        6  _printf_d.o(.ARM.Collect$$_printf_percent$$00000009)
    .ARM.Collect$$_printf_percent$$00000017  0x0800020e   Section        4  _printf_percent_end.o(.ARM.Collect$$_printf_percent$$00000017)
    .ARM.Collect$$libinit$$00000000          0x08000212   Section        2  libinit.o(.ARM.Collect$$libinit$$00000000)
    .ARM.Collect$$libinit$$00000001          0x08000214   Section        4  libinit2.o(.ARM.Collect$$libinit$$00000001)
    .ARM.Collect$$libinit$$00000004          0x08000218   Section        0  libinit2.o(.ARM.Collect$$libinit$$00000004)
    .ARM.Collect$$libinit$$0000000A          0x08000218   Section        0  libinit2.o(.ARM.Collect$$libinit$$0000000A)
    .ARM.Collect$$libinit$$0000000C          0x08000218   Section        0  libinit2.o(.ARM.Collect$$libinit$$0000000C)
    .ARM.Collect$$libinit$$0000000E          0x08000218   Section        0  libinit2.o(.ARM.Collect$$libinit$$0000000E)
    .ARM.Collect$$libinit$$00000011          0x08000218   Section        0  libinit2.o(.ARM.Collect$$libinit$$00000011)
    .ARM.Collect$$libinit$$00000013          0x08000218   Section        0  libinit2.o(.ARM.Collect$$libinit$$00000013)
    .ARM.Collect$$libinit$$00000015          0x08000218   Section        0  libinit2.o(.ARM.Collect$$libinit$$00000015)
    .ARM.Collect$$libinit$$00000017          0x08000218   Section        0  libinit2.o(.ARM.Collect$$libinit$$00000017)
    .ARM.Collect$$libinit$$00000019          0x08000218   Section        0  libinit2.o(.ARM.Collect$$libinit$$00000019)
    .ARM.Collect$$libinit$$0000001B          0x08000218   Section        0  libinit2.o(.ARM.Collect$$libinit$$0000001B)
    .ARM.Collect$$libinit$$0000001D          0x08000218   Section        0  libinit2.o(.ARM.Collect$$libinit$$0000001D)
    .ARM.Collect$$libinit$$0000001F          0x08000218   Section        0  libinit2.o(.ARM.Collect$$libinit$$0000001F)
    .ARM.Collect$$libinit$$00000021          0x08000218   Section        0  libinit2.o(.ARM.Collect$$libinit$$00000021)
    .ARM.Collect$$libinit$$00000023          0x08000218   Section        0  libinit2.o(.ARM.Collect$$libinit$$00000023)
    .ARM.Collect$$libinit$$00000025          0x08000218   Section        0  libinit2.o(.ARM.Collect$$libinit$$00000025)
    .ARM.Collect$$libinit$$0000002C          0x08000218   Section        0  libinit2.o(.ARM.Collect$$libinit$$0000002C)
    .ARM.Collect$$libinit$$0000002E          0x08000218   Section        0  libinit2.o(.ARM.Collect$$libinit$$0000002E)
    .ARM.Collect$$libinit$$00000030          0x08000218   Section        0  libinit2.o(.ARM.Collect$$libinit$$00000030)
    .ARM.Collect$$libinit$$00000032          0x08000218   Section        0  libinit2.o(.ARM.Collect$$libinit$$00000032)
    .ARM.Collect$$libinit$$00000033          0x08000218   Section        2  libinit2.o(.ARM.Collect$$libinit$$00000033)
    .ARM.Collect$$libshutdown$$00000000      0x0800021a   Section        2  libshutdown.o(.ARM.Collect$$libshutdown$$00000000)
    .ARM.Collect$$libshutdown$$00000002      0x0800021c   Section        0  libshutdown2.o(.ARM.Collect$$libshutdown$$00000002)
    .ARM.Collect$$libshutdown$$00000004      0x0800021c   Section        0  libshutdown2.o(.ARM.Collect$$libshutdown$$00000004)
    .ARM.Collect$$libshutdown$$00000007      0x0800021c   Section        0  libshutdown2.o(.ARM.Collect$$libshutdown$$00000007)
    .ARM.Collect$$libshutdown$$0000000A      0x0800021c   Section        0  libshutdown2.o(.ARM.Collect$$libshutdown$$0000000A)
    .ARM.Collect$$libshutdown$$0000000C      0x0800021c   Section        0  libshutdown2.o(.ARM.Collect$$libshutdown$$0000000C)
    .ARM.Collect$$libshutdown$$0000000F      0x0800021c   Section        0  libshutdown2.o(.ARM.Collect$$libshutdown$$0000000F)
    .ARM.Collect$$libshutdown$$00000010      0x0800021c   Section        2  libshutdown2.o(.ARM.Collect$$libshutdown$$00000010)
    .ARM.Collect$$rtentry$$00000000          0x0800021e   Section        0  __rtentry.o(.ARM.Collect$$rtentry$$00000000)
    .ARM.Collect$$rtentry$$00000002          0x0800021e   Section        0  __rtentry2.o(.ARM.Collect$$rtentry$$00000002)
    .ARM.Collect$$rtentry$$00000004          0x0800021e   Section        6  __rtentry4.o(.ARM.Collect$$rtentry$$00000004)
    .ARM.Collect$$rtentry$$00000009          0x08000224   Section        0  __rtentry2.o(.ARM.Collect$$rtentry$$00000009)
    .ARM.Collect$$rtentry$$0000000A          0x08000224   Section        4  __rtentry2.o(.ARM.Collect$$rtentry$$0000000A)
    .ARM.Collect$$rtentry$$0000000C          0x08000228   Section        0  __rtentry2.o(.ARM.Collect$$rtentry$$0000000C)
    .ARM.Collect$$rtentry$$0000000D          0x08000228   Section        8  __rtentry2.o(.ARM.Collect$$rtentry$$0000000D)
    .ARM.Collect$$rtexit$$00000000           0x08000230   Section        2  rtexit.o(.ARM.Collect$$rtexit$$00000000)
    .ARM.Collect$$rtexit$$00000002           0x08000232   Section        0  rtexit2.o(.ARM.Collect$$rtexit$$00000002)
    .ARM.Collect$$rtexit$$00000003           0x08000232   Section        4  rtexit2.o(.ARM.Collect$$rtexit$$00000003)
    .ARM.Collect$$rtexit$$00000004           0x08000236   Section        6  rtexit2.o(.ARM.Collect$$rtexit$$00000004)
    $v0                                      0x0800023c   Number         0  startup_stm32f401xe.o(.text)
    .text                                    0x0800023c   Section       64  startup_stm32f401xe.o(.text)
    .text                                    0x0800027c   Section        0  noretval__2sprintf.o(.text)
    .text                                    0x080002a4   Section        0  __printf.o(.text)
    .text                                    0x0800030c   Section        0  _printf_dec.o(.text)
    .text                                    0x08000384   Section       16  aeabi_memset4.o(.text)
    .text                                    0x08000394   Section        0  heapauxi.o(.text)
    .text                                    0x0800039a   Section        0  _printf_intcommon.o(.text)
    _printf_input_char                       0x0800044d   Thumb Code    10  _printf_char_common.o(.text)
    .text                                    0x0800044c   Section        0  _printf_char_common.o(.text)
    .text                                    0x0800047c   Section        0  _sputc.o(.text)
    .text                                    0x08000486   Section       78  rt_memclr_w.o(.text)
    .text                                    0x080004d4   Section       74  sys_stackheap_outer.o(.text)
    .text                                    0x0800051e   Section        0  exit.o(.text)
    .text                                    0x08000530   Section        8  libspace.o(.text)
    .text                                    0x08000538   Section        0  sys_exit.o(.text)
    .text                                    0x08000544   Section        2  use_no_semi.o(.text)
    .text                                    0x08000546   Section        0  indicate_semi.o(.text)
    [Anonymous Symbol]                       0x08000548   Section        0  system_stm32f4xx.o(.text.SystemInit)
    [Anonymous Symbol]                       0x0800055c   Section        0  i2c.o(.text._Z10IniciarI2Cv)
    [Anonymous Symbol]                       0x080005d8   Section        0  oled.o(.text._Z12SSD1306_Fill15SSD1306_COLOR_t)
    [Anonymous Symbol]                       0x080005f4   Section        0  oled.o(.text._Z12SSD1306_Initv)
    [Anonymous Symbol]                       0x08000750   Section        0  oled.o(.text._Z12SSD1306_PutccP9FontDef_t15SSD1306_COLOR_t)
    [Anonymous Symbol]                       0x08000804   Section        0  oled.o(.text._Z12SSD1306_PutsPcP9FontDef_t15SSD1306_COLOR_t)
    [Anonymous Symbol]                       0x08000834   Section        0  oled.o(.text._Z13SSD1306_Clearv)
    [Anonymous Symbol]                       0x08000844   Section        0  main.o(.text._Z13Uniciar_Clockv)
    [Anonymous Symbol]                       0x08000904   Section        0  oled.o(.text._Z14SSD1306_GotoXYtt)
    [Anonymous Symbol]                       0x0800091c   Section        0  oled.o(.text._Z16SSD1306_DrawLinetttt15SSD1306_COLOR_t)
    [Anonymous Symbol]                       0x08000a44   Section        0  oled.o(.text._Z17SSD1306_DrawPixeltt15SSD1306_COLOR_t)
    [Anonymous Symbol]                       0x08000a9c   Section        0  oled.o(.text._Z18SSD1306_DrawBitmapssPKhsst)
    [Anonymous Symbol]                       0x08000b28   Section        0  oled.o(.text._Z18SSD1306_DrawCirclesss15SSD1306_COLOR_t)
    [Anonymous Symbol]                       0x08000c68   Section        0  oled.o(.text._Z20SSD1306_DrawTriangletttttt15SSD1306_COLOR_t)
    [Anonymous Symbol]                       0x08000cac   Section        0  oled.o(.text._Z20SSD1306_UpdateScreenv)
    [Anonymous Symbol]                       0x08000cfc   Section        0  oled.o(.text._Z21SSD1306_DrawRectangletttt15SSD1306_COLOR_t)
    [Anonymous Symbol]                       0x08000d7c   Section        0  oled.o(.text._Z22ssd1306_I2C_WriteMultihhPct)
    [Anonymous Symbol]                       0x08000d90   Section        0  delay.o(.text._Z5Dalayi)
    [Anonymous Symbol]                       0x08000d9c   Section        0  i2c.o(.text._ZN13I2C_Direccion10I2C_InicioEv)
    [Anonymous Symbol]                       0x08000dbc   Section        0  i2c.o(.text._ZN13I2C_Direccion14I2C_WriteMultiEPch)
    [Anonymous Symbol]                       0x08000de8   Section        0  i2c.o(.text._ZN13I2C_Direccion15I2C_Enviar_DatoEhh)
    [Anonymous Symbol]                       0x08000e0c   Section        0  i2c.o(.text._ZN13I2C_Direccion17I2C_Escribir_DatoEh)
    [Anonymous Symbol]                       0x08000e28   Section        0  i2c.o(.text._ZN13I2C_Direccion18I2C_Envio_RegistroEh)
    [Anonymous Symbol]                       0x08000e44   Section        0  i2c.o(.text._ZN13I2C_Direccion19I2C_Envio_DireccionEv)
    [Anonymous Symbol]                       0x08000e64   Section        0  i2c.o(.text._ZN13I2C_Direccion38I2C_Enviar_Multiples_Datos_ConRegistroEhPch)
    [Anonymous Symbol]                       0x08000e90   Section        0  i2c.o(.text._ZN13I2C_Direccion8I2C_StopEv)
    [Anonymous Symbol]                       0x08000ea4   Section        0  i2c.o(.text._ZN13I2C_Direccion9getAdressEv)
    [Anonymous Symbol]                       0x08000ea8   Section        0  i2c.o(.text._ZN13I2C_Direccion9setAdressEh)
    [Anonymous Symbol]                       0x08000eac   Section        0  main.o(.text.main)
    $v0                                      0x08001100   Number         0  fpinit.o(x$fpl$fpinit)
    x$fpl$fpinit                             0x08001100   Section       26  fpinit.o(x$fpl$fpinit)
    horse1                                   0x0800111a   Data        1024  main.o(.rodata._ZL6horse1)
    [Anonymous Symbol]                       0x0800111a   Section        0  main.o(.rodata._ZL6horse1)
    horse2                                   0x0800151a   Data        1024  main.o(.rodata._ZL6horse2)
    [Anonymous Symbol]                       0x0800151a   Section        0  main.o(.rodata._ZL6horse2)
    horse3                                   0x0800191a   Data        1024  main.o(.rodata._ZL6horse3)
    [Anonymous Symbol]                       0x0800191a   Section        0  main.o(.rodata._ZL6horse3)
    horse4                                   0x08001d1a   Data        1024  main.o(.rodata._ZL6horse4)
    [Anonymous Symbol]                       0x08001d1a   Section        0  main.o(.rodata._ZL6horse4)
    horse5                                   0x0800211a   Data        1024  main.o(.rodata._ZL6horse5)
    [Anonymous Symbol]                       0x0800211a   Section        0  main.o(.rodata._ZL6horse5)
    horse6                                   0x0800251a   Data        1024  main.o(.rodata._ZL6horse6)
    [Anonymous Symbol]                       0x0800251a   Section        0  main.o(.rodata._ZL6horse6)
    horse7                                   0x0800291a   Data        1024  main.o(.rodata._ZL6horse7)
    [Anonymous Symbol]                       0x0800291a   Section        0  main.o(.rodata._ZL6horse7)
    horse8                                   0x08002d1a   Data        1024  main.o(.rodata._ZL6horse8)
    [Anonymous Symbol]                       0x08002d1a   Section        0  main.o(.rodata._ZL6horse8)
    horse9                                   0x0800311a   Data        1024  main.o(.rodata._ZL6horse9)
    [Anonymous Symbol]                       0x0800311a   Section        0  main.o(.rodata._ZL6horse9)
    corazon                                  0x0800351a   Data         464  main.o(.rodata._ZL7corazon)
    [Anonymous Symbol]                       0x0800351a   Section        0  main.o(.rodata._ZL7corazon)
    horse10                                  0x080036ea   Data        1024  main.o(.rodata._ZL7horse10)
    [Anonymous Symbol]                       0x080036ea   Section        0  main.o(.rodata._ZL7horse10)
    Font7x10                                 0x08003aea   Data        1900  fonts.o(.rodata._ZL8Font7x10)
    [Anonymous Symbol]                       0x08003aea   Section        0  fonts.o(.rodata._ZL8Font7x10)
    .bss                                     0x20000008   Section       96  libspace.o(.bss)
    SSD1306_Buffer                           0x2000006c   Data        1024  oled.o(.bss._ZL14SSD1306_Buffer)
    [Anonymous Symbol]                       0x2000006c   Section        0  oled.o(.bss._ZL14SSD1306_Buffer)
    SSD1306 (.0)                             0x2000046c   Data           2  oled.o(.bss._ZL7SSD1306.0)
    [Anonymous Symbol]                       0x2000046c   Section        0  oled.o(.bss._ZL7SSD1306.0)
    SSD1306 (.1)                             0x2000046e   Data           2  oled.o(.bss._ZL7SSD1306.1)
    [Anonymous Symbol]                       0x2000046e   Section        0  oled.o(.bss._ZL7SSD1306.1)
    SSD1306 (.2)                             0x20000470   Data           1  oled.o(.bss._ZL7SSD1306.2)
    [Anonymous Symbol]                       0x20000470   Section        0  oled.o(.bss._ZL7SSD1306.2)
    Heap_Mem                                 0x20000480   Data         512  startup_stm32f401xe.o(HEAP)
    HEAP                                     0x20000480   Section      512  startup_stm32f401xe.o(HEAP)
    Stack_Mem                                0x20000680   Data        1024  startup_stm32f401xe.o(STACK)
    STACK                                    0x20000680   Section     1024  startup_stm32f401xe.o(STACK)
    __initial_sp                             0x20000a80   Data           0  startup_stm32f401xe.o(STACK)

    Global Symbols

    Symbol Name                              Value     Ov Type        Size  Object(Section)

    BuildAttributes$$THM_ISAv4$E$P$D$K$B$S$7EM$VFPi3$EXTD16$VFPS$VFMA$PE$A:L22UL41UL21$X:L11$S22US41US21$IEEE1$IW$~IW$USESV6$~STKCKD$USESV7$~SHL$OTIME$ROPI$EBA8$UX$STANDARDLIB$REQ8$PRES8$EABIv2 0x00000000   Number         0  anon$$obj.o ABSOLUTE
    __ARM_exceptions_init                     - Undefined Weak Reference
    __alloca_initialize                       - Undefined Weak Reference
    __arm_preinit_                            - Undefined Weak Reference
    __cpp_initialize__aeabi_                  - Undefined Weak Reference
    __cxa_finalize                            - Undefined Weak Reference
    __rt_locale                               - Undefined Weak Reference
    __sigvec_lookup                           - Undefined Weak Reference
    _atexit_init                              - Undefined Weak Reference
    _call_atexit_fns                          - Undefined Weak Reference
    _clock_init                               - Undefined Weak Reference
    _fp_trap_init                             - Undefined Weak Reference
    _fp_trap_shutdown                         - Undefined Weak Reference
    _get_lc_collate                           - Undefined Weak Reference
    _get_lc_ctype                             - Undefined Weak Reference
    _get_lc_monetary                          - Undefined Weak Reference
    _get_lc_numeric                           - Undefined Weak Reference
    _get_lc_time                              - Undefined Weak Reference
    _getenv_init                              - Undefined Weak Reference
    _handle_redirection                       - Undefined Weak Reference
    _init_alloc                               - Undefined Weak Reference
    _init_user_alloc                          - Undefined Weak Reference
    _initio                                   - Undefined Weak Reference
    _printf_post_padding                      - Undefined Weak Reference
    _printf_pre_padding                       - Undefined Weak Reference
    _printf_truncate_signed                   - Undefined Weak Reference
    _printf_truncate_unsigned                 - Undefined Weak Reference
    _rand_init                                - Undefined Weak Reference
    _signal_finish                            - Undefined Weak Reference
    _signal_init                              - Undefined Weak Reference
    _terminate_alloc                          - Undefined Weak Reference
    _terminate_user_alloc                     - Undefined Weak Reference
    _terminateio                              - Undefined Weak Reference
    __Vectors_Size                           0x00000194   Number         0  startup_stm32f401xe.o ABSOLUTE
    __Vectors                                0x08000000   Data           4  startup_stm32f401xe.o(RESET)
    __Vectors_End                            0x08000194   Data           0  startup_stm32f401xe.o(RESET)
    __main                                   0x08000195   Thumb Code     8  __main.o(!!!main)
    __scatterload                            0x0800019d   Thumb Code     0  __scatter.o(!!!scatter)
    __scatterload_rt2                        0x0800019d   Thumb Code    44  __scatter.o(!!!scatter)
    __scatterload_rt2_thumb_only             0x0800019d   Thumb Code     0  __scatter.o(!!!scatter)
    __scatterload_null                       0x080001ab   Thumb Code     0  __scatter.o(!!!scatter)
    __scatterload_copy                       0x080001d1   Thumb Code    26  __scatter_copy.o(!!handler_copy)
    __scatterload_zeroinit                   0x080001ed   Thumb Code    28  __scatter_zi.o(!!handler_zi)
    _printf_d                                0x08000209   Thumb Code     0  _printf_d.o(.ARM.Collect$$_printf_percent$$00000009)
    _printf_percent                          0x08000209   Thumb Code     0  _printf_percent.o(.ARM.Collect$$_printf_percent$$00000000)
    _printf_percent_end                      0x0800020f   Thumb Code     0  _printf_percent_end.o(.ARM.Collect$$_printf_percent$$00000017)
    __rt_lib_init                            0x08000213   Thumb Code     0  libinit.o(.ARM.Collect$$libinit$$00000000)
    __rt_lib_init_fp_1                       0x08000215   Thumb Code     0  libinit2.o(.ARM.Collect$$libinit$$00000001)
    __rt_lib_init_alloca_1                   0x08000219   Thumb Code     0  libinit2.o(.ARM.Collect$$libinit$$0000002E)
    __rt_lib_init_argv_1                     0x08000219   Thumb Code     0  libinit2.o(.ARM.Collect$$libinit$$0000002C)
    __rt_lib_init_atexit_1                   0x08000219   Thumb Code     0  libinit2.o(.ARM.Collect$$libinit$$0000001B)
    __rt_lib_init_clock_1                    0x08000219   Thumb Code     0  libinit2.o(.ARM.Collect$$libinit$$00000021)
    __rt_lib_init_cpp_1                      0x08000219   Thumb Code     0  libinit2.o(.ARM.Collect$$libinit$$00000032)
    __rt_lib_init_exceptions_1               0x08000219   Thumb Code     0  libinit2.o(.ARM.Collect$$libinit$$00000030)
    __rt_lib_init_fp_trap_1                  0x08000219   Thumb Code     0  libinit2.o(.ARM.Collect$$libinit$$0000001F)
    __rt_lib_init_getenv_1                   0x08000219   Thumb Code     0  libinit2.o(.ARM.Collect$$libinit$$00000023)
    __rt_lib_init_heap_1                     0x08000219   Thumb Code     0  libinit2.o(.ARM.Collect$$libinit$$0000000A)
    __rt_lib_init_lc_collate_1               0x08000219   Thumb Code     0  libinit2.o(.ARM.Collect$$libinit$$00000011)
    __rt_lib_init_lc_ctype_1                 0x08000219   Thumb Code     0  libinit2.o(.ARM.Collect$$libinit$$00000013)
    __rt_lib_init_lc_monetary_1              0x08000219   Thumb Code     0  libinit2.o(.ARM.Collect$$libinit$$00000015)
    __rt_lib_init_lc_numeric_1               0x08000219   Thumb Code     0  libinit2.o(.ARM.Collect$$libinit$$00000017)
    __rt_lib_init_lc_time_1                  0x08000219   Thumb Code     0  libinit2.o(.ARM.Collect$$libinit$$00000019)
    __rt_lib_init_preinit_1                  0x08000219   Thumb Code     0  libinit2.o(.ARM.Collect$$libinit$$00000004)
    __rt_lib_init_rand_1                     0x08000219   Thumb Code     0  libinit2.o(.ARM.Collect$$libinit$$0000000E)
    __rt_lib_init_return                     0x08000219   Thumb Code     0  libinit2.o(.ARM.Collect$$libinit$$00000033)
    __rt_lib_init_signal_1                   0x08000219   Thumb Code     0  libinit2.o(.ARM.Collect$$libinit$$0000001D)
    __rt_lib_init_stdio_1                    0x08000219   Thumb Code     0  libinit2.o(.ARM.Collect$$libinit$$00000025)
    __rt_lib_init_user_alloc_1               0x08000219   Thumb Code     0  libinit2.o(.ARM.Collect$$libinit$$0000000C)
    __rt_lib_shutdown                        0x0800021b   Thumb Code     0  libshutdown.o(.ARM.Collect$$libshutdown$$00000000)
    __rt_lib_shutdown_cpp_1                  0x0800021d   Thumb Code     0  libshutdown2.o(.ARM.Collect$$libshutdown$$00000002)
    __rt_lib_shutdown_fp_trap_1              0x0800021d   Thumb Code     0  libshutdown2.o(.ARM.Collect$$libshutdown$$00000007)
    __rt_lib_shutdown_heap_1                 0x0800021d   Thumb Code     0  libshutdown2.o(.ARM.Collect$$libshutdown$$0000000F)
    __rt_lib_shutdown_return                 0x0800021d   Thumb Code     0  libshutdown2.o(.ARM.Collect$$libshutdown$$00000010)
    __rt_lib_shutdown_signal_1               0x0800021d   Thumb Code     0  libshutdown2.o(.ARM.Collect$$libshutdown$$0000000A)
    __rt_lib_shutdown_stdio_1                0x0800021d   Thumb Code     0  libshutdown2.o(.ARM.Collect$$libshutdown$$00000004)
    __rt_lib_shutdown_user_alloc_1           0x0800021d   Thumb Code     0  libshutdown2.o(.ARM.Collect$$libshutdown$$0000000C)
    __rt_entry                               0x0800021f   Thumb Code     0  __rtentry.o(.ARM.Collect$$rtentry$$00000000)
    __rt_entry_presh_1                       0x0800021f   Thumb Code     0  __rtentry2.o(.ARM.Collect$$rtentry$$00000002)
    __rt_entry_sh                            0x0800021f   Thumb Code     0  __rtentry4.o(.ARM.Collect$$rtentry$$00000004)
    __rt_entry_li                            0x08000225   Thumb Code     0  __rtentry2.o(.ARM.Collect$$rtentry$$0000000A)
    __rt_entry_postsh_1                      0x08000225   Thumb Code     0  __rtentry2.o(.ARM.Collect$$rtentry$$00000009)
    __rt_entry_main                          0x08000229   Thumb Code     0  __rtentry2.o(.ARM.Collect$$rtentry$$0000000D)
    __rt_entry_postli_1                      0x08000229   Thumb Code     0  __rtentry2.o(.ARM.Collect$$rtentry$$0000000C)
    __rt_exit                                0x08000231   Thumb Code     0  rtexit.o(.ARM.Collect$$rtexit$$00000000)
    __rt_exit_ls                             0x08000233   Thumb Code     0  rtexit2.o(.ARM.Collect$$rtexit$$00000003)
    __rt_exit_prels_1                        0x08000233   Thumb Code     0  rtexit2.o(.ARM.Collect$$rtexit$$00000002)
    __rt_exit_exit                           0x08000237   Thumb Code     0  rtexit2.o(.ARM.Collect$$rtexit$$00000004)
    Reset_Handler                            0x0800023d   Thumb Code     8  startup_stm32f401xe.o(.text)
    NMI_Handler                              0x08000245   Thumb Code     2  startup_stm32f401xe.o(.text)
    HardFault_Handler                        0x08000247   Thumb Code     2  startup_stm32f401xe.o(.text)
    MemManage_Handler                        0x08000249   Thumb Code     2  startup_stm32f401xe.o(.text)
    BusFault_Handler                         0x0800024b   Thumb Code     2  startup_stm32f401xe.o(.text)
    UsageFault_Handler                       0x0800024d   Thumb Code     2  startup_stm32f401xe.o(.text)
    SVC_Handler                              0x0800024f   Thumb Code     2  startup_stm32f401xe.o(.text)
    DebugMon_Handler                         0x08000251   Thumb Code     2  startup_stm32f401xe.o(.text)
    PendSV_Handler                           0x08000253   Thumb Code     2  startup_stm32f401xe.o(.text)
    SysTick_Handler                          0x08000255   Thumb Code     2  startup_stm32f401xe.o(.text)
    ADC_IRQHandler                           0x08000257   Thumb Code     0  startup_stm32f401xe.o(.text)
    DMA1_Stream0_IRQHandler                  0x08000257   Thumb Code     0  startup_stm32f401xe.o(.text)
    DMA1_Stream1_IRQHandler                  0x08000257   Thumb Code     0  startup_stm32f401xe.o(.text)
    DMA1_Stream2_IRQHandler                  0x08000257   Thumb Code     0  startup_stm32f401xe.o(.text)
    DMA1_Stream3_IRQHandler                  0x08000257   Thumb Code     0  startup_stm32f401xe.o(.text)
    DMA1_Stream4_IRQHandler                  0x08000257   Thumb Code     0  startup_stm32f401xe.o(.text)
    DMA1_Stream5_IRQHandler                  0x08000257   Thumb Code     0  startup_stm32f401xe.o(.text)
    DMA1_Stream6_IRQHandler                  0x08000257   Thumb Code     0  startup_stm32f401xe.o(.text)
    DMA1_Stream7_IRQHandler                  0x08000257   Thumb Code     0  startup_stm32f401xe.o(.text)
    DMA2_Stream0_IRQHandler                  0x08000257   Thumb Code     0  startup_stm32f401xe.o(.text)
    DMA2_Stream1_IRQHandler                  0x08000257   Thumb Code     0  startup_stm32f401xe.o(.text)
    DMA2_Stream2_IRQHandler                  0x08000257   Thumb Code     0  startup_stm32f401xe.o(.text)
    DMA2_Stream3_IRQHandler                  0x08000257   Thumb Code     0  startup_stm32f401xe.o(.text)
    DMA2_Stream4_IRQHandler                  0x08000257   Thumb Code     0  startup_stm32f401xe.o(.text)
    DMA2_Stream5_IRQHandler                  0x08000257   Thumb Code     0  startup_stm32f401xe.o(.text)
    DMA2_Stream6_IRQHandler                  0x08000257   Thumb Code     0  startup_stm32f401xe.o(.text)
    DMA2_Stream7_IRQHandler                  0x08000257   Thumb Code     0  startup_stm32f401xe.o(.text)
    EXTI0_IRQHandler                         0x08000257   Thumb Code     0  startup_stm32f401xe.o(.text)
    EXTI15_10_IRQHandler                     0x08000257   Thumb Code     0  startup_stm32f401xe.o(.text)
    EXTI1_IRQHandler                         0x08000257   Thumb Code     0  startup_stm32f401xe.o(.text)
    EXTI2_IRQHandler                         0x08000257   Thumb Code     0  startup_stm32f401xe.o(.text)
    EXTI3_IRQHandler                         0x08000257   Thumb Code     0  startup_stm32f401xe.o(.text)
    EXTI4_IRQHandler                         0x08000257   Thumb Code     0  startup_stm32f401xe.o(.text)
    EXTI9_5_IRQHandler                       0x08000257   Thumb Code     0  startup_stm32f401xe.o(.text)
    FLASH_IRQHandler                         0x08000257   Thumb Code     0  startup_stm32f401xe.o(.text)
    FPU_IRQHandler                           0x08000257   Thumb Code     0  startup_stm32f401xe.o(.text)
    I2C1_ER_IRQHandler                       0x08000257   Thumb Code     0  startup_stm32f401xe.o(.text)
    I2C1_EV_IRQHandler                       0x08000257   Thumb Code     0  startup_stm32f401xe.o(.text)
    I2C2_ER_IRQHandler                       0x08000257   Thumb Code     0  startup_stm32f401xe.o(.text)
    I2C2_EV_IRQHandler                       0x08000257   Thumb Code     0  startup_stm32f401xe.o(.text)
    I2C3_ER_IRQHandler                       0x08000257   Thumb Code     0  startup_stm32f401xe.o(.text)
    I2C3_EV_IRQHandler                       0x08000257   Thumb Code     0  startup_stm32f401xe.o(.text)
    OTG_FS_IRQHandler                        0x08000257   Thumb Code     0  startup_stm32f401xe.o(.text)
    OTG_FS_WKUP_IRQHandler                   0x08000257   Thumb Code     0  startup_stm32f401xe.o(.text)
    PVD_IRQHandler                           0x08000257   Thumb Code     0  startup_stm32f401xe.o(.text)
    RCC_IRQHandler                           0x08000257   Thumb Code     0  startup_stm32f401xe.o(.text)
    RTC_Alarm_IRQHandler                     0x08000257   Thumb Code     0  startup_stm32f401xe.o(.text)
    RTC_WKUP_IRQHandler                      0x08000257   Thumb Code     0  startup_stm32f401xe.o(.text)
    SDIO_IRQHandler                          0x08000257   Thumb Code     0  startup_stm32f401xe.o(.text)
    SPI1_IRQHandler                          0x08000257   Thumb Code     0  startup_stm32f401xe.o(.text)
    SPI2_IRQHandler                          0x08000257   Thumb Code     0  startup_stm32f401xe.o(.text)
    SPI3_IRQHandler                          0x08000257   Thumb Code     0  startup_stm32f401xe.o(.text)
    SPI4_IRQHandler                          0x08000257   Thumb Code     0  startup_stm32f401xe.o(.text)
    TAMP_STAMP_IRQHandler                    0x08000257   Thumb Code     0  startup_stm32f401xe.o(.text)
    TIM1_BRK_TIM9_IRQHandler                 0x08000257   Thumb Code     0  startup_stm32f401xe.o(.text)
    TIM1_CC_IRQHandler                       0x08000257   Thumb Code     0  startup_stm32f401xe.o(.text)
    TIM1_TRG_COM_TIM11_IRQHandler            0x08000257   Thumb Code     0  startup_stm32f401xe.o(.text)
    TIM1_UP_TIM10_IRQHandler                 0x08000257   Thumb Code     0  startup_stm32f401xe.o(.text)
    TIM2_IRQHandler                          0x08000257   Thumb Code     0  startup_stm32f401xe.o(.text)
    TIM3_IRQHandler                          0x08000257   Thumb Code     0  startup_stm32f401xe.o(.text)
    TIM4_IRQHandler                          0x08000257   Thumb Code     0  startup_stm32f401xe.o(.text)
    TIM5_IRQHandler                          0x08000257   Thumb Code     0  startup_stm32f401xe.o(.text)
    USART1_IRQHandler                        0x08000257   Thumb Code     0  startup_stm32f401xe.o(.text)
    USART2_IRQHandler                        0x08000257   Thumb Code     0  startup_stm32f401xe.o(.text)
    USART6_IRQHandler                        0x08000257   Thumb Code     0  startup_stm32f401xe.o(.text)
    WWDG_IRQHandler                          0x08000257   Thumb Code     0  startup_stm32f401xe.o(.text)
    __user_initial_stackheap                 0x08000259   Thumb Code     0  startup_stm32f401xe.o(.text)
    __2sprintf                               0x0800027d   Thumb Code    34  noretval__2sprintf.o(.text)
    __printf                                 0x080002a5   Thumb Code   104  __printf.o(.text)
    _printf_int_dec                          0x0800030d   Thumb Code   104  _printf_dec.o(.text)
    __aeabi_memset4                          0x08000385   Thumb Code    16  aeabi_memset4.o(.text)
    __aeabi_memset8                          0x08000385   Thumb Code     0  aeabi_memset4.o(.text)
    __use_two_region_memory                  0x08000395   Thumb Code     2  heapauxi.o(.text)
    __rt_heap_escrow$2region                 0x08000397   Thumb Code     2  heapauxi.o(.text)
    __rt_heap_expand$2region                 0x08000399   Thumb Code     2  heapauxi.o(.text)
    _printf_int_common                       0x0800039b   Thumb Code   178  _printf_intcommon.o(.text)
    _printf_char_common                      0x08000457   Thumb Code    32  _printf_char_common.o(.text)
    _sputc                                   0x0800047d   Thumb Code    10  _sputc.o(.text)
    __aeabi_memclr4                          0x08000487   Thumb Code     0  rt_memclr_w.o(.text)
    __aeabi_memclr8                          0x08000487   Thumb Code     0  rt_memclr_w.o(.text)
    __rt_memclr_w                            0x08000487   Thumb Code     0  rt_memclr_w.o(.text)
    _memset_w                                0x0800048b   Thumb Code    74  rt_memclr_w.o(.text)
    __user_setup_stackheap                   0x080004d5   Thumb Code    74  sys_stackheap_outer.o(.text)
    exit                                     0x0800051f   Thumb Code    18  exit.o(.text)
    __user_libspace                          0x08000531   Thumb Code     8  libspace.o(.text)
    __user_perproc_libspace                  0x08000531   Thumb Code     0  libspace.o(.text)
    __user_perthread_libspace                0x08000531   Thumb Code     0  libspace.o(.text)
    _sys_exit                                0x08000539   Thumb Code     8  sys_exit.o(.text)
    __I$use$semihosting                      0x08000545   Thumb Code     0  use_no_semi.o(.text)
    __use_no_semihosting_swi                 0x08000545   Thumb Code     2  use_no_semi.o(.text)
    __semihosting_library_function           0x08000547   Thumb Code     0  indicate_semi.o(.text)
    SystemInit                               0x08000549   Thumb Code    18  system_stm32f4xx.o(.text.SystemInit)
    IniciarI2C()                             0x0800055d   Thumb Code   122  i2c.o(.text._Z10IniciarI2Cv)
    SSD1306_Fill(SSD1306_COLOR_t)            0x080005d9   Thumb Code    28  oled.o(.text._Z12SSD1306_Fill15SSD1306_COLOR_t)
    SSD1306_Init()                           0x080005f5   Thumb Code   348  oled.o(.text._Z12SSD1306_Initv)
    SSD1306_Putc(char, FontDef_t*, SSD1306_COLOR_t) 0x08000751   Thumb Code   178  oled.o(.text._Z12SSD1306_PutccP9FontDef_t15SSD1306_COLOR_t)
    SSD1306_Puts(char*, FontDef_t*, SSD1306_COLOR_t) 0x08000805   Thumb Code    46  oled.o(.text._Z12SSD1306_PutsPcP9FontDef_t15SSD1306_COLOR_t)
    SSD1306_Clear()                          0x08000835   Thumb Code    14  oled.o(.text._Z13SSD1306_Clearv)
    Uniciar_Clock()                          0x08000845   Thumb Code   190  main.o(.text._Z13Uniciar_Clockv)
    SSD1306_GotoXY(unsigned short, unsigned short) 0x08000905   Thumb Code    22  oled.o(.text._Z14SSD1306_GotoXYtt)
    SSD1306_DrawLine(unsigned short, unsigned short, unsigned short, unsigned short, SSD1306_COLOR_t) 0x0800091d   Thumb Code   294  oled.o(.text._Z16SSD1306_DrawLinetttt15SSD1306_COLOR_t)
    SSD1306_DrawPixel(unsigned short, unsigned short, SSD1306_COLOR_t) 0x08000a45   Thumb Code    86  oled.o(.text._Z17SSD1306_DrawPixeltt15SSD1306_COLOR_t)
    SSD1306_DrawBitmap(short, short, unsigned char const*, short, short, unsigned short) 0x08000a9d   Thumb Code   140  oled.o(.text._Z18SSD1306_DrawBitmapssPKhsst)
    SSD1306_DrawCircle(short, short, short, SSD1306_COLOR_t) 0x08000b29   Thumb Code   318  oled.o(.text._Z18SSD1306_DrawCirclesss15SSD1306_COLOR_t)
    SSD1306_DrawTriangle(unsigned short, unsigned short, unsigned short, unsigned short, unsigned short, unsigned short, SSD1306_COLOR_t) 0x08000c69   Thumb Code    68  oled.o(.text._Z20SSD1306_DrawTriangletttttt15SSD1306_COLOR_t)
    SSD1306_UpdateScreen()                   0x08000cad   Thumb Code    78  oled.o(.text._Z20SSD1306_UpdateScreenv)
    SSD1306_DrawRectangle(unsigned short, unsigned short, unsigned short, unsigned short, SSD1306_COLOR_t) 0x08000cfd   Thumb Code   126  oled.o(.text._Z21SSD1306_DrawRectangletttt15SSD1306_COLOR_t)
    ssd1306_I2C_WriteMulti(unsigned char, unsigned char, char*, unsigned short) 0x08000d7d   Thumb Code    18  oled.o(.text._Z22ssd1306_I2C_WriteMultihhPct)
    Dalay(int)                               0x08000d91   Thumb Code    12  delay.o(.text._Z5Dalayi)
    I2C_Direccion::I2C_Inicio()              0x08000d9d   Thumb Code    32  i2c.o(.text._ZN13I2C_Direccion10I2C_InicioEv)
    I2C_Direccion::I2C_WriteMulti(char*, unsigned char) 0x08000dbd   Thumb Code    44  i2c.o(.text._ZN13I2C_Direccion14I2C_WriteMultiEPch)
    I2C_Direccion::I2C_Enviar_Dato(unsigned char, unsigned char) 0x08000de9   Thumb Code    36  i2c.o(.text._ZN13I2C_Direccion15I2C_Enviar_DatoEhh)
    I2C_Direccion::I2C_Escribir_Dato(unsigned char) 0x08000e0d   Thumb Code    28  i2c.o(.text._ZN13I2C_Direccion17I2C_Escribir_DatoEh)
    I2C_Direccion::I2C_Envio_Registro(unsigned char) 0x08000e29   Thumb Code    28  i2c.o(.text._ZN13I2C_Direccion18I2C_Envio_RegistroEh)
    I2C_Direccion::I2C_Envio_Direccion()     0x08000e45   Thumb Code    32  i2c.o(.text._ZN13I2C_Direccion19I2C_Envio_DireccionEv)
    I2C_Direccion::I2C_Enviar_Multiples_Datos_ConRegistro(unsigned char, char*, unsigned char) 0x08000e65   Thumb Code    44  i2c.o(.text._ZN13I2C_Direccion38I2C_Enviar_Multiples_Datos_ConRegistroEhPch)
    I2C_Direccion::I2C_Stop()                0x08000e91   Thumb Code    18  i2c.o(.text._ZN13I2C_Direccion8I2C_StopEv)
    I2C_Direccion::getAdress()               0x08000ea5   Thumb Code     4  i2c.o(.text._ZN13I2C_Direccion9getAdressEv)
    I2C_Direccion::setAdress(unsigned char)  0x08000ea9   Thumb Code     4  i2c.o(.text._ZN13I2C_Direccion9setAdressEh)
    main                                     0x08000ead   Thumb Code   572  main.o(.text.main)
    _fp_init                                 0x08001101   Thumb Code    26  fpinit.o(x$fpl$fpinit)
    __fplib_config_fpu_vfp                   0x08001119   Thumb Code     0  fpinit.o(x$fpl$fpinit)
    __fplib_config_pureend_doubles           0x08001119   Thumb Code     0  fpinit.o(x$fpl$fpinit)
    Region$$Table$$Base                      0x08004258   Number         0  anon$$obj.o(Region$$Table)
    Region$$Table$$Limit                     0x08004278   Number         0  anon$$obj.o(Region$$Table)
    Font_7x10                                0x20000000   Data           8  fonts.o(.data.Font_7x10)
    __libspace_start                         0x20000008   Data          96  libspace.o(.bss)
    SDD1306I2C                               0x20000068   Data           4  oled.o(.bss.SDD1306I2C)
    __temporary_stack_top$libspace           0x20000068   Data           0  libspace.o(.bss)
    zz                                       0x20000471   Data          10  main.o(.bss.zz)



==============================================================================

Memory Map of the image

  Image Entry point : 0x0800023d

  Load Region LR_1 (Base: 0x08000000, Size: 0x00004280, Max: 0xffffffff, ABSOLUTE)

    Execution Region ER_RO (Exec base: 0x08000000, Load base: 0x08000000, Size: 0x00004278, Max: 0xffffffff, ABSOLUTE)

    Exec Addr    Load Addr    Size         Type   Attr      Idx    E Section Name        Object

    0x08000000   0x08000000   0x00000194   Data   RO          168    RESET               startup_stm32f401xe.o
    0x08000194   0x08000194   0x00000008   Code   RO          228  * !!!main             c_w.l(__main.o)
    0x0800019c   0x0800019c   0x00000034   Code   RO          402    !!!scatter          c_w.l(__scatter.o)
    0x080001d0   0x080001d0   0x0000001a   Code   RO          404    !!handler_copy      c_w.l(__scatter_copy.o)
    0x080001ea   0x080001ea   0x00000002   PAD
    0x080001ec   0x080001ec   0x0000001c   Code   RO          406    !!handler_zi        c_w.l(__scatter_zi.o)
    0x08000208   0x08000208   0x00000000   Code   RO          221    .ARM.Collect$$_printf_percent$$00000000  c_w.l(_printf_percent.o)
    0x08000208   0x08000208   0x00000006   Code   RO          220    .ARM.Collect$$_printf_percent$$00000009  c_w.l(_printf_d.o)
    0x0800020e   0x0800020e   0x00000004   Code   RO          237    .ARM.Collect$$_printf_percent$$00000017  c_w.l(_printf_percent_end.o)
    0x08000212   0x08000212   0x00000002   Code   RO          266    .ARM.Collect$$libinit$$00000000  c_w.l(libinit.o)
    0x08000214   0x08000214   0x00000004   Code   RO          272    .ARM.Collect$$libinit$$00000001  c_w.l(libinit2.o)
    0x08000218   0x08000218   0x00000000   Code   RO          275    .ARM.Collect$$libinit$$00000004  c_w.l(libinit2.o)
    0x08000218   0x08000218   0x00000000   Code   RO          278    .ARM.Collect$$libinit$$0000000A  c_w.l(libinit2.o)
    0x08000218   0x08000218   0x00000000   Code   RO          280    .ARM.Collect$$libinit$$0000000C  c_w.l(libinit2.o)
    0x08000218   0x08000218   0x00000000   Code   RO          282    .ARM.Collect$$libinit$$0000000E  c_w.l(libinit2.o)
    0x08000218   0x08000218   0x00000000   Code   RO          285    .ARM.Collect$$libinit$$00000011  c_w.l(libinit2.o)
    0x08000218   0x08000218   0x00000000   Code   RO          287    .ARM.Collect$$libinit$$00000013  c_w.l(libinit2.o)
    0x08000218   0x08000218   0x00000000   Code   RO          289    .ARM.Collect$$libinit$$00000015  c_w.l(libinit2.o)
    0x08000218   0x08000218   0x00000000   Code   RO          291    .ARM.Collect$$libinit$$00000017  c_w.l(libinit2.o)
    0x08000218   0x08000218   0x00000000   Code   RO          293    .ARM.Collect$$libinit$$00000019  c_w.l(libinit2.o)
    0x08000218   0x08000218   0x00000000   Code   RO          295    .ARM.Collect$$libinit$$0000001B  c_w.l(libinit2.o)
    0x08000218   0x08000218   0x00000000   Code   RO          297    .ARM.Collect$$libinit$$0000001D  c_w.l(libinit2.o)
    0x08000218   0x08000218   0x00000000   Code   RO          299    .ARM.Collect$$libinit$$0000001F  c_w.l(libinit2.o)
    0x08000218   0x08000218   0x00000000   Code   RO          301    .ARM.Collect$$libinit$$00000021  c_w.l(libinit2.o)
    0x08000218   0x08000218   0x00000000   Code   RO          303    .ARM.Collect$$libinit$$00000023  c_w.l(libinit2.o)
    0x08000218   0x08000218   0x00000000   Code   RO          305    .ARM.Collect$$libinit$$00000025  c_w.l(libinit2.o)
    0x08000218   0x08000218   0x00000000   Code   RO          309    .ARM.Collect$$libinit$$0000002C  c_w.l(libinit2.o)
    0x08000218   0x08000218   0x00000000   Code   RO          311    .ARM.Collect$$libinit$$0000002E  c_w.l(libinit2.o)
    0x08000218   0x08000218   0x00000000   Code   RO          313    .ARM.Collect$$libinit$$00000030  c_w.l(libinit2.o)
    0x08000218   0x08000218   0x00000000   Code   RO          315    .ARM.Collect$$libinit$$00000032  c_w.l(libinit2.o)
    0x08000218   0x08000218   0x00000002   Code   RO          316    .ARM.Collect$$libinit$$00000033  c_w.l(libinit2.o)
    0x0800021a   0x0800021a   0x00000002   Code   RO          338    .ARM.Collect$$libshutdown$$00000000  c_w.l(libshutdown.o)
    0x0800021c   0x0800021c   0x00000000   Code   RO          353    .ARM.Collect$$libshutdown$$00000002  c_w.l(libshutdown2.o)
    0x0800021c   0x0800021c   0x00000000   Code   RO          355    .ARM.Collect$$libshutdown$$00000004  c_w.l(libshutdown2.o)
    0x0800021c   0x0800021c   0x00000000   Code   RO          358    .ARM.Collect$$libshutdown$$00000007  c_w.l(libshutdown2.o)
    0x0800021c   0x0800021c   0x00000000   Code   RO          361    .ARM.Collect$$libshutdown$$0000000A  c_w.l(libshutdown2.o)
    0x0800021c   0x0800021c   0x00000000   Code   RO          363    .ARM.Collect$$libshutdown$$0000000C  c_w.l(libshutdown2.o)
    0x0800021c   0x0800021c   0x00000000   Code   RO          366    .ARM.Collect$$libshutdown$$0000000F  c_w.l(libshutdown2.o)
    0x0800021c   0x0800021c   0x00000002   Code   RO          367    .ARM.Collect$$libshutdown$$00000010  c_w.l(libshutdown2.o)
    0x0800021e   0x0800021e   0x00000000   Code   RO          230    .ARM.Collect$$rtentry$$00000000  c_w.l(__rtentry.o)
    0x0800021e   0x0800021e   0x00000000   Code   RO          241    .ARM.Collect$$rtentry$$00000002  c_w.l(__rtentry2.o)
    0x0800021e   0x0800021e   0x00000006   Code   RO          253    .ARM.Collect$$rtentry$$00000004  c_w.l(__rtentry4.o)
    0x08000224   0x08000224   0x00000000   Code   RO          243    .ARM.Collect$$rtentry$$00000009  c_w.l(__rtentry2.o)
    0x08000224   0x08000224   0x00000004   Code   RO          244    .ARM.Collect$$rtentry$$0000000A  c_w.l(__rtentry2.o)
    0x08000228   0x08000228   0x00000000   Code   RO          246    .ARM.Collect$$rtentry$$0000000C  c_w.l(__rtentry2.o)
    0x08000228   0x08000228   0x00000008   Code   RO          247    .ARM.Collect$$rtentry$$0000000D  c_w.l(__rtentry2.o)
    0x08000230   0x08000230   0x00000002   Code   RO          270    .ARM.Collect$$rtexit$$00000000  c_w.l(rtexit.o)
    0x08000232   0x08000232   0x00000000   Code   RO          318    .ARM.Collect$$rtexit$$00000002  c_w.l(rtexit2.o)
    0x08000232   0x08000232   0x00000004   Code   RO          319    .ARM.Collect$$rtexit$$00000003  c_w.l(rtexit2.o)
    0x08000236   0x08000236   0x00000006   Code   RO          320    .ARM.Collect$$rtexit$$00000004  c_w.l(rtexit2.o)
    0x0800023c   0x0800023c   0x00000040   Code   RO          169  * .text               startup_stm32f401xe.o
    0x0800027c   0x0800027c   0x00000028   Code   RO          194    .text               c_w.l(noretval__2sprintf.o)
    0x080002a4   0x080002a4   0x00000068   Code   RO          196    .text               c_w.l(__printf.o)
    0x0800030c   0x0800030c   0x00000078   Code   RO          198    .text               c_w.l(_printf_dec.o)
    0x08000384   0x08000384   0x00000010   Code   RO          224    .text               c_w.l(aeabi_memset4.o)
    0x08000394   0x08000394   0x00000006   Code   RO          226    .text               c_w.l(heapauxi.o)
    0x0800039a   0x0800039a   0x000000b2   Code   RO          231    .text               c_w.l(_printf_intcommon.o)
    0x0800044c   0x0800044c   0x00000030   Code   RO          233    .text               c_w.l(_printf_char_common.o)
    0x0800047c   0x0800047c   0x0000000a   Code   RO          235    .text               c_w.l(_sputc.o)
    0x08000486   0x08000486   0x0000004e   Code   RO          238    .text               c_w.l(rt_memclr_w.o)
    0x080004d4   0x080004d4   0x0000004a   Code   RO          257    .text               c_w.l(sys_stackheap_outer.o)
    0x0800051e   0x0800051e   0x00000012   Code   RO          259    .text               c_w.l(exit.o)
    0x08000530   0x08000530   0x00000008   Code   RO          267    .text               c_w.l(libspace.o)
    0x08000538   0x08000538   0x0000000c   Code   RO          328    .text               c_w.l(sys_exit.o)
    0x08000544   0x08000544   0x00000002   Code   RO          343    .text               c_w.l(use_no_semi.o)
    0x08000546   0x08000546   0x00000000   Code   RO          345    .text               c_w.l(indicate_semi.o)
    0x08000546   0x08000546   0x00000002   PAD
    0x08000548   0x08000548   0x00000012   Code   RO          176    .text.SystemInit    system_stm32f4xx.o
    0x0800055a   0x0800055a   0x00000002   PAD
    0x0800055c   0x0800055c   0x0000007a   Code   RO           35    .text._Z10IniciarI2Cv  i2c.o
    0x080005d6   0x080005d6   0x00000002   PAD
    0x080005d8   0x080005d8   0x0000001c   Code   RO          118    .text._Z12SSD1306_Fill15SSD1306_COLOR_t  oled.o
    0x080005f4   0x080005f4   0x0000015c   Code   RO          114    .text._Z12SSD1306_Initv  oled.o
    0x08000750   0x08000750   0x000000b2   Code   RO          128    .text._Z12SSD1306_PutccP9FontDef_t15SSD1306_COLOR_t  oled.o
    0x08000802   0x08000802   0x00000002   PAD
    0x08000804   0x08000804   0x0000002e   Code   RO          130    .text._Z12SSD1306_PutsPcP9FontDef_t15SSD1306_COLOR_t  oled.o
    0x08000832   0x08000832   0x00000002   PAD
    0x08000834   0x08000834   0x0000000e   Code   RO          146    .text._Z13SSD1306_Clearv  oled.o
    0x08000842   0x08000842   0x00000002   PAD
    0x08000844   0x08000844   0x000000be   Code   RO            2    .text._Z13Uniciar_Clockv  main.o
    0x08000902   0x08000902   0x00000002   PAD
    0x08000904   0x08000904   0x00000016   Code   RO          126    .text._Z14SSD1306_GotoXYtt  oled.o
    0x0800091a   0x0800091a   0x00000002   PAD
    0x0800091c   0x0800091c   0x00000126   Code   RO          132    .text._Z16SSD1306_DrawLinetttt15SSD1306_COLOR_t  oled.o
    0x08000a42   0x08000a42   0x00000002   PAD
    0x08000a44   0x08000a44   0x00000056   Code   RO          110    .text._Z17SSD1306_DrawPixeltt15SSD1306_COLOR_t  oled.o
    0x08000a9a   0x08000a9a   0x00000002   PAD
    0x08000a9c   0x08000a9c   0x0000008c   Code   RO          112    .text._Z18SSD1306_DrawBitmapssPKhsst  oled.o
    0x08000b28   0x08000b28   0x0000013e   Code   RO          142    .text._Z18SSD1306_DrawCirclesss15SSD1306_COLOR_t  oled.o
    0x08000c66   0x08000c66   0x00000002   PAD
    0x08000c68   0x08000c68   0x00000044   Code   RO          138    .text._Z20SSD1306_DrawTriangletttttt15SSD1306_COLOR_t  oled.o
    0x08000cac   0x08000cac   0x0000004e   Code   RO          120    .text._Z20SSD1306_UpdateScreenv  oled.o
    0x08000cfa   0x08000cfa   0x00000002   PAD
    0x08000cfc   0x08000cfc   0x0000007e   Code   RO          134    .text._Z21SSD1306_DrawRectangletttt15SSD1306_COLOR_t  oled.o
    0x08000d7a   0x08000d7a   0x00000002   PAD
    0x08000d7c   0x08000d7c   0x00000012   Code   RO          122    .text._Z22ssd1306_I2C_WriteMultihhPct  oled.o
    0x08000d8e   0x08000d8e   0x00000002   PAD
    0x08000d90   0x08000d90   0x0000000c   Code   RO           26    .text._Z5Dalayi     delay.o
    0x08000d9c   0x08000d9c   0x00000020   Code   RO           53    .text._ZN13I2C_Direccion10I2C_InicioEv  i2c.o
    0x08000dbc   0x08000dbc   0x0000002c   Code   RO           65    .text._ZN13I2C_Direccion14I2C_WriteMultiEPch  i2c.o
    0x08000de8   0x08000de8   0x00000024   Code   RO           73    .text._ZN13I2C_Direccion15I2C_Enviar_DatoEhh  i2c.o
    0x08000e0c   0x08000e0c   0x0000001c   Code   RO           59    .text._ZN13I2C_Direccion17I2C_Escribir_DatoEh  i2c.o
    0x08000e28   0x08000e28   0x0000001c   Code   RO           57    .text._ZN13I2C_Direccion18I2C_Envio_RegistroEh  i2c.o
    0x08000e44   0x08000e44   0x00000020   Code   RO           55    .text._ZN13I2C_Direccion19I2C_Envio_DireccionEv  i2c.o
    0x08000e64   0x08000e64   0x0000002c   Code   RO           71    .text._ZN13I2C_Direccion38I2C_Enviar_Multiples_Datos_ConRegistroEhPch  i2c.o
    0x08000e90   0x08000e90   0x00000012   Code   RO           61    .text._ZN13I2C_Direccion8I2C_StopEv  i2c.o
    0x08000ea2   0x08000ea2   0x00000002   PAD
    0x08000ea4   0x08000ea4   0x00000004   Code   RO           37    .text._ZN13I2C_Direccion9getAdressEv  i2c.o
    0x08000ea8   0x08000ea8   0x00000004   Code   RO           39    .text._ZN13I2C_Direccion9setAdressEh  i2c.o
    0x08000eac   0x08000eac   0x00000254   Code   RO            4    .text.main          main.o
    0x08001100   0x08001100   0x0000001a   Code   RO          326    x$fpl$fpinit        fz_wm.l(fpinit.o)
    0x0800111a   0x0800111a   0x00000400   Data   RO            8    .rodata._ZL6horse1  main.o
    0x0800151a   0x0800151a   0x00000400   Data   RO            9    .rodata._ZL6horse2  main.o
    0x0800191a   0x0800191a   0x00000400   Data   RO           10    .rodata._ZL6horse3  main.o
    0x08001d1a   0x08001d1a   0x00000400   Data   RO           11    .rodata._ZL6horse4  main.o
    0x0800211a   0x0800211a   0x00000400   Data   RO           12    .rodata._ZL6horse5  main.o
    0x0800251a   0x0800251a   0x00000400   Data   RO           13    .rodata._ZL6horse6  main.o
    0x0800291a   0x0800291a   0x00000400   Data   RO           14    .rodata._ZL6horse7  main.o
    0x08002d1a   0x08002d1a   0x00000400   Data   RO           15    .rodata._ZL6horse8  main.o
    0x0800311a   0x0800311a   0x00000400   Data   RO           16    .rodata._ZL6horse9  main.o
    0x0800351a   0x0800351a   0x000001d0   Data   RO            7    .rodata._ZL7corazon  main.o
    0x080036ea   0x080036ea   0x00000400   Data   RO           17    .rodata._ZL7horse10  main.o
    0x08003aea   0x08003aea   0x0000076c   Data   RO           85    .rodata._ZL8Font7x10  fonts.o
    0x08004256   0x08004256   0x00000002   PAD
    0x08004258   0x08004258   0x00000020   Data   RO          401    Region$$Table       anon$$obj.o


    Execution Region ER_RW (Exec base: 0x20000000, Load base: 0x08004278, Size: 0x00000008, Max: 0xffffffff, ABSOLUTE)

    Exec Addr    Load Addr    Size         Type   Attr      Idx    E Section Name        Object

    0x20000000   0x08004278   0x00000008   Data   RW           86    .data.Font_7x10     fonts.o


    Execution Region ER_ZI (Exec base: 0x20000008, Load base: 0x08004280, Size: 0x00000a78, Max: 0xffffffff, ABSOLUTE)

    Exec Addr    Load Addr    Size         Type   Attr      Idx    E Section Name        Object

    0x20000008        -       0x00000060   Zero   RW          268    .bss                c_w.l(libspace.o)
    0x20000068        -       0x00000004   Zero   RW          154    .bss.SDD1306I2C     oled.o
    0x2000006c        -       0x00000400   Zero   RW          155    .bss._ZL14SSD1306_Buffer  oled.o
    0x2000046c        -       0x00000002   Zero   RW          156    .bss._ZL7SSD1306.0  oled.o
    0x2000046e        -       0x00000002   Zero   RW          157    .bss._ZL7SSD1306.1  oled.o
    0x20000470        -       0x00000001   Zero   RW          158    .bss._ZL7SSD1306.2  oled.o
    0x20000471        -       0x0000000a   Zero   RW            6    .bss.zz             main.o
    0x2000047b   0x08004280   0x00000005   PAD
    0x20000480        -       0x00000200   Zero   RW          167    HEAP                startup_stm32f401xe.o
    0x20000680        -       0x00000400   Zero   RW          166    STACK               startup_stm32f401xe.o


==============================================================================

Image component sizes


      Code (inc. data)   RO Data    RW Data    ZI Data      Debug   Object Name

        12          0          0          0          0       1594   delay.o
         0          0       1900          8          0       4328   fonts.o
       392          0          0          0          0       7664   i2c.o
       786         24      10704          0         10      11619   main.o
      1764          0          0          0       1033      23629   oled.o
        64         26        404          0       1536        896   startup_stm32f401xe.o
        18          0          0          0          0       2798   system_stm32f4xx.o

    ----------------------------------------------------------------------
      3064         50      13042          8       2584      52528   Object Totals
         0          0         32          0          0          0   (incl. Generated)
        28          0          2          0          5          0   (incl. Padding)

    ----------------------------------------------------------------------

      Code (inc. data)   RO Data    RW Data    ZI Data      Debug   Library Member Name

         8          0          0          0          0         68   __main.o
       104          0          0          0          0         84   __printf.o
         0          0          0          0          0          0   __rtentry.o
        12          0          0          0          0          0   __rtentry2.o
         6          0          0          0          0          0   __rtentry4.o
        52          8          0          0          0          0   __scatter.o
        26          0          0          0          0          0   __scatter_copy.o
        28          0          0          0          0          0   __scatter_zi.o
        48          6          0          0          0         96   _printf_char_common.o
         6          0          0          0          0          0   _printf_d.o
       120         16          0          0          0         92   _printf_dec.o
       178          0          0          0          0         88   _printf_intcommon.o
         0          0          0          0          0          0   _printf_percent.o
         4          0          0          0          0          0   _printf_percent_end.o
        10          0          0          0          0         68   _sputc.o
        16          0          0          0          0         68   aeabi_memset4.o
        18          0          0          0          0         80   exit.o
         6          0          0          0          0        152   heapauxi.o
         0          0          0          0          0          0   indicate_semi.o
         2          0          0          0          0          0   libinit.o
         6          0          0          0          0          0   libinit2.o
         2          0          0          0          0          0   libshutdown.o
         2          0          0          0          0          0   libshutdown2.o
         8          4          0          0         96         68   libspace.o
        40          6          0          0          0         84   noretval__2sprintf.o
        78          0          0          0          0         80   rt_memclr_w.o
         2          0          0          0          0          0   rtexit.o
        10          0          0          0          0          0   rtexit2.o
        12          4          0          0          0         68   sys_exit.o
        74          0          0          0          0         80   sys_stackheap_outer.o
         2          0          0          0          0         68   use_no_semi.o
        26          0          0          0          0        116   fpinit.o

    ----------------------------------------------------------------------
       910         44          0          0         96       1360   Library Totals
         4          0          0          0          0          0   (incl. Padding)

    ----------------------------------------------------------------------

      Code (inc. data)   RO Data    RW Data    ZI Data      Debug   Library Name

       880         44          0          0         96       1244   c_w.l
        26          0          0          0          0        116   fz_wm.l

    ----------------------------------------------------------------------
       910         44          0          0         96       1360   Library Totals

    ----------------------------------------------------------------------

==============================================================================


      Code (inc. data)   RO Data    RW Data    ZI Data      Debug   

      3974         94      13042          8       2680      53236   Grand Totals
      3974         94      13042          8       2680      53236   ELF Image Totals
      3974         94      13042          8          0          0   ROM Totals

==============================================================================

    Total RO  Size (Code + RO Data)                17016 (  16.62kB)
    Total RW  Size (RW Data + ZI Data)              2688 (   2.63kB)
    Total ROM Size (Code + RO Data + RW Data)      17024 (  16.63kB)

==============================================================================

